<html>
<body>
<pre>
<h1>µVision Build Log</h1>
<h2>Project:</h2>
S:\ese 519\GIT\EVM-2013\Routing\mRKv2.0\MRK.uvproj
Project File Date:  11/18/2013

<h2>Output:</h2>
Build target 'mbed NXP LPC1768'
compiling nrk_cpu.cpp...
compiling nrk_status.cpp...
compiling nrk.cpp...
compiling nrk_error.cpp...
mrk_uvision_lpc1768\mrk\NanoRk\src\kernel\source\nrk_error.cpp(165): warning:  #177-D: variable "i" was declared but never referenced
compiling nrk_events.cpp...
mrk_uvision_lpc1768\mrk\NanoRk\src\kernel\source\nrk_events.cpp(279): warning:  #177-D: variable "task_ID" was declared but never referenced
compiling nrk_idle_task.cpp...
mrk_uvision_lpc1768\mrk\NanoRk\src\kernel\source\nrk_idle_task.cpp(39): warning:  #177-D: variable "stkc" was declared but never referenced
compiling nrk_reserve.cpp...
compiling nrk_scheduler.cpp...
compiling nrk_stack_check.cpp...
compiling nrk_stats.cpp...
compiling hal_wait.cpp...
assembling my_asm.s...
mrk_uvision_lpc1768\mrk\my_asm.s(93): warning: A1581W: Added 2 bytes of padding at address 0x6a
compiling adc_driver.cpp...
mrk_uvision_lpc1768\mrk\NanoRk\src\drivers\platform\mbed\adc_driver.cpp(69): warning:  #68-D: integer conversion resulted in a change of sign
mrk_uvision_lpc1768\mrk\NanoRk\src\drivers\platform\mbed\adc_driver.cpp(73): warning:  #68-D: integer conversion resulted in a change of sign
mrk_uvision_lpc1768\mrk\NanoRk\src\drivers\platform\mbed\adc_driver.cpp(76): warning:  #68-D: integer conversion resulted in a change of sign
mrk_uvision_lpc1768\mrk\NanoRk\src\drivers\platform\mbed\adc_driver.cpp(96): warning:  #68-D: integer conversion resulted in a change of sign
mrk_uvision_lpc1768\mrk\NanoRk\src\drivers\platform\mbed\adc_driver.cpp(105): warning:  #68-D: integer conversion resulted in a change of sign
compiling ff_basic_sensor.cpp...
mrk_uvision_lpc1768\mrk\NanoRk\src\drivers\platform\mbed\ff_basic_sensor.cpp(68): warning:  #68-D: integer conversion resulted in a change of sign
mrk_uvision_lpc1768\mrk\NanoRk\src\drivers\platform\mbed\ff_basic_sensor.cpp(82): warning:  #68-D: integer conversion resulted in a change of sign
mrk_uvision_lpc1768\mrk\NanoRk\src\drivers\platform\mbed\ff_basic_sensor.cpp(86): warning:  #68-D: integer conversion resulted in a change of sign
mrk_uvision_lpc1768\mrk\NanoRk\src\drivers\platform\mbed\ff_basic_sensor.cpp(89): warning:  #68-D: integer conversion resulted in a change of sign
mrk_uvision_lpc1768\mrk\NanoRk\src\drivers\platform\mbed\ff_basic_sensor.cpp(170): warning:  #68-D: integer conversion resulted in a change of sign
mrk_uvision_lpc1768\mrk\NanoRk\src\drivers\platform\mbed\ff_basic_sensor.cpp(193): warning:  #68-D: integer conversion resulted in a change of sign
mrk_uvision_lpc1768\mrk\NanoRk\src\drivers\platform\mbed\ff_basic_sensor.cpp(209): warning:  #68-D: integer conversion resulted in a change of sign
mrk_uvision_lpc1768\mrk\NanoRk\src\drivers\platform\mbed\ff_basic_sensor.cpp(265): warning:  #1-D: last line of file ends without a newline
compiling nrk_driver.cpp...
mrk_uvision_lpc1768\mrk\NanoRk\src\kernel\source\nrk_driver.cpp(141): warning:  #186-D: pointless comparison of unsigned integer with zero
compiling bmac.cpp...
mrk_uvision_lpc1768\mrk\NanoRk\src\net\bmac\bmac.cpp(464): warning:  #550-D: variable "result" was set but never used
mrk_uvision_lpc1768\mrk\NanoRk\src\net\bmac\bmac.cpp(505): warning:  #177-D: variable "result" was declared but never referenced
mrk_uvision_lpc1768\mrk\NanoRk\src\net\bmac\bmac.cpp(557): warning:  #550-D: variable "e" was set but never used
mrk_uvision_lpc1768\mrk\NanoRk\src\net\bmac\bmac.cpp(558): warning:  #177-D: variable "backoff" was declared but never referenced
mrk_uvision_lpc1768\mrk\NanoRk\src\net\bmac\bmac.cpp(806): warning:  #1-D: last line of file ends without a newline
mrk_uvision_lpc1768\mrk\NanoRk\src\net\bmac\bmac.cpp(66): warning:  #550-D: variable "g_chan" was set but never used
mrk_uvision_lpc1768\mrk\NanoRk\src\net\bmac\bmac.cpp(72): warning:  #550-D: variable "tx_reserve" was set but never used
compiling basic_rf.cpp...
mrk_uvision_lpc1768\mrk\NanoRk\src\radio\mrf24j40\source\basic_rf.cpp(337): warning:  #61-D: integer operation result is out of range
mrk_uvision_lpc1768\mrk\NanoRk\src\radio\mrf24j40\source\basic_rf.cpp(337): warning:  #68-D: integer conversion resulted in a change of sign
compiling MRF24J40.cpp...
compiling gateway.cpp...
gateway.cpp(207): warning:  #550-D: variable "val" was set but never used
gateway.cpp(315): warning:  #177-D: variable "i" was declared but never referenced
gateway.cpp(317): warning:  #177-D: variable "recSequence" was declared but never referenced
gateway.cpp(336): warning:  #550-D: variable "val" was set but never used
gateway.cpp(378): warning:  #177-D: variable "node_id" was declared but never referenced
gateway.cpp(422): warning:  #177-D: variable "from" was declared but never referenced
gateway.cpp(422): warning:  #177-D: variable "received_round" was declared but never referenced
gateway.cpp(423): warning:  #177-D: variable "i" was declared but never referenced
gateway.cpp(423): warning:  #177-D: variable "r" was declared but never referenced
gateway.cpp(423): warning:  #177-D: variable "fromMole" was declared but never referenced
gateway.cpp(426): warning:  #177-D: variable "val" was declared but never referenced
gateway.cpp(480): warning:  #177-D: variable "val" was declared but never referenced
gateway.cpp(480): warning:  #177-D: variable "sequenceNumber" was declared but never referenced
gateway.cpp(481): warning:  #177-D: variable "r_period" was declared but never referenced
gateway.cpp(504): warning:  #550-D: variable "status" was set but never used
linking...
Program Size: Code=31678 RO-data=1546 RW-data=352 ZI-data=36744  
After Build - User command #1: fromelf --bin -o E:\MRK.bin .\build\MRK.axf
Error: Q0108E: Could not create output file 'E:\MRK.bin': No such file or directory
Finished: 0 information, 0 warning and 1 error messages.
".\build\MRK.axf" - 0 Errors, 42 Warning(s).
Build target 'mbed NXP LPC1768'
linking...
Program Size: Code=31678 RO-data=1546 RW-data=352 ZI-data=36744  
After Build - User command #1: fromelf --bin -o E:\MRK.bin .\build\MRK.axf
".\build\MRK.axf" - 0 Errors, 0 Warning(s).
Build target 'mbed NXP LPC1768'
compiling gateway.cpp...
gateway.cpp(207): warning:  #550-D: variable "val" was set but never used
gateway.cpp(315): warning:  #177-D: variable "i" was declared but never referenced
gateway.cpp(317): warning:  #177-D: variable "recSequence" was declared but never referenced
gateway.cpp(336): warning:  #550-D: variable "val" was set but never used
gateway.cpp(378): warning:  #177-D: variable "node_id" was declared but never referenced
gateway.cpp(422): warning:  #177-D: variable "from" was declared but never referenced
gateway.cpp(422): warning:  #177-D: variable "received_round" was declared but never referenced
gateway.cpp(423): warning:  #177-D: variable "i" was declared but never referenced
gateway.cpp(423): warning:  #177-D: variable "r" was declared but never referenced
gateway.cpp(423): warning:  #177-D: variable "fromMole" was declared but never referenced
gateway.cpp(426): warning:  #177-D: variable "val" was declared but never referenced
gateway.cpp(480): warning:  #177-D: variable "val" was declared but never referenced
gateway.cpp(480): warning:  #177-D: variable "sequenceNumber" was declared but never referenced
gateway.cpp(481): warning:  #177-D: variable "r_period" was declared but never referenced
gateway.cpp(504): warning:  #550-D: variable "status" was set but never used
linking...
Program Size: Code=31682 RO-data=1546 RW-data=352 ZI-data=36744  
After Build - User command #1: fromelf --bin -o E:\MRK.bin .\build\MRK.axf
".\build\MRK.axf" - 0 Errors, 15 Warning(s).
Build target 'mbed NXP LPC1768'
compiling gateway.cpp...
gateway.cpp(207): warning:  #550-D: variable "val" was set but never used
gateway.cpp(315): warning:  #177-D: variable "i" was declared but never referenced
gateway.cpp(317): warning:  #177-D: variable "recSequence" was declared but never referenced
gateway.cpp(336): warning:  #550-D: variable "val" was set but never used
gateway.cpp(378): warning:  #177-D: variable "node_id" was declared but never referenced
gateway.cpp(422): warning:  #177-D: variable "from" was declared but never referenced
gateway.cpp(422): warning:  #177-D: variable "received_round" was declared but never referenced
gateway.cpp(423): warning:  #177-D: variable "i" was declared but never referenced
gateway.cpp(423): warning:  #177-D: variable "r" was declared but never referenced
gateway.cpp(423): warning:  #177-D: variable "fromMole" was declared but never referenced
gateway.cpp(426): warning:  #177-D: variable "val" was declared but never referenced
gateway.cpp(480): warning:  #177-D: variable "val" was declared but never referenced
gateway.cpp(480): warning:  #177-D: variable "sequenceNumber" was declared but never referenced
gateway.cpp(481): warning:  #177-D: variable "r_period" was declared but never referenced
gateway.cpp(504): warning:  #550-D: variable "status" was set but never used
linking...
Program Size: Code=31682 RO-data=1546 RW-data=352 ZI-data=36744  
After Build - User command #1: fromelf --bin -o F:\MRK.bin .\build\MRK.axf
".\build\MRK.axf" - 0 Errors, 15 Warning(s).
Build target 'mbed NXP LPC1768'
linking...
Program Size: Code=31682 RO-data=1546 RW-data=352 ZI-data=36744  
After Build - User command #1: fromelf --bin -o F:\MRK.bin .\build\MRK.axf
".\build\MRK.axf" - 0 Errors, 0 Warning(s).
Build target 'mbed NXP LPC1768'
compiling gateway.cpp...
gateway.cpp(207): warning:  #550-D: variable "val" was set but never used
gateway.cpp(315): warning:  #177-D: variable "i" was declared but never referenced
gateway.cpp(317): warning:  #177-D: variable "recSequence" was declared but never referenced
gateway.cpp(336): warning:  #550-D: variable "val" was set but never used
gateway.cpp(378): warning:  #177-D: variable "node_id" was declared but never referenced
gateway.cpp(422): warning:  #177-D: variable "from" was declared but never referenced
gateway.cpp(422): warning:  #177-D: variable "received_round" was declared but never referenced
gateway.cpp(423): warning:  #177-D: variable "i" was declared but never referenced
gateway.cpp(423): warning:  #177-D: variable "r" was declared but never referenced
gateway.cpp(423): warning:  #177-D: variable "fromMole" was declared but never referenced
gateway.cpp(426): warning:  #177-D: variable "val" was declared but never referenced
gateway.cpp(480): warning:  #177-D: variable "val" was declared but never referenced
gateway.cpp(480): warning:  #177-D: variable "sequenceNumber" was declared but never referenced
gateway.cpp(481): warning:  #177-D: variable "r_period" was declared but never referenced
gateway.cpp(504): warning:  #550-D: variable "status" was set but never used
linking...
Program Size: Code=31682 RO-data=1546 RW-data=352 ZI-data=36744  
After Build - User command #1: fromelf --bin -o E:\MRK.bin .\build\MRK.axf
".\build\MRK.axf" - 0 Errors, 15 Warning(s).
Build target 'mbed NXP LPC1768'
linking...
Program Size: Code=31682 RO-data=1546 RW-data=352 ZI-data=36744  
After Build - User command #1: fromelf --bin -o E:\MRK.bin .\build\MRK.axf
".\build\MRK.axf" - 0 Errors, 0 Warning(s).
Build target 'mbed NXP LPC1768'
compiling gateway.cpp...
gateway.cpp(208): warning:  #550-D: variable "val" was set but never used
gateway.cpp(316): warning:  #177-D: variable "i" was declared but never referenced
gateway.cpp(318): warning:  #177-D: variable "recSequence" was declared but never referenced
gateway.cpp(337): warning:  #550-D: variable "val" was set but never used
gateway.cpp(379): warning:  #177-D: variable "node_id" was declared but never referenced
gateway.cpp(423): warning:  #177-D: variable "from" was declared but never referenced
gateway.cpp(423): warning:  #177-D: variable "received_round" was declared but never referenced
gateway.cpp(424): warning:  #177-D: variable "i" was declared but never referenced
gateway.cpp(424): warning:  #177-D: variable "r" was declared but never referenced
gateway.cpp(424): warning:  #177-D: variable "fromMole" was declared but never referenced
gateway.cpp(427): warning:  #177-D: variable "val" was declared but never referenced
gateway.cpp(481): warning:  #177-D: variable "val" was declared but never referenced
gateway.cpp(481): warning:  #177-D: variable "sequenceNumber" was declared but never referenced
gateway.cpp(482): warning:  #177-D: variable "r_period" was declared but never referenced
gateway.cpp(505): warning:  #550-D: variable "status" was set but never used
linking...
Program Size: Code=31682 RO-data=1546 RW-data=352 ZI-data=36744  
After Build - User command #1: fromelf --bin -o E:\MRK.bin .\build\MRK.axf
".\build\MRK.axf" - 0 Errors, 15 Warning(s).
Build target 'mbed NXP LPC1768'
compiling gateway.cpp...
gateway.cpp(208): warning:  #550-D: variable "val" was set but never used
gateway.cpp(316): warning:  #177-D: variable "i" was declared but never referenced
gateway.cpp(318): warning:  #177-D: variable "recSequence" was declared but never referenced
gateway.cpp(337): warning:  #550-D: variable "val" was set but never used
gateway.cpp(379): warning:  #177-D: variable "node_id" was declared but never referenced
gateway.cpp(423): warning:  #177-D: variable "from" was declared but never referenced
gateway.cpp(423): warning:  #177-D: variable "received_round" was declared but never referenced
gateway.cpp(424): warning:  #177-D: variable "i" was declared but never referenced
gateway.cpp(424): warning:  #177-D: variable "r" was declared but never referenced
gateway.cpp(424): warning:  #177-D: variable "fromMole" was declared but never referenced
gateway.cpp(427): warning:  #177-D: variable "val" was declared but never referenced
gateway.cpp(481): warning:  #177-D: variable "val" was declared but never referenced
gateway.cpp(481): warning:  #177-D: variable "sequenceNumber" was declared but never referenced
gateway.cpp(482): warning:  #177-D: variable "r_period" was declared but never referenced
gateway.cpp(505): warning:  #550-D: variable "status" was set but never used
linking...
Program Size: Code=31686 RO-data=1546 RW-data=352 ZI-data=36744  
After Build - User command #1: fromelf --bin -o F:\MRK.bin .\build\MRK.axf
".\build\MRK.axf" - 0 Errors, 15 Warning(s).
Build target 'mbed NXP LPC1768'
compiling gateway.cpp...
gateway.cpp(208): warning:  #550-D: variable "val" was set but never used
gateway.cpp(316): warning:  #177-D: variable "i" was declared but never referenced
gateway.cpp(318): warning:  #177-D: variable "recSequence" was declared but never referenced
gateway.cpp(337): warning:  #550-D: variable "val" was set but never used
gateway.cpp(379): warning:  #177-D: variable "node_id" was declared but never referenced
gateway.cpp(423): warning:  #177-D: variable "from" was declared but never referenced
gateway.cpp(423): warning:  #177-D: variable "received_round" was declared but never referenced
gateway.cpp(424): warning:  #177-D: variable "i" was declared but never referenced
gateway.cpp(424): warning:  #177-D: variable "r" was declared but never referenced
gateway.cpp(424): warning:  #177-D: variable "fromMole" was declared but never referenced
gateway.cpp(427): warning:  #177-D: variable "val" was declared but never referenced
gateway.cpp(481): warning:  #177-D: variable "val" was declared but never referenced
gateway.cpp(481): warning:  #177-D: variable "sequenceNumber" was declared but never referenced
gateway.cpp(482): warning:  #177-D: variable "r_period" was declared but never referenced
gateway.cpp(505): warning:  #550-D: variable "status" was set but never used
linking...
Program Size: Code=31686 RO-data=1546 RW-data=352 ZI-data=36744  
After Build - User command #1: fromelf --bin -o G:\MRK.bin .\build\MRK.axf
".\build\MRK.axf" - 0 Errors, 15 Warning(s).
Build target 'mbed NXP LPC1768'
linking...
Program Size: Code=31686 RO-data=1546 RW-data=352 ZI-data=36744  
After Build - User command #1: fromelf --bin -o G:\MRK.bin .\build\MRK.axf
".\build\MRK.axf" - 0 Errors, 0 Warning(s).
Build target 'mbed NXP LPC1768'
compiling gateway.cpp...
gateway.cpp(212): warning:  #550-D: variable "val" was set but never used
gateway.cpp(320): warning:  #177-D: variable "i" was declared but never referenced
gateway.cpp(322): warning:  #177-D: variable "recSequence" was declared but never referenced
gateway.cpp(341): warning:  #550-D: variable "val" was set but never used
gateway.cpp(383): warning:  #177-D: variable "node_id" was declared but never referenced
gateway.cpp(427): warning:  #177-D: variable "from" was declared but never referenced
gateway.cpp(427): warning:  #177-D: variable "received_round" was declared but never referenced
gateway.cpp(428): warning:  #177-D: variable "i" was declared but never referenced
gateway.cpp(428): warning:  #177-D: variable "r" was declared but never referenced
gateway.cpp(428): warning:  #177-D: variable "fromMole" was declared but never referenced
gateway.cpp(431): warning:  #177-D: variable "val" was declared but never referenced
gateway.cpp(484): warning:  #550-D: variable "txMessage" was set but never used
gateway.cpp(486): warning:  #550-D: variable "val" was set but never used
gateway.cpp(486): warning:  #177-D: variable "sequenceNumber" was declared but never referenced
gateway.cpp(487): warning:  #550-D: variable "temp_Value" was set but never used
gateway.cpp(488): warning:  #177-D: variable "r_period" was declared but never referenced
gateway.cpp(523): warning:  #550-D: variable "val" was set but never used
gateway.cpp(535): warning:  #550-D: variable "val" was set but never used
gateway.cpp(557): warning:  #550-D: variable "val" was set but never used
gateway.cpp(572): warning:  #550-D: variable "status" was set but never used
linking...
Program Size: Code=32492 RO-data=1576 RW-data=376 ZI-data=36772  
After Build - User command #1: fromelf --bin -o G:\MRK.bin .\build\MRK.axf
".\build\MRK.axf" - 0 Errors, 20 Warning(s).
Build target 'mbed NXP LPC1768'
compiling gateway.cpp...
gateway.cpp(212): warning:  #550-D: variable "val" was set but never used
gateway.cpp(320): warning:  #177-D: variable "i" was declared but never referenced
gateway.cpp(322): warning:  #177-D: variable "recSequence" was declared but never referenced
gateway.cpp(341): warning:  #550-D: variable "val" was set but never used
gateway.cpp(383): warning:  #177-D: variable "node_id" was declared but never referenced
gateway.cpp(427): warning:  #177-D: variable "from" was declared but never referenced
gateway.cpp(427): warning:  #177-D: variable "received_round" was declared but never referenced
gateway.cpp(428): warning:  #177-D: variable "i" was declared but never referenced
gateway.cpp(428): warning:  #177-D: variable "r" was declared but never referenced
gateway.cpp(428): warning:  #177-D: variable "fromMole" was declared but never referenced
gateway.cpp(431): warning:  #177-D: variable "val" was declared but never referenced
gateway.cpp(512): error:  #167: argument of type "std::uint16_t" is incompatible with parameter of type "const void *"
gateway.cpp(513): error:  #167: argument of type "std::uint16_t" is incompatible with parameter of type "const void *"
gateway.cpp(522): error:  #20: identifier "route_to_Gateway" is undefined
gateway.cpp(487): warning:  #177-D: variable "val" was declared but never referenced
gateway.cpp(489): warning:  #177-D: variable "r_period" was declared but never referenced
gateway.cpp(533): warning:  #550-D: variable "val" was set but never used
gateway.cpp(545): warning:  #550-D: variable "val" was set but never used
gateway.cpp(574): error:  #20: identifier "val" is undefined
gateway.cpp(565): warning:  #177-D: variable "i" was declared but never referenced
gateway.cpp(584): warning:  #550-D: variable "status" was set but never used
".\build\MRK.axf" - 4 Errors, 17 Warning(s).
Target not created
Build target 'mbed NXP LPC1768'
compiling gateway.cpp...
gateway.cpp(212): warning:  #550-D: variable "val" was set but never used
gateway.cpp(320): warning:  #177-D: variable "i" was declared but never referenced
gateway.cpp(322): warning:  #177-D: variable "recSequence" was declared but never referenced
gateway.cpp(341): warning:  #550-D: variable "val" was set but never used
gateway.cpp(383): warning:  #177-D: variable "node_id" was declared but never referenced
gateway.cpp(427): warning:  #177-D: variable "from" was declared but never referenced
gateway.cpp(427): warning:  #177-D: variable "received_round" was declared but never referenced
gateway.cpp(428): warning:  #177-D: variable "i" was declared but never referenced
gateway.cpp(428): warning:  #177-D: variable "r" was declared but never referenced
gateway.cpp(428): warning:  #177-D: variable "fromMole" was declared but never referenced
gateway.cpp(431): warning:  #177-D: variable "val" was declared but never referenced
gateway.cpp(522): error:  #20: identifier "route_to_Gateway" is undefined
gateway.cpp(487): warning:  #177-D: variable "val" was declared but never referenced
gateway.cpp(489): warning:  #177-D: variable "r_period" was declared but never referenced
gateway.cpp(533): warning:  #550-D: variable "val" was set but never used
gateway.cpp(545): warning:  #550-D: variable "val" was set but never used
gateway.cpp(574): error:  #20: identifier "val" is undefined
gateway.cpp(565): warning:  #177-D: variable "i" was declared but never referenced
gateway.cpp(584): warning:  #550-D: variable "status" was set but never used
".\build\MRK.axf" - 2 Errors, 17 Warning(s).
Target not created
Build target 'mbed NXP LPC1768'
compiling gateway.cpp...
gateway.cpp(213): warning:  #550-D: variable "val" was set but never used
gateway.cpp(321): warning:  #177-D: variable "i" was declared but never referenced
gateway.cpp(323): warning:  #177-D: variable "recSequence" was declared but never referenced
gateway.cpp(342): warning:  #550-D: variable "val" was set but never used
gateway.cpp(384): warning:  #177-D: variable "node_id" was declared but never referenced
gateway.cpp(428): warning:  #177-D: variable "from" was declared but never referenced
gateway.cpp(428): warning:  #177-D: variable "received_round" was declared but never referenced
gateway.cpp(429): warning:  #177-D: variable "i" was declared but never referenced
gateway.cpp(429): warning:  #177-D: variable "r" was declared but never referenced
gateway.cpp(429): warning:  #177-D: variable "fromMole" was declared but never referenced
gateway.cpp(432): warning:  #177-D: variable "val" was declared but never referenced
gateway.cpp(488): warning:  #177-D: variable "val" was declared but never referenced
gateway.cpp(490): warning:  #177-D: variable "r_period" was declared but never referenced
gateway.cpp(534): warning:  #550-D: variable "val" was set but never used
gateway.cpp(546): warning:  #550-D: variable "val" was set but never used
gateway.cpp(575): error:  #20: identifier "val" is undefined
gateway.cpp(566): warning:  #177-D: variable "i" was declared but never referenced
gateway.cpp(585): warning:  #550-D: variable "status" was set but never used
".\build\MRK.axf" - 1 Errors, 17 Warning(s).
Target not created
Build target 'mbed NXP LPC1768'
compiling gateway.cpp...
gateway.cpp(213): warning:  #550-D: variable "val" was set but never used
gateway.cpp(321): warning:  #177-D: variable "i" was declared but never referenced
gateway.cpp(323): warning:  #177-D: variable "recSequence" was declared but never referenced
gateway.cpp(342): warning:  #550-D: variable "val" was set but never used
gateway.cpp(384): warning:  #177-D: variable "node_id" was declared but never referenced
gateway.cpp(428): warning:  #177-D: variable "from" was declared but never referenced
gateway.cpp(428): warning:  #177-D: variable "received_round" was declared but never referenced
gateway.cpp(429): warning:  #177-D: variable "i" was declared but never referenced
gateway.cpp(429): warning:  #177-D: variable "r" was declared but never referenced
gateway.cpp(429): warning:  #177-D: variable "fromMole" was declared but never referenced
gateway.cpp(432): warning:  #177-D: variable "val" was declared but never referenced
gateway.cpp(488): warning:  #177-D: variable "val" was declared but never referenced
gateway.cpp(490): warning:  #177-D: variable "r_period" was declared but never referenced
gateway.cpp(534): warning:  #550-D: variable "val" was set but never used
gateway.cpp(546): warning:  #550-D: variable "val" was set but never used
gateway.cpp(566): warning:  #177-D: variable "i" was declared but never referenced
gateway.cpp(566): warning:  #550-D: variable "val" was set but never used
gateway.cpp(585): warning:  #550-D: variable "status" was set but never used
gateway.cpp(488): warning: C4017W: sequenceNumber may be used before being set
linking...
Program Size: Code=32492 RO-data=1576 RW-data=376 ZI-data=36744  
After Build - User command #1: fromelf --bin -o G:\MRK.bin .\build\MRK.axf
".\build\MRK.axf" - 0 Errors, 19 Warning(s).
Build target 'mbed NXP LPC1768'
compiling gateway.cpp...
gateway.cpp(185): error:  #20: identifier "send_ack" is undefined
gateway.cpp(171): warning:  #177-D: variable "data" was declared but never referenced
gateway.cpp(191): warning:  #177-D: variable "val" was declared but never referenced
gateway.cpp(245): warning:  #550-D: variable "val" was set but never used
gateway.cpp(353): warning:  #177-D: variable "i" was declared but never referenced
gateway.cpp(355): warning:  #177-D: variable "recSequence" was declared but never referenced
gateway.cpp(374): warning:  #550-D: variable "val" was set but never used
gateway.cpp(416): warning:  #177-D: variable "node_id" was declared but never referenced
gateway.cpp(460): warning:  #177-D: variable "from" was declared but never referenced
gateway.cpp(460): warning:  #177-D: variable "received_round" was declared but never referenced
gateway.cpp(461): warning:  #177-D: variable "i" was declared but never referenced
gateway.cpp(461): warning:  #177-D: variable "r" was declared but never referenced
gateway.cpp(461): warning:  #177-D: variable "fromMole" was declared but never referenced
gateway.cpp(464): warning:  #177-D: variable "val" was declared but never referenced
gateway.cpp(557): warning:  #111-D: statement is unreachable
gateway.cpp(540): warning:  #177-D: variable "val" was declared but never referenced
gateway.cpp(542): warning:  #177-D: variable "r_period" was declared but never referenced
gateway.cpp(599): warning:  #550-D: variable "val" was set but never used
gateway.cpp(611): warning:  #550-D: variable "val" was set but never used
gateway.cpp(631): warning:  #177-D: variable "i" was declared but never referenced
gateway.cpp(631): warning:  #550-D: variable "val" was set but never used
gateway.cpp(653): warning:  #550-D: variable "status" was set but never used
".\build\MRK.axf" - 1 Errors, 21 Warning(s).
Target not created
Build target 'mbed NXP LPC1768'
compiling gateway.cpp...
gateway.cpp(171): warning:  #177-D: variable "data" was declared but never referenced
gateway.cpp(191): warning:  #177-D: variable "val" was declared but never referenced
gateway.cpp(245): warning:  #550-D: variable "val" was set but never used
gateway.cpp(353): warning:  #177-D: variable "i" was declared but never referenced
gateway.cpp(355): warning:  #177-D: variable "recSequence" was declared but never referenced
gateway.cpp(374): warning:  #550-D: variable "val" was set but never used
gateway.cpp(416): warning:  #177-D: variable "node_id" was declared but never referenced
gateway.cpp(460): warning:  #177-D: variable "from" was declared but never referenced
gateway.cpp(460): warning:  #177-D: variable "received_round" was declared but never referenced
gateway.cpp(461): warning:  #177-D: variable "i" was declared but never referenced
gateway.cpp(461): warning:  #177-D: variable "r" was declared but never referenced
gateway.cpp(461): warning:  #177-D: variable "fromMole" was declared but never referenced
gateway.cpp(464): warning:  #177-D: variable "val" was declared but never referenced
gateway.cpp(557): warning:  #111-D: statement is unreachable
gateway.cpp(540): warning:  #177-D: variable "val" was declared but never referenced
gateway.cpp(542): warning:  #177-D: variable "r_period" was declared but never referenced
gateway.cpp(599): warning:  #550-D: variable "val" was set but never used
gateway.cpp(611): warning:  #550-D: variable "val" was set but never used
gateway.cpp(631): warning:  #177-D: variable "i" was declared but never referenced
gateway.cpp(631): warning:  #550-D: variable "val" was set but never used
gateway.cpp(653): warning:  #550-D: variable "status" was set but never used
linking...
Program Size: Code=32868 RO-data=1576 RW-data=368 ZI-data=37284  
After Build - User command #1: fromelf --bin -o G:\MRK.bin .\build\MRK.axf
".\build\MRK.axf" - 0 Errors, 21 Warning(s).
Build target 'mbed NXP LPC1768'
compiling gateway.cpp...
gateway.cpp(171): warning:  #177-D: variable "data" was declared but never referenced
gateway.cpp(191): warning:  #177-D: variable "val" was declared but never referenced
gateway.cpp(245): warning:  #550-D: variable "val" was set but never used
gateway.cpp(353): warning:  #177-D: variable "i" was declared but never referenced
gateway.cpp(355): warning:  #177-D: variable "recSequence" was declared but never referenced
gateway.cpp(374): warning:  #550-D: variable "val" was set but never used
gateway.cpp(416): warning:  #177-D: variable "node_id" was declared but never referenced
gateway.cpp(460): warning:  #177-D: variable "from" was declared but never referenced
gateway.cpp(460): warning:  #177-D: variable "received_round" was declared but never referenced
gateway.cpp(461): warning:  #177-D: variable "i" was declared but never referenced
gateway.cpp(461): warning:  #177-D: variable "r" was declared but never referenced
gateway.cpp(461): warning:  #177-D: variable "fromMole" was declared but never referenced
gateway.cpp(464): warning:  #177-D: variable "val" was declared but never referenced
gateway.cpp(540): warning:  #177-D: variable "val" was declared but never referenced
gateway.cpp(542): warning:  #177-D: variable "r_period" was declared but never referenced
gateway.cpp(599): warning:  #550-D: variable "val" was set but never used
gateway.cpp(611): warning:  #550-D: variable "val" was set but never used
gateway.cpp(631): warning:  #177-D: variable "i" was declared but never referenced
gateway.cpp(631): warning:  #550-D: variable "val" was set but never used
gateway.cpp(653): warning:  #550-D: variable "status" was set but never used
gateway.cpp(540): warning: C4017W: sequenceNumber may be used before being set
linking...
Program Size: Code=33388 RO-data=1576 RW-data=368 ZI-data=37284  
After Build - User command #1: fromelf --bin -o F:\MRK.bin .\build\MRK.axf
".\build\MRK.axf" - 0 Errors, 21 Warning(s).
Build target 'mbed NXP LPC1768'
compiling gateway.cpp...
gateway.cpp(171): warning:  #177-D: variable "data" was declared but never referenced
gateway.cpp(191): warning:  #177-D: variable "val" was declared but never referenced
gateway.cpp(245): warning:  #550-D: variable "val" was set but never used
gateway.cpp(353): warning:  #177-D: variable "i" was declared but never referenced
gateway.cpp(355): warning:  #177-D: variable "recSequence" was declared but never referenced
gateway.cpp(374): warning:  #550-D: variable "val" was set but never used
gateway.cpp(416): warning:  #177-D: variable "node_id" was declared but never referenced
gateway.cpp(460): warning:  #177-D: variable "from" was declared but never referenced
gateway.cpp(460): warning:  #177-D: variable "received_round" was declared but never referenced
gateway.cpp(461): warning:  #177-D: variable "i" was declared but never referenced
gateway.cpp(461): warning:  #177-D: variable "r" was declared but never referenced
gateway.cpp(461): warning:  #177-D: variable "fromMole" was declared but never referenced
gateway.cpp(464): warning:  #177-D: variable "val" was declared but never referenced
gateway.cpp(540): warning:  #177-D: variable "val" was declared but never referenced
gateway.cpp(542): warning:  #177-D: variable "r_period" was declared but never referenced
gateway.cpp(599): warning:  #550-D: variable "val" was set but never used
gateway.cpp(611): warning:  #550-D: variable "val" was set but never used
gateway.cpp(631): warning:  #177-D: variable "i" was declared but never referenced
gateway.cpp(631): warning:  #550-D: variable "val" was set but never used
gateway.cpp(653): warning:  #550-D: variable "status" was set but never used
gateway.cpp(540): warning: C4017W: sequenceNumber may be used before being set
linking...
Program Size: Code=33384 RO-data=1576 RW-data=368 ZI-data=37284  
After Build - User command #1: fromelf --bin -o E:\MRK.bin .\build\MRK.axf
".\build\MRK.axf" - 0 Errors, 21 Warning(s).
Build target 'mbed NXP LPC1768'
compiling gateway.cpp...
gateway.cpp(171): warning:  #177-D: variable "data" was declared but never referenced
gateway.cpp(191): warning:  #177-D: variable "val" was declared but never referenced
gateway.cpp(245): warning:  #550-D: variable "val" was set but never used
gateway.cpp(353): warning:  #177-D: variable "i" was declared but never referenced
gateway.cpp(355): warning:  #177-D: variable "recSequence" was declared but never referenced
gateway.cpp(374): warning:  #550-D: variable "val" was set but never used
gateway.cpp(416): warning:  #177-D: variable "node_id" was declared but never referenced
gateway.cpp(460): warning:  #177-D: variable "from" was declared but never referenced
gateway.cpp(460): warning:  #177-D: variable "received_round" was declared but never referenced
gateway.cpp(461): warning:  #177-D: variable "i" was declared but never referenced
gateway.cpp(461): warning:  #177-D: variable "r" was declared but never referenced
gateway.cpp(461): warning:  #177-D: variable "fromMole" was declared but never referenced
gateway.cpp(464): warning:  #177-D: variable "val" was declared but never referenced
gateway.cpp(557): warning:  #111-D: statement is unreachable
gateway.cpp(540): warning:  #177-D: variable "val" was declared but never referenced
gateway.cpp(542): warning:  #177-D: variable "r_period" was declared but never referenced
gateway.cpp(599): warning:  #550-D: variable "val" was set but never used
gateway.cpp(611): warning:  #550-D: variable "val" was set but never used
gateway.cpp(631): warning:  #177-D: variable "i" was declared but never referenced
gateway.cpp(631): warning:  #550-D: variable "val" was set but never used
gateway.cpp(653): warning:  #550-D: variable "status" was set but never used
linking...
Program Size: Code=32868 RO-data=1576 RW-data=368 ZI-data=37284  
After Build - User command #1: fromelf --bin -o E:\MRK.bin .\build\MRK.axf
".\build\MRK.axf" - 0 Errors, 21 Warning(s).
Build target 'mbed NXP LPC1768'
linking...
Program Size: Code=32868 RO-data=1576 RW-data=368 ZI-data=37284  
After Build - User command #1: fromelf --bin -o E:\MRK.bin .\build\MRK.axf
".\build\MRK.axf" - 0 Errors, 0 Warning(s).
Build target 'mbed NXP LPC1768'
compiling gateway.cpp...
gateway.cpp(171): warning:  #177-D: variable "data" was declared but never referenced
gateway.cpp(191): warning:  #177-D: variable "val" was declared but never referenced
gateway.cpp(245): warning:  #550-D: variable "val" was set but never used
gateway.cpp(353): warning:  #177-D: variable "i" was declared but never referenced
gateway.cpp(355): warning:  #177-D: variable "recSequence" was declared but never referenced
gateway.cpp(374): warning:  #550-D: variable "val" was set but never used
gateway.cpp(416): warning:  #177-D: variable "node_id" was declared but never referenced
gateway.cpp(460): warning:  #177-D: variable "from" was declared but never referenced
gateway.cpp(460): warning:  #177-D: variable "received_round" was declared but never referenced
gateway.cpp(461): warning:  #177-D: variable "i" was declared but never referenced
gateway.cpp(461): warning:  #177-D: variable "r" was declared but never referenced
gateway.cpp(461): warning:  #177-D: variable "fromMole" was declared but never referenced
gateway.cpp(464): warning:  #177-D: variable "val" was declared but never referenced
gateway.cpp(540): warning:  #177-D: variable "val" was declared but never referenced
gateway.cpp(542): warning:  #177-D: variable "r_period" was declared but never referenced
gateway.cpp(599): warning:  #550-D: variable "val" was set but never used
gateway.cpp(611): warning:  #550-D: variable "val" was set but never used
gateway.cpp(631): warning:  #177-D: variable "i" was declared but never referenced
gateway.cpp(631): warning:  #550-D: variable "val" was set but never used
gateway.cpp(653): warning:  #550-D: variable "status" was set but never used
gateway.cpp(540): warning: C4017W: sequenceNumber may be used before being set
linking...
Program Size: Code=33388 RO-data=1576 RW-data=368 ZI-data=37284  
After Build - User command #1: fromelf --bin -o F:\MRK.bin .\build\MRK.axf
".\build\MRK.axf" - 0 Errors, 21 Warning(s).
Build target 'mbed NXP LPC1768'
compiling gateway.cpp...
gateway.cpp(171): warning:  #177-D: variable "data" was declared but never referenced
gateway.cpp(191): warning:  #177-D: variable "val" was declared but never referenced
gateway.cpp(245): warning:  #550-D: variable "val" was set but never used
gateway.cpp(353): warning:  #177-D: variable "i" was declared but never referenced
gateway.cpp(355): warning:  #177-D: variable "recSequence" was declared but never referenced
gateway.cpp(374): warning:  #550-D: variable "val" was set but never used
gateway.cpp(416): warning:  #177-D: variable "node_id" was declared but never referenced
gateway.cpp(460): warning:  #177-D: variable "from" was declared but never referenced
gateway.cpp(460): warning:  #177-D: variable "received_round" was declared but never referenced
gateway.cpp(461): warning:  #177-D: variable "i" was declared but never referenced
gateway.cpp(461): warning:  #177-D: variable "r" was declared but never referenced
gateway.cpp(461): warning:  #177-D: variable "fromMole" was declared but never referenced
gateway.cpp(464): warning:  #177-D: variable "val" was declared but never referenced
gateway.cpp(540): warning:  #177-D: variable "val" was declared but never referenced
gateway.cpp(542): warning:  #177-D: variable "r_period" was declared but never referenced
gateway.cpp(599): warning:  #550-D: variable "val" was set but never used
gateway.cpp(611): warning:  #550-D: variable "val" was set but never used
gateway.cpp(631): warning:  #177-D: variable "i" was declared but never referenced
gateway.cpp(631): warning:  #550-D: variable "val" was set but never used
gateway.cpp(653): warning:  #550-D: variable "status" was set but never used
gateway.cpp(540): warning: C4017W: sequenceNumber may be used before being set
linking...
Program Size: Code=33384 RO-data=1576 RW-data=368 ZI-data=37284  
After Build - User command #1: fromelf --bin -o G:\MRK.bin .\build\MRK.axf
".\build\MRK.axf" - 0 Errors, 21 Warning(s).
Build target 'mbed NXP LPC1768'
compiling gateway.cpp...
gateway.cpp(171): warning:  #177-D: variable "data" was declared but never referenced
gateway.cpp(191): warning:  #177-D: variable "val" was declared but never referenced
gateway.cpp(245): warning:  #550-D: variable "val" was set but never used
gateway.cpp(353): warning:  #177-D: variable "i" was declared but never referenced
gateway.cpp(355): warning:  #177-D: variable "recSequence" was declared but never referenced
gateway.cpp(374): warning:  #550-D: variable "val" was set but never used
gateway.cpp(416): warning:  #177-D: variable "node_id" was declared but never referenced
gateway.cpp(460): warning:  #177-D: variable "from" was declared but never referenced
gateway.cpp(460): warning:  #177-D: variable "received_round" was declared but never referenced
gateway.cpp(461): warning:  #177-D: variable "i" was declared but never referenced
gateway.cpp(461): warning:  #177-D: variable "r" was declared but never referenced
gateway.cpp(461): warning:  #177-D: variable "fromMole" was declared but never referenced
gateway.cpp(464): warning:  #177-D: variable "val" was declared but never referenced
gateway.cpp(540): warning:  #177-D: variable "val" was declared but never referenced
gateway.cpp(542): warning:  #177-D: variable "r_period" was declared but never referenced
gateway.cpp(599): warning:  #550-D: variable "val" was set but never used
gateway.cpp(611): warning:  #550-D: variable "val" was set but never used
gateway.cpp(631): warning:  #177-D: variable "i" was declared but never referenced
gateway.cpp(631): warning:  #550-D: variable "val" was set but never used
gateway.cpp(653): warning:  #550-D: variable "status" was set but never used
gateway.cpp(540): warning: C4017W: sequenceNumber may be used before being set
linking...
Program Size: Code=33344 RO-data=1576 RW-data=368 ZI-data=37284  
After Build - User command #1: fromelf --bin -o G:\MRK.bin .\build\MRK.axf
".\build\MRK.axf" - 0 Errors, 21 Warning(s).
Build target 'mbed NXP LPC1768'
compiling gateway.cpp...
gateway.cpp(171): warning:  #177-D: variable "data" was declared but never referenced
gateway.cpp(191): warning:  #177-D: variable "val" was declared but never referenced
gateway.cpp(245): warning:  #550-D: variable "val" was set but never used
gateway.cpp(353): warning:  #177-D: variable "i" was declared but never referenced
gateway.cpp(355): warning:  #177-D: variable "recSequence" was declared but never referenced
gateway.cpp(374): warning:  #550-D: variable "val" was set but never used
gateway.cpp(416): warning:  #177-D: variable "node_id" was declared but never referenced
gateway.cpp(460): warning:  #177-D: variable "from" was declared but never referenced
gateway.cpp(460): warning:  #177-D: variable "received_round" was declared but never referenced
gateway.cpp(461): warning:  #177-D: variable "i" was declared but never referenced
gateway.cpp(461): warning:  #177-D: variable "r" was declared but never referenced
gateway.cpp(461): warning:  #177-D: variable "fromMole" was declared but never referenced
gateway.cpp(464): warning:  #177-D: variable "val" was declared but never referenced
gateway.cpp(540): warning:  #177-D: variable "val" was declared but never referenced
gateway.cpp(542): warning:  #177-D: variable "r_period" was declared but never referenced
gateway.cpp(599): warning:  #550-D: variable "val" was set but never used
gateway.cpp(611): warning:  #550-D: variable "val" was set but never used
gateway.cpp(631): warning:  #177-D: variable "i" was declared but never referenced
gateway.cpp(631): warning:  #550-D: variable "val" was set but never used
gateway.cpp(653): warning:  #550-D: variable "status" was set but never used
gateway.cpp(540): warning: C4017W: sequenceNumber may be used before being set
linking...
Program Size: Code=33348 RO-data=1576 RW-data=368 ZI-data=37284  
After Build - User command #1: fromelf --bin -o F:\MRK.bin .\build\MRK.axf
".\build\MRK.axf" - 0 Errors, 21 Warning(s).
Build target 'mbed NXP LPC1768'
compiling gateway.cpp...
gateway.cpp(171): warning:  #177-D: variable "data" was declared but never referenced
gateway.cpp(191): warning:  #177-D: variable "val" was declared but never referenced
gateway.cpp(245): warning:  #550-D: variable "val" was set but never used
gateway.cpp(353): warning:  #177-D: variable "i" was declared but never referenced
gateway.cpp(355): warning:  #177-D: variable "recSequence" was declared but never referenced
gateway.cpp(374): warning:  #550-D: variable "val" was set but never used
gateway.cpp(416): warning:  #177-D: variable "node_id" was declared but never referenced
gateway.cpp(460): warning:  #177-D: variable "from" was declared but never referenced
gateway.cpp(460): warning:  #177-D: variable "received_round" was declared but never referenced
gateway.cpp(461): warning:  #177-D: variable "i" was declared but never referenced
gateway.cpp(461): warning:  #177-D: variable "r" was declared but never referenced
gateway.cpp(461): warning:  #177-D: variable "fromMole" was declared but never referenced
gateway.cpp(464): warning:  #177-D: variable "val" was declared but never referenced
gateway.cpp(557): warning:  #111-D: statement is unreachable
gateway.cpp(540): warning:  #177-D: variable "val" was declared but never referenced
gateway.cpp(542): warning:  #177-D: variable "r_period" was declared but never referenced
gateway.cpp(599): warning:  #550-D: variable "val" was set but never used
gateway.cpp(611): warning:  #550-D: variable "val" was set but never used
gateway.cpp(631): warning:  #177-D: variable "i" was declared but never referenced
gateway.cpp(631): warning:  #550-D: variable "val" was set but never used
gateway.cpp(653): warning:  #550-D: variable "status" was set but never used
linking...
Program Size: Code=32856 RO-data=1576 RW-data=368 ZI-data=37284  
After Build - User command #1: fromelf --bin -o E:\MRK.bin .\build\MRK.axf
".\build\MRK.axf" - 0 Errors, 21 Warning(s).
Build target 'mbed NXP LPC1768'
compiling gateway.cpp...
gateway.cpp(164): warning:  #177-D: variable "data" was declared but never referenced
gateway.cpp(185): warning:  #177-D: variable "val" was declared but never referenced
gateway.cpp(237): warning:  #550-D: variable "val" was set but never used
gateway.cpp(345): warning:  #177-D: variable "i" was declared but never referenced
gateway.cpp(347): warning:  #177-D: variable "recSequence" was declared but never referenced
gateway.cpp(366): warning:  #550-D: variable "val" was set but never used
gateway.cpp(408): warning:  #177-D: variable "node_id" was declared but never referenced
gateway.cpp(453): warning:  #177-D: variable "from" was declared but never referenced
gateway.cpp(453): warning:  #177-D: variable "received_round" was declared but never referenced
gateway.cpp(454): warning:  #177-D: variable "i" was declared but never referenced
gateway.cpp(454): warning:  #177-D: variable "r" was declared but never referenced
gateway.cpp(454): warning:  #177-D: variable "fromMole" was declared but never referenced
gateway.cpp(457): warning:  #177-D: variable "val" was declared but never referenced
gateway.cpp(550): warning:  #111-D: statement is unreachable
gateway.cpp(533): warning:  #177-D: variable "val" was declared but never referenced
gateway.cpp(535): warning:  #177-D: variable "r_period" was declared but never referenced
gateway.cpp(592): warning:  #550-D: variable "val" was set but never used
gateway.cpp(604): warning:  #550-D: variable "val" was set but never used
gateway.cpp(624): warning:  #177-D: variable "i" was declared but never referenced
gateway.cpp(624): warning:  #550-D: variable "val" was set but never used
gateway.cpp(647): warning:  #550-D: variable "status" was set but never used
linking...
Program Size: Code=32832 RO-data=1576 RW-data=368 ZI-data=36936  
After Build - User command #1: fromelf --bin -o E:\MRK.bin .\build\MRK.axf
".\build\MRK.axf" - 0 Errors, 21 Warning(s).
Build target 'mbed NXP LPC1768'
compiling gateway.cpp...
gateway.cpp(164): warning:  #177-D: variable "data" was declared but never referenced
gateway.cpp(185): warning:  #177-D: variable "val" was declared but never referenced
gateway.cpp(237): warning:  #550-D: variable "val" was set but never used
gateway.cpp(345): warning:  #177-D: variable "i" was declared but never referenced
gateway.cpp(347): warning:  #177-D: variable "recSequence" was declared but never referenced
gateway.cpp(366): warning:  #550-D: variable "val" was set but never used
gateway.cpp(408): warning:  #177-D: variable "node_id" was declared but never referenced
gateway.cpp(453): warning:  #177-D: variable "from" was declared but never referenced
gateway.cpp(453): warning:  #177-D: variable "received_round" was declared but never referenced
gateway.cpp(454): warning:  #177-D: variable "i" was declared but never referenced
gateway.cpp(454): warning:  #177-D: variable "r" was declared but never referenced
gateway.cpp(454): warning:  #177-D: variable "fromMole" was declared but never referenced
gateway.cpp(457): warning:  #177-D: variable "val" was declared but never referenced
gateway.cpp(533): warning:  #177-D: variable "val" was declared but never referenced
gateway.cpp(535): warning:  #177-D: variable "r_period" was declared but never referenced
gateway.cpp(592): warning:  #550-D: variable "val" was set but never used
gateway.cpp(604): warning:  #550-D: variable "val" was set but never used
gateway.cpp(624): warning:  #177-D: variable "i" was declared but never referenced
gateway.cpp(624): warning:  #550-D: variable "val" was set but never used
gateway.cpp(647): warning:  #550-D: variable "status" was set but never used
gateway.cpp(533): warning: C4017W: sequenceNumber may be used before being set
linking...
Program Size: Code=33324 RO-data=1576 RW-data=368 ZI-data=36936  
After Build - User command #1: fromelf --bin -o F:\MRK.bin .\build\MRK.axf
".\build\MRK.axf" - 0 Errors, 21 Warning(s).
Build target 'mbed NXP LPC1768'
compiling gateway.cpp...
gateway.cpp(164): warning:  #177-D: variable "data" was declared but never referenced
gateway.cpp(185): warning:  #177-D: variable "val" was declared but never referenced
gateway.cpp(237): warning:  #550-D: variable "val" was set but never used
gateway.cpp(345): warning:  #177-D: variable "i" was declared but never referenced
gateway.cpp(347): warning:  #177-D: variable "recSequence" was declared but never referenced
gateway.cpp(366): warning:  #550-D: variable "val" was set but never used
gateway.cpp(408): warning:  #177-D: variable "node_id" was declared but never referenced
gateway.cpp(453): warning:  #177-D: variable "from" was declared but never referenced
gateway.cpp(453): warning:  #177-D: variable "received_round" was declared but never referenced
gateway.cpp(454): warning:  #177-D: variable "i" was declared but never referenced
gateway.cpp(454): warning:  #177-D: variable "r" was declared but never referenced
gateway.cpp(454): warning:  #177-D: variable "fromMole" was declared but never referenced
gateway.cpp(457): warning:  #177-D: variable "val" was declared but never referenced
gateway.cpp(533): warning:  #177-D: variable "val" was declared but never referenced
gateway.cpp(535): warning:  #177-D: variable "r_period" was declared but never referenced
gateway.cpp(592): warning:  #550-D: variable "val" was set but never used
gateway.cpp(604): warning:  #550-D: variable "val" was set but never used
gateway.cpp(624): warning:  #177-D: variable "i" was declared but never referenced
gateway.cpp(624): warning:  #550-D: variable "val" was set but never used
gateway.cpp(647): warning:  #550-D: variable "status" was set but never used
gateway.cpp(533): warning: C4017W: sequenceNumber may be used before being set
linking...
Program Size: Code=33320 RO-data=1576 RW-data=368 ZI-data=36936  
After Build - User command #1: fromelf --bin -o G:\MRK.bin .\build\MRK.axf
".\build\MRK.axf" - 0 Errors, 21 Warning(s).
Build target 'mbed NXP LPC1768'
compiling gateway.cpp...
gateway.cpp(164): warning:  #177-D: variable "data" was declared but never referenced
gateway.cpp(185): warning:  #177-D: variable "val" was declared but never referenced
gateway.cpp(237): warning:  #550-D: variable "val" was set but never used
gateway.cpp(345): warning:  #177-D: variable "i" was declared but never referenced
gateway.cpp(347): warning:  #177-D: variable "recSequence" was declared but never referenced
gateway.cpp(366): warning:  #550-D: variable "val" was set but never used
gateway.cpp(408): warning:  #177-D: variable "node_id" was declared but never referenced
gateway.cpp(453): warning:  #177-D: variable "from" was declared but never referenced
gateway.cpp(453): warning:  #177-D: variable "received_round" was declared but never referenced
gateway.cpp(454): warning:  #177-D: variable "i" was declared but never referenced
gateway.cpp(454): warning:  #177-D: variable "r" was declared but never referenced
gateway.cpp(454): warning:  #177-D: variable "fromMole" was declared but never referenced
gateway.cpp(457): warning:  #177-D: variable "val" was declared but never referenced
gateway.cpp(533): warning:  #177-D: variable "val" was declared but never referenced
gateway.cpp(535): warning:  #177-D: variable "r_period" was declared but never referenced
gateway.cpp(592): warning:  #550-D: variable "val" was set but never used
gateway.cpp(604): warning:  #550-D: variable "val" was set but never used
gateway.cpp(624): warning:  #177-D: variable "i" was declared but never referenced
gateway.cpp(624): warning:  #550-D: variable "val" was set but never used
gateway.cpp(647): warning:  #550-D: variable "status" was set but never used
gateway.cpp(533): warning: C4017W: sequenceNumber may be used before being set
linking...
Program Size: Code=33320 RO-data=1576 RW-data=368 ZI-data=36936  
After Build - User command #1: fromelf --bin -o G:\MRK.bin .\build\MRK.axf
".\build\MRK.axf" - 0 Errors, 21 Warning(s).
Build target 'mbed NXP LPC1768'
compiling gateway.cpp...
gateway.cpp(164): warning:  #177-D: variable "data" was declared but never referenced
gateway.cpp(185): warning:  #177-D: variable "val" was declared but never referenced
gateway.cpp(237): warning:  #550-D: variable "val" was set but never used
gateway.cpp(345): warning:  #177-D: variable "i" was declared but never referenced
gateway.cpp(347): warning:  #177-D: variable "recSequence" was declared but never referenced
gateway.cpp(366): warning:  #550-D: variable "val" was set but never used
gateway.cpp(408): warning:  #177-D: variable "node_id" was declared but never referenced
gateway.cpp(453): warning:  #177-D: variable "from" was declared but never referenced
gateway.cpp(453): warning:  #177-D: variable "received_round" was declared but never referenced
gateway.cpp(454): warning:  #177-D: variable "i" was declared but never referenced
gateway.cpp(454): warning:  #177-D: variable "r" was declared but never referenced
gateway.cpp(454): warning:  #177-D: variable "fromMole" was declared but never referenced
gateway.cpp(457): warning:  #177-D: variable "val" was declared but never referenced
gateway.cpp(533): warning:  #177-D: variable "val" was declared but never referenced
gateway.cpp(535): warning:  #177-D: variable "r_period" was declared but never referenced
gateway.cpp(592): warning:  #550-D: variable "val" was set but never used
gateway.cpp(604): warning:  #550-D: variable "val" was set but never used
gateway.cpp(624): warning:  #177-D: variable "i" was declared but never referenced
gateway.cpp(624): warning:  #550-D: variable "val" was set but never used
gateway.cpp(647): warning:  #550-D: variable "status" was set but never used
gateway.cpp(533): warning: C4017W: sequenceNumber may be used before being set
linking...
Program Size: Code=33324 RO-data=1576 RW-data=368 ZI-data=36936  
After Build - User command #1: fromelf --bin -o F:\MRK.bin .\build\MRK.axf
".\build\MRK.axf" - 0 Errors, 21 Warning(s).
Build target 'mbed NXP LPC1768'
compiling gateway.cpp...
gateway.cpp(164): warning:  #177-D: variable "data" was declared but never referenced
gateway.cpp(185): warning:  #177-D: variable "val" was declared but never referenced
gateway.cpp(237): warning:  #550-D: variable "val" was set but never used
gateway.cpp(345): warning:  #177-D: variable "i" was declared but never referenced
gateway.cpp(347): warning:  #177-D: variable "recSequence" was declared but never referenced
gateway.cpp(366): warning:  #550-D: variable "val" was set but never used
gateway.cpp(408): warning:  #177-D: variable "node_id" was declared but never referenced
gateway.cpp(453): warning:  #177-D: variable "from" was declared but never referenced
gateway.cpp(453): warning:  #177-D: variable "received_round" was declared but never referenced
gateway.cpp(454): warning:  #177-D: variable "i" was declared but never referenced
gateway.cpp(454): warning:  #177-D: variable "r" was declared but never referenced
gateway.cpp(454): warning:  #177-D: variable "fromMole" was declared but never referenced
gateway.cpp(457): warning:  #177-D: variable "val" was declared but never referenced
gateway.cpp(550): warning:  #111-D: statement is unreachable
gateway.cpp(533): warning:  #177-D: variable "val" was declared but never referenced
gateway.cpp(535): warning:  #177-D: variable "r_period" was declared but never referenced
gateway.cpp(592): warning:  #550-D: variable "val" was set but never used
gateway.cpp(604): warning:  #550-D: variable "val" was set but never used
gateway.cpp(624): warning:  #177-D: variable "i" was declared but never referenced
gateway.cpp(624): warning:  #550-D: variable "val" was set but never used
gateway.cpp(647): warning:  #550-D: variable "status" was set but never used
linking...
Program Size: Code=32832 RO-data=1576 RW-data=368 ZI-data=36936  
After Build - User command #1: fromelf --bin -o E:\MRK.bin .\build\MRK.axf
".\build\MRK.axf" - 0 Errors, 21 Warning(s).
Build target 'mbed NXP LPC1768'
compiling gateway.cpp...
gateway.cpp(164): warning:  #177-D: variable "data" was declared but never referenced
gateway.cpp(185): warning:  #177-D: variable "val" was declared but never referenced
gateway.cpp(237): warning:  #550-D: variable "val" was set but never used
gateway.cpp(345): warning:  #177-D: variable "i" was declared but never referenced
gateway.cpp(347): warning:  #177-D: variable "recSequence" was declared but never referenced
gateway.cpp(366): warning:  #550-D: variable "val" was set but never used
gateway.cpp(408): warning:  #177-D: variable "node_id" was declared but never referenced
gateway.cpp(453): warning:  #177-D: variable "from" was declared but never referenced
gateway.cpp(453): warning:  #177-D: variable "received_round" was declared but never referenced
gateway.cpp(454): warning:  #177-D: variable "i" was declared but never referenced
gateway.cpp(454): warning:  #177-D: variable "r" was declared but never referenced
gateway.cpp(454): warning:  #177-D: variable "fromMole" was declared but never referenced
gateway.cpp(457): warning:  #177-D: variable "val" was declared but never referenced
gateway.cpp(553): warning:  #111-D: statement is unreachable
gateway.cpp(536): warning:  #177-D: variable "val" was declared but never referenced
gateway.cpp(538): warning:  #177-D: variable "r_period" was declared but never referenced
gateway.cpp(595): warning:  #550-D: variable "val" was set but never used
gateway.cpp(607): warning:  #550-D: variable "val" was set but never used
gateway.cpp(627): warning:  #177-D: variable "i" was declared but never referenced
gateway.cpp(627): warning:  #550-D: variable "val" was set but never used
gateway.cpp(650): warning:  #550-D: variable "status" was set but never used
linking...
Program Size: Code=32852 RO-data=1576 RW-data=368 ZI-data=36936  
After Build - User command #1: fromelf --bin -o E:\MRK.bin .\build\MRK.axf
".\build\MRK.axf" - 0 Errors, 21 Warning(s).
Build target 'mbed NXP LPC1768'
linking...
Program Size: Code=32852 RO-data=1576 RW-data=368 ZI-data=36936  
After Build - User command #1: fromelf --bin -o E:\MRK.bin .\build\MRK.axf
".\build\MRK.axf" - 0 Errors, 0 Warning(s).
Build target 'mbed NXP LPC1768'
compiling gateway.cpp...
gateway.cpp(164): warning:  #177-D: variable "data" was declared but never referenced
gateway.cpp(185): warning:  #177-D: variable "val" was declared but never referenced
gateway.cpp(237): warning:  #550-D: variable "val" was set but never used
gateway.cpp(345): warning:  #177-D: variable "i" was declared but never referenced
gateway.cpp(347): warning:  #177-D: variable "recSequence" was declared but never referenced
gateway.cpp(366): warning:  #550-D: variable "val" was set but never used
gateway.cpp(408): warning:  #177-D: variable "node_id" was declared but never referenced
gateway.cpp(453): warning:  #177-D: variable "from" was declared but never referenced
gateway.cpp(453): warning:  #177-D: variable "received_round" was declared but never referenced
gateway.cpp(454): warning:  #177-D: variable "i" was declared but never referenced
gateway.cpp(454): warning:  #177-D: variable "r" was declared but never referenced
gateway.cpp(454): warning:  #177-D: variable "fromMole" was declared but never referenced
gateway.cpp(457): warning:  #177-D: variable "val" was declared but never referenced
gateway.cpp(554): warning:  #111-D: statement is unreachable
gateway.cpp(537): warning:  #177-D: variable "val" was declared but never referenced
gateway.cpp(539): warning:  #177-D: variable "r_period" was declared but never referenced
gateway.cpp(596): warning:  #550-D: variable "val" was set but never used
gateway.cpp(608): warning:  #550-D: variable "val" was set but never used
gateway.cpp(628): warning:  #177-D: variable "i" was declared but never referenced
gateway.cpp(628): warning:  #550-D: variable "val" was set but never used
gateway.cpp(651): warning:  #550-D: variable "status" was set but never used
linking...
Program Size: Code=32868 RO-data=1576 RW-data=368 ZI-data=36936  
After Build - User command #1: fromelf --bin -o E:\MRK.bin .\build\MRK.axf
".\build\MRK.axf" - 0 Errors, 21 Warning(s).
Build target 'mbed NXP LPC1768'
compiling gateway.cpp...
gateway.cpp(164): warning:  #177-D: variable "data" was declared but never referenced
gateway.cpp(185): warning:  #177-D: variable "val" was declared but never referenced
gateway.cpp(237): warning:  #550-D: variable "val" was set but never used
gateway.cpp(345): warning:  #177-D: variable "i" was declared but never referenced
gateway.cpp(347): warning:  #177-D: variable "recSequence" was declared but never referenced
gateway.cpp(366): warning:  #550-D: variable "val" was set but never used
gateway.cpp(408): warning:  #177-D: variable "node_id" was declared but never referenced
gateway.cpp(526): warning:  #111-D: statement is unreachable
gateway.cpp(453): warning:  #177-D: variable "from" was declared but never referenced
gateway.cpp(453): warning:  #177-D: variable "received_round" was declared but never referenced
gateway.cpp(454): warning:  #177-D: variable "i" was declared but never referenced
gateway.cpp(454): warning:  #177-D: variable "r" was declared but never referenced
gateway.cpp(454): warning:  #177-D: variable "fromMole" was declared but never referenced
gateway.cpp(457): warning:  #177-D: variable "val" was declared but never referenced
gateway.cpp(554): warning:  #111-D: statement is unreachable
gateway.cpp(537): warning:  #177-D: variable "val" was declared but never referenced
gateway.cpp(539): warning:  #177-D: variable "r_period" was declared but never referenced
gateway.cpp(596): warning:  #550-D: variable "val" was set but never used
gateway.cpp(608): warning:  #550-D: variable "val" was set but never used
gateway.cpp(628): warning:  #177-D: variable "i" was declared but never referenced
gateway.cpp(628): warning:  #550-D: variable "val" was set but never used
gateway.cpp(651): warning:  #550-D: variable "status" was set but never used
linking...
Program Size: Code=32868 RO-data=1576 RW-data=368 ZI-data=36936  
After Build - User command #1: fromelf --bin -o E:\MRK.bin .\build\MRK.axf
".\build\MRK.axf" - 0 Errors, 22 Warning(s).
Build target 'mbed NXP LPC1768'
compiling gateway.cpp...
gateway.cpp(164): warning:  #177-D: variable "data" was declared but never referenced
gateway.cpp(185): warning:  #177-D: variable "val" was declared but never referenced
gateway.cpp(237): warning:  #550-D: variable "val" was set but never used
gateway.cpp(345): warning:  #177-D: variable "i" was declared but never referenced
gateway.cpp(347): warning:  #177-D: variable "recSequence" was declared but never referenced
gateway.cpp(366): warning:  #550-D: variable "val" was set but never used
gateway.cpp(408): warning:  #177-D: variable "node_id" was declared but never referenced
gateway.cpp(526): warning:  #111-D: statement is unreachable
gateway.cpp(453): warning:  #177-D: variable "from" was declared but never referenced
gateway.cpp(453): warning:  #177-D: variable "received_round" was declared but never referenced
gateway.cpp(454): warning:  #177-D: variable "i" was declared but never referenced
gateway.cpp(454): warning:  #177-D: variable "r" was declared but never referenced
gateway.cpp(454): warning:  #177-D: variable "fromMole" was declared but never referenced
gateway.cpp(457): warning:  #177-D: variable "val" was declared but never referenced
gateway.cpp(554): warning:  #111-D: statement is unreachable
gateway.cpp(537): warning:  #177-D: variable "val" was declared but never referenced
gateway.cpp(539): warning:  #177-D: variable "r_period" was declared but never referenced
gateway.cpp(596): warning:  #550-D: variable "val" was set but never used
gateway.cpp(608): warning:  #550-D: variable "val" was set but never used
gateway.cpp(628): warning:  #177-D: variable "i" was declared but never referenced
gateway.cpp(628): warning:  #550-D: variable "val" was set but never used
gateway.cpp(651): warning:  #550-D: variable "status" was set but never used
linking...
Program Size: Code=32784 RO-data=1576 RW-data=368 ZI-data=36936  
After Build - User command #1: fromelf --bin -o E:\MRK.bin .\build\MRK.axf
".\build\MRK.axf" - 0 Errors, 22 Warning(s).
Build target 'mbed NXP LPC1768'
compiling gateway.cpp...
gateway.cpp(164): warning:  #177-D: variable "data" was declared but never referenced
gateway.cpp(185): warning:  #177-D: variable "val" was declared but never referenced
gateway.cpp(236): warning:  #550-D: variable "val" was set but never used
gateway.cpp(344): warning:  #177-D: variable "i" was declared but never referenced
gateway.cpp(346): warning:  #177-D: variable "recSequence" was declared but never referenced
gateway.cpp(365): warning:  #550-D: variable "val" was set but never used
gateway.cpp(407): warning:  #177-D: variable "node_id" was declared but never referenced
gateway.cpp(525): warning:  #111-D: statement is unreachable
gateway.cpp(452): warning:  #177-D: variable "from" was declared but never referenced
gateway.cpp(452): warning:  #177-D: variable "received_round" was declared but never referenced
gateway.cpp(453): warning:  #177-D: variable "i" was declared but never referenced
gateway.cpp(453): warning:  #177-D: variable "r" was declared but never referenced
gateway.cpp(453): warning:  #177-D: variable "fromMole" was declared but never referenced
gateway.cpp(456): warning:  #177-D: variable "val" was declared but never referenced
gateway.cpp(553): warning:  #111-D: statement is unreachable
gateway.cpp(536): warning:  #177-D: variable "val" was declared but never referenced
gateway.cpp(538): warning:  #177-D: variable "r_period" was declared but never referenced
gateway.cpp(595): warning:  #550-D: variable "val" was set but never used
gateway.cpp(607): warning:  #550-D: variable "val" was set but never used
gateway.cpp(627): warning:  #177-D: variable "i" was declared but never referenced
gateway.cpp(627): warning:  #550-D: variable "val" was set but never used
gateway.cpp(650): warning:  #550-D: variable "status" was set but never used
linking...
Program Size: Code=32784 RO-data=1576 RW-data=368 ZI-data=36936  
After Build - User command #1: fromelf --bin -o E:\MRK.bin .\build\MRK.axf
".\build\MRK.axf" - 0 Errors, 22 Warning(s).
Build target 'mbed NXP LPC1768'
compiling gateway.cpp...
gateway.cpp(164): warning:  #177-D: variable "data" was declared but never referenced
gateway.cpp(185): warning:  #177-D: variable "val" was declared but never referenced
gateway.cpp(236): warning:  #550-D: variable "val" was set but never used
gateway.cpp(344): warning:  #177-D: variable "i" was declared but never referenced
gateway.cpp(346): warning:  #177-D: variable "recSequence" was declared but never referenced
gateway.cpp(365): warning:  #550-D: variable "val" was set but never used
gateway.cpp(407): warning:  #177-D: variable "node_id" was declared but never referenced
gateway.cpp(525): warning:  #111-D: statement is unreachable
gateway.cpp(452): warning:  #177-D: variable "from" was declared but never referenced
gateway.cpp(452): warning:  #177-D: variable "received_round" was declared but never referenced
gateway.cpp(453): warning:  #177-D: variable "i" was declared but never referenced
gateway.cpp(453): warning:  #177-D: variable "r" was declared but never referenced
gateway.cpp(453): warning:  #177-D: variable "fromMole" was declared but never referenced
gateway.cpp(456): warning:  #177-D: variable "val" was declared but never referenced
gateway.cpp(553): warning:  #111-D: statement is unreachable
gateway.cpp(536): warning:  #177-D: variable "val" was declared but never referenced
gateway.cpp(538): warning:  #177-D: variable "r_period" was declared but never referenced
gateway.cpp(595): warning:  #550-D: variable "val" was set but never used
gateway.cpp(607): warning:  #550-D: variable "val" was set but never used
gateway.cpp(627): warning:  #177-D: variable "i" was declared but never referenced
gateway.cpp(627): warning:  #550-D: variable "val" was set but never used
gateway.cpp(650): warning:  #550-D: variable "status" was set but never used
linking...
Program Size: Code=32856 RO-data=1576 RW-data=368 ZI-data=36936  
After Build - User command #1: fromelf --bin -o E:\MRK.bin .\build\MRK.axf
".\build\MRK.axf" - 0 Errors, 22 Warning(s).
Build target 'mbed NXP LPC1768'
compiling gateway.cpp...
gateway.cpp(164): warning:  #177-D: variable "data" was declared but never referenced
gateway.cpp(185): warning:  #177-D: variable "val" was declared but never referenced
gateway.cpp(236): warning:  #550-D: variable "val" was set but never used
gateway.cpp(344): warning:  #177-D: variable "i" was declared but never referenced
gateway.cpp(346): warning:  #177-D: variable "recSequence" was declared but never referenced
gateway.cpp(365): warning:  #550-D: variable "val" was set but never used
gateway.cpp(407): warning:  #177-D: variable "node_id" was declared but never referenced
gateway.cpp(522): warning:  #111-D: statement is unreachable
gateway.cpp(452): warning:  #177-D: variable "from" was declared but never referenced
gateway.cpp(452): warning:  #177-D: variable "received_round" was declared but never referenced
gateway.cpp(453): warning:  #177-D: variable "i" was declared but never referenced
gateway.cpp(453): warning:  #177-D: variable "r" was declared but never referenced
gateway.cpp(453): warning:  #177-D: variable "fromMole" was declared but never referenced
gateway.cpp(456): warning:  #177-D: variable "val" was declared but never referenced
gateway.cpp(550): warning:  #111-D: statement is unreachable
gateway.cpp(533): warning:  #177-D: variable "val" was declared but never referenced
gateway.cpp(535): warning:  #177-D: variable "r_period" was declared but never referenced
gateway.cpp(592): warning:  #550-D: variable "val" was set but never used
gateway.cpp(604): warning:  #550-D: variable "val" was set but never used
gateway.cpp(624): warning:  #177-D: variable "i" was declared but never referenced
gateway.cpp(624): warning:  #550-D: variable "val" was set but never used
gateway.cpp(647): warning:  #550-D: variable "status" was set but never used
linking...
Program Size: Code=32820 RO-data=1576 RW-data=368 ZI-data=36936  
After Build - User command #1: fromelf --bin -o E:\MRK.bin .\build\MRK.axf
".\build\MRK.axf" - 0 Errors, 22 Warning(s).
Build target 'mbed NXP LPC1768'
compiling gateway.cpp...
gateway.cpp(164): warning:  #177-D: variable "data" was declared but never referenced
gateway.cpp(185): warning:  #177-D: variable "val" was declared but never referenced
gateway.cpp(236): warning:  #550-D: variable "val" was set but never used
gateway.cpp(344): warning:  #177-D: variable "i" was declared but never referenced
gateway.cpp(346): warning:  #177-D: variable "recSequence" was declared but never referenced
gateway.cpp(365): warning:  #550-D: variable "val" was set but never used
gateway.cpp(407): warning:  #177-D: variable "node_id" was declared but never referenced
gateway.cpp(524): warning:  #111-D: statement is unreachable
gateway.cpp(452): warning:  #177-D: variable "from" was declared but never referenced
gateway.cpp(452): warning:  #177-D: variable "received_round" was declared but never referenced
gateway.cpp(453): warning:  #177-D: variable "i" was declared but never referenced
gateway.cpp(453): warning:  #177-D: variable "r" was declared but never referenced
gateway.cpp(453): warning:  #177-D: variable "fromMole" was declared but never referenced
gateway.cpp(456): warning:  #177-D: variable "val" was declared but never referenced
gateway.cpp(552): warning:  #111-D: statement is unreachable
gateway.cpp(535): warning:  #177-D: variable "val" was declared but never referenced
gateway.cpp(537): warning:  #177-D: variable "r_period" was declared but never referenced
gateway.cpp(594): warning:  #550-D: variable "val" was set but never used
gateway.cpp(606): warning:  #550-D: variable "val" was set but never used
gateway.cpp(626): warning:  #177-D: variable "i" was declared but never referenced
gateway.cpp(626): warning:  #550-D: variable "val" was set but never used
gateway.cpp(649): warning:  #550-D: variable "status" was set but never used
linking...
Program Size: Code=32836 RO-data=1576 RW-data=368 ZI-data=36936  
After Build - User command #1: fromelf --bin -o E:\MRK.bin .\build\MRK.axf
".\build\MRK.axf" - 0 Errors, 22 Warning(s).
Build target 'mbed NXP LPC1768'
compiling gateway.cpp...
gateway.cpp(164): warning:  #177-D: variable "data" was declared but never referenced
gateway.cpp(185): warning:  #177-D: variable "val" was declared but never referenced
gateway.cpp(236): warning:  #550-D: variable "val" was set but never used
gateway.cpp(344): warning:  #177-D: variable "i" was declared but never referenced
gateway.cpp(346): warning:  #177-D: variable "recSequence" was declared but never referenced
gateway.cpp(365): warning:  #550-D: variable "val" was set but never used
gateway.cpp(407): warning:  #177-D: variable "node_id" was declared but never referenced
gateway.cpp(525): warning:  #111-D: statement is unreachable
gateway.cpp(452): warning:  #177-D: variable "from" was declared but never referenced
gateway.cpp(452): warning:  #177-D: variable "received_round" was declared but never referenced
gateway.cpp(453): warning:  #177-D: variable "i" was declared but never referenced
gateway.cpp(453): warning:  #177-D: variable "r" was declared but never referenced
gateway.cpp(453): warning:  #177-D: variable "fromMole" was declared but never referenced
gateway.cpp(456): warning:  #177-D: variable "val" was declared but never referenced
gateway.cpp(553): warning:  #111-D: statement is unreachable
gateway.cpp(536): warning:  #177-D: variable "val" was declared but never referenced
gateway.cpp(538): warning:  #177-D: variable "r_period" was declared but never referenced
gateway.cpp(595): warning:  #550-D: variable "val" was set but never used
gateway.cpp(607): warning:  #550-D: variable "val" was set but never used
gateway.cpp(627): warning:  #177-D: variable "i" was declared but never referenced
gateway.cpp(627): warning:  #550-D: variable "val" was set but never used
gateway.cpp(650): warning:  #550-D: variable "status" was set but never used
linking...
Program Size: Code=32856 RO-data=1576 RW-data=368 ZI-data=36936  
After Build - User command #1: fromelf --bin -o E:\MRK.bin .\build\MRK.axf
".\build\MRK.axf" - 0 Errors, 22 Warning(s).
Build target 'mbed NXP LPC1768'
compiling gateway.cpp...
gateway.cpp(164): warning:  #177-D: variable "data" was declared but never referenced
gateway.cpp(185): warning:  #177-D: variable "val" was declared but never referenced
gateway.cpp(236): warning:  #550-D: variable "val" was set but never used
gateway.cpp(344): warning:  #177-D: variable "i" was declared but never referenced
gateway.cpp(346): warning:  #177-D: variable "recSequence" was declared but never referenced
gateway.cpp(365): warning:  #550-D: variable "val" was set but never used
gateway.cpp(407): warning:  #177-D: variable "node_id" was declared but never referenced
gateway.cpp(526): warning:  #111-D: statement is unreachable
gateway.cpp(452): warning:  #177-D: variable "from" was declared but never referenced
gateway.cpp(452): warning:  #177-D: variable "received_round" was declared but never referenced
gateway.cpp(453): warning:  #177-D: variable "i" was declared but never referenced
gateway.cpp(453): warning:  #177-D: variable "r" was declared but never referenced
gateway.cpp(453): warning:  #177-D: variable "fromMole" was declared but never referenced
gateway.cpp(456): warning:  #177-D: variable "val" was declared but never referenced
gateway.cpp(554): warning:  #111-D: statement is unreachable
gateway.cpp(537): warning:  #177-D: variable "val" was declared but never referenced
gateway.cpp(539): warning:  #177-D: variable "r_period" was declared but never referenced
gateway.cpp(596): warning:  #550-D: variable "val" was set but never used
gateway.cpp(608): warning:  #550-D: variable "val" was set but never used
gateway.cpp(628): warning:  #177-D: variable "i" was declared but never referenced
gateway.cpp(628): warning:  #550-D: variable "val" was set but never used
gateway.cpp(651): warning:  #550-D: variable "status" was set but never used
linking...
Program Size: Code=32856 RO-data=1576 RW-data=368 ZI-data=36936  
After Build - User command #1: fromelf --bin -o E:\MRK.bin .\build\MRK.axf
".\build\MRK.axf" - 0 Errors, 22 Warning(s).
Build target 'mbed NXP LPC1768'
compiling gateway.cpp...
gateway.cpp(164): warning:  #177-D: variable "data" was declared but never referenced
gateway.cpp(185): warning:  #177-D: variable "val" was declared but never referenced
gateway.cpp(236): warning:  #550-D: variable "val" was set but never used
gateway.cpp(344): warning:  #177-D: variable "i" was declared but never referenced
gateway.cpp(346): warning:  #177-D: variable "recSequence" was declared but never referenced
gateway.cpp(365): warning:  #550-D: variable "val" was set but never used
gateway.cpp(407): warning:  #177-D: variable "node_id" was declared but never referenced
gateway.cpp(527): warning:  #111-D: statement is unreachable
gateway.cpp(452): warning:  #177-D: variable "from" was declared but never referenced
gateway.cpp(452): warning:  #177-D: variable "received_round" was declared but never referenced
gateway.cpp(453): warning:  #177-D: variable "i" was declared but never referenced
gateway.cpp(453): warning:  #177-D: variable "r" was declared but never referenced
gateway.cpp(453): warning:  #177-D: variable "fromMole" was declared but never referenced
gateway.cpp(456): warning:  #177-D: variable "val" was declared but never referenced
gateway.cpp(555): warning:  #111-D: statement is unreachable
[...]
gateway.cpp(200): warning:  #177-D: variable "data" was declared but never referenced
gateway.cpp(223): warning:  #177-D: variable "val" was declared but never referenced
gateway.cpp(280): warning:  #550-D: variable "val" was set but never used
gateway.cpp(388): warning:  #177-D: variable "i" was declared but never referenced
gateway.cpp(390): warning:  #177-D: variable "recSequence" was declared but never referenced
gateway.cpp(407): warning:  #550-D: variable "val" was set but never used
gateway.cpp(451): warning:  #177-D: variable "node_id" was declared but never referenced
gateway.cpp(582): warning:  #111-D: statement is unreachable
gateway.cpp(502): warning:  #177-D: variable "from" was declared but never referenced
gateway.cpp(502): warning:  #177-D: variable "received_round" was declared but never referenced
gateway.cpp(503): warning:  #177-D: variable "i" was declared but never referenced
gateway.cpp(503): warning:  #177-D: variable "r" was declared but never referenced
gateway.cpp(503): warning:  #177-D: variable "fromMole" was declared but never referenced
gateway.cpp(506): warning:  #177-D: variable "val" was declared but never referenced
gateway.cpp(610): warning:  #111-D: statement is unreachable
gateway.cpp(593): warning:  #177-D: variable "val" was declared but never referenced
gateway.cpp(595): warning:  #177-D: variable "r_period" was declared but never referenced
gateway.cpp(654): warning:  #550-D: variable "val" was set but never used
gateway.cpp(666): warning:  #550-D: variable "val" was set but never used
gateway.cpp(686): warning:  #177-D: variable "i" was declared but never referenced
gateway.cpp(686): warning:  #550-D: variable "val" was set but never used
gateway.cpp(710): warning:  #550-D: variable "status" was set but never used
linking...
Program Size: Code=32672 RO-data=1576 RW-data=376 ZI-data=37492  
After Build - User command #1: fromelf --bin -o E:\MRK.bin .\build\MRK.axf
".\build\MRK.axf" - 0 Errors, 24 Warning(s).
Build target 'mbed NXP LPC1768'
compiling gateway.cpp...
gateway.cpp(126): warning:  #177-D: variable "i" was declared but never referenced
gateway.cpp(153): warning:  #177-D: variable "i" was declared but never referenced
gateway.cpp(200): warning:  #177-D: variable "data" was declared but never referenced
gateway.cpp(223): warning:  #177-D: variable "val" was declared but never referenced
gateway.cpp(280): warning:  #550-D: variable "val" was set but never used
gateway.cpp(388): warning:  #177-D: variable "i" was declared but never referenced
gateway.cpp(390): warning:  #177-D: variable "recSequence" was declared but never referenced
gateway.cpp(407): warning:  #550-D: variable "val" was set but never used
gateway.cpp(451): warning:  #177-D: variable "node_id" was declared but never referenced
gateway.cpp(582): warning:  #111-D: statement is unreachable
gateway.cpp(502): warning:  #177-D: variable "from" was declared but never referenced
gateway.cpp(502): warning:  #177-D: variable "received_round" was declared but never referenced
gateway.cpp(503): warning:  #177-D: variable "i" was declared but never referenced
gateway.cpp(503): warning:  #177-D: variable "r" was declared but never referenced
gateway.cpp(503): warning:  #177-D: variable "fromMole" was declared but never referenced
gateway.cpp(506): warning:  #177-D: variable "val" was declared but never referenced
gateway.cpp(610): warning:  #111-D: statement is unreachable
gateway.cpp(593): warning:  #177-D: variable "val" was declared but never referenced
gateway.cpp(595): warning:  #177-D: variable "r_period" was declared but never referenced
gateway.cpp(654): warning:  #550-D: variable "val" was set but never used
gateway.cpp(666): warning:  #550-D: variable "val" was set but never used
gateway.cpp(686): warning:  #177-D: variable "i" was declared but never referenced
gateway.cpp(686): warning:  #550-D: variable "val" was set but never used
gateway.cpp(710): warning:  #550-D: variable "status" was set but never used
linking...
Program Size: Code=32684 RO-data=1576 RW-data=376 ZI-data=37492  
After Build - User command #1: fromelf --bin -o E:\MRK.bin .\build\MRK.axf
".\build\MRK.axf" - 0 Errors, 24 Warning(s).
Build target 'mbed NXP LPC1768'
compiling gateway.cpp...
gateway.cpp(126): warning:  #177-D: variable "i" was declared but never referenced
gateway.cpp(153): warning:  #177-D: variable "i" was declared but never referenced
gateway.cpp(200): warning:  #177-D: variable "data" was declared but never referenced
gateway.cpp(223): warning:  #177-D: variable "val" was declared but never referenced
gateway.cpp(280): warning:  #550-D: variable "val" was set but never used
gateway.cpp(388): warning:  #177-D: variable "i" was declared but never referenced
gateway.cpp(390): warning:  #177-D: variable "recSequence" was declared but never referenced
gateway.cpp(407): warning:  #550-D: variable "val" was set but never used
gateway.cpp(451): warning:  #177-D: variable "node_id" was declared but never referenced
gateway.cpp(582): warning:  #111-D: statement is unreachable
gateway.cpp(502): warning:  #177-D: variable "from" was declared but never referenced
gateway.cpp(502): warning:  #177-D: variable "received_round" was declared but never referenced
gateway.cpp(503): warning:  #177-D: variable "i" was declared but never referenced
gateway.cpp(503): warning:  #177-D: variable "r" was declared but never referenced
gateway.cpp(503): warning:  #177-D: variable "fromMole" was declared but never referenced
gateway.cpp(506): warning:  #177-D: variable "val" was declared but never referenced
gateway.cpp(610): warning:  #111-D: statement is unreachable
gateway.cpp(593): warning:  #177-D: variable "val" was declared but never referenced
gateway.cpp(595): warning:  #177-D: variable "r_period" was declared but never referenced
gateway.cpp(654): warning:  #550-D: variable "val" was set but never used
gateway.cpp(666): warning:  #550-D: variable "val" was set but never used
gateway.cpp(686): warning:  #177-D: variable "i" was declared but never referenced
gateway.cpp(686): warning:  #550-D: variable "val" was set but never used
gateway.cpp(710): warning:  #550-D: variable "status" was set but never used
linking...
Program Size: Code=32684 RO-data=1576 RW-data=376 ZI-data=37492  
After Build - User command #1: fromelf --bin -o E:\MRK.bin .\build\MRK.axf
".\build\MRK.axf" - 0 Errors, 24 Warning(s).
Build target 'mbed NXP LPC1768'
compiling gateway.cpp...
gateway.cpp(126): warning:  #177-D: variable "i" was declared but never referenced
gateway.cpp(153): warning:  #177-D: variable "i" was declared but never referenced
gateway.cpp(200): warning:  #177-D: variable "data" was declared but never referenced
gateway.cpp(223): warning:  #177-D: variable "val" was declared but never referenced
gateway.cpp(280): warning:  #550-D: variable "val" was set but never used
gateway.cpp(388): warning:  #177-D: variable "i" was declared but never referenced
gateway.cpp(390): warning:  #177-D: variable "recSequence" was declared but never referenced
gateway.cpp(407): warning:  #550-D: variable "val" was set but never used
gateway.cpp(451): warning:  #177-D: variable "node_id" was declared but never referenced
gateway.cpp(582): warning:  #111-D: statement is unreachable
gateway.cpp(502): warning:  #177-D: variable "from" was declared but never referenced
gateway.cpp(502): warning:  #177-D: variable "received_round" was declared but never referenced
gateway.cpp(503): warning:  #177-D: variable "i" was declared but never referenced
gateway.cpp(503): warning:  #177-D: variable "r" was declared but never referenced
gateway.cpp(503): warning:  #177-D: variable "fromMole" was declared but never referenced
gateway.cpp(506): warning:  #177-D: variable "val" was declared but never referenced
gateway.cpp(610): warning:  #111-D: statement is unreachable
gateway.cpp(593): warning:  #177-D: variable "val" was declared but never referenced
gateway.cpp(595): warning:  #177-D: variable "r_period" was declared but never referenced
gateway.cpp(654): warning:  #550-D: variable "val" was set but never used
gateway.cpp(666): warning:  #550-D: variable "val" was set but never used
gateway.cpp(686): warning:  #177-D: variable "i" was declared but never referenced
gateway.cpp(686): warning:  #550-D: variable "val" was set but never used
gateway.cpp(710): warning:  #550-D: variable "status" was set but never used
linking...
Program Size: Code=32692 RO-data=1576 RW-data=376 ZI-data=37492  
After Build - User command #1: fromelf --bin -o E:\MRK.bin .\build\MRK.axf
".\build\MRK.axf" - 0 Errors, 24 Warning(s).
Build target 'mbed NXP LPC1768'
compiling gateway.cpp...
gateway.cpp(126): warning:  #177-D: variable "i" was declared but never referenced
gateway.cpp(153): warning:  #177-D: variable "i" was declared but never referenced
gateway.cpp(200): warning:  #177-D: variable "data" was declared but never referenced
gateway.cpp(223): warning:  #177-D: variable "val" was declared but never referenced
gateway.cpp(280): warning:  #550-D: variable "val" was set but never used
gateway.cpp(388): warning:  #177-D: variable "i" was declared but never referenced
gateway.cpp(390): warning:  #177-D: variable "recSequence" was declared but never referenced
gateway.cpp(407): warning:  #550-D: variable "val" was set but never used
gateway.cpp(451): warning:  #177-D: variable "node_id" was declared but never referenced
gateway.cpp(582): warning:  #111-D: statement is unreachable
gateway.cpp(502): warning:  #177-D: variable "from" was declared but never referenced
gateway.cpp(502): warning:  #177-D: variable "received_round" was declared but never referenced
gateway.cpp(503): warning:  #177-D: variable "i" was declared but never referenced
gateway.cpp(503): warning:  #177-D: variable "r" was declared but never referenced
gateway.cpp(503): warning:  #177-D: variable "fromMole" was declared but never referenced
gateway.cpp(506): warning:  #177-D: variable "val" was declared but never referenced
gateway.cpp(593): warning:  #177-D: variable "val" was declared but never referenced
gateway.cpp(595): warning:  #177-D: variable "r_period" was declared but never referenced
gateway.cpp(654): warning:  #550-D: variable "val" was set but never used
gateway.cpp(666): warning:  #550-D: variable "val" was set but never used
gateway.cpp(686): warning:  #177-D: variable "i" was declared but never referenced
gateway.cpp(686): warning:  #550-D: variable "val" was set but never used
gateway.cpp(710): warning:  #550-D: variable "status" was set but never used
gateway.cpp(593): warning: C4017W: sequenceNumber may be used before being set
linking...
Program Size: Code=33220 RO-data=1576 RW-data=376 ZI-data=37492  
After Build - User command #1: fromelf --bin -o F:\MRK.bin .\build\MRK.axf
".\build\MRK.axf" - 0 Errors, 24 Warning(s).
Build target 'mbed NXP LPC1768'
compiling gateway.cpp...
gateway.cpp(126): warning:  #177-D: variable "i" was declared but never referenced
gateway.cpp(153): warning:  #177-D: variable "i" was declared but never referenced
gateway.cpp(200): warning:  #177-D: variable "data" was declared but never referenced
gateway.cpp(223): warning:  #177-D: variable "val" was declared but never referenced
gateway.cpp(280): warning:  #550-D: variable "val" was set but never used
gateway.cpp(388): warning:  #177-D: variable "i" was declared but never referenced
gateway.cpp(390): warning:  #177-D: variable "recSequence" was declared but never referenced
gateway.cpp(407): warning:  #550-D: variable "val" was set but never used
gateway.cpp(451): warning:  #177-D: variable "node_id" was declared but never referenced
gateway.cpp(582): warning:  #111-D: statement is unreachable
gateway.cpp(502): warning:  #177-D: variable "from" was declared but never referenced
gateway.cpp(502): warning:  #177-D: variable "received_round" was declared but never referenced
gateway.cpp(503): warning:  #177-D: variable "i" was declared but never referenced
gateway.cpp(503): warning:  #177-D: variable "r" was declared but never referenced
gateway.cpp(503): warning:  #177-D: variable "fromMole" was declared but never referenced
gateway.cpp(506): warning:  #177-D: variable "val" was declared but never referenced
gateway.cpp(593): warning:  #177-D: variable "val" was declared but never referenced
gateway.cpp(595): warning:  #177-D: variable "r_period" was declared but never referenced
gateway.cpp(654): warning:  #550-D: variable "val" was set but never used
gateway.cpp(666): warning:  #550-D: variable "val" was set but never used
gateway.cpp(686): warning:  #177-D: variable "i" was declared but never referenced
gateway.cpp(686): warning:  #550-D: variable "val" was set but never used
gateway.cpp(710): warning:  #550-D: variable "status" was set but never used
gateway.cpp(593): warning: C4017W: sequenceNumber may be used before being set
linking...
Program Size: Code=33216 RO-data=1576 RW-data=376 ZI-data=37492  
After Build - User command #1: fromelf --bin -o G:\MRK.bin .\build\MRK.axf
".\build\MRK.axf" - 0 Errors, 24 Warning(s).
Build target 'mbed NXP LPC1768'
compiling gateway.cpp...
gateway.cpp(126): warning:  #177-D: variable "i" was declared but never referenced
gateway.cpp(153): warning:  #177-D: variable "i" was declared but never referenced
gateway.cpp(200): warning:  #177-D: variable "data" was declared but never referenced
gateway.cpp(223): warning:  #177-D: variable "val" was declared but never referenced
gateway.cpp(280): warning:  #550-D: variable "val" was set but never used
gateway.cpp(388): warning:  #177-D: variable "i" was declared but never referenced
gateway.cpp(390): warning:  #177-D: variable "recSequence" was declared but never referenced
gateway.cpp(407): warning:  #550-D: variable "val" was set but never used
gateway.cpp(451): warning:  #177-D: variable "node_id" was declared but never referenced
gateway.cpp(582): warning:  #111-D: statement is unreachable
gateway.cpp(502): warning:  #177-D: variable "from" was declared but never referenced
gateway.cpp(502): warning:  #177-D: variable "received_round" was declared but never referenced
gateway.cpp(503): warning:  #177-D: variable "i" was declared but never referenced
gateway.cpp(503): warning:  #177-D: variable "r" was declared but never referenced
gateway.cpp(503): warning:  #177-D: variable "fromMole" was declared but never referenced
gateway.cpp(506): warning:  #177-D: variable "val" was declared but never referenced
gateway.cpp(593): warning:  #177-D: variable "val" was declared but never referenced
gateway.cpp(595): warning:  #177-D: variable "r_period" was declared but never referenced
gateway.cpp(654): warning:  #550-D: variable "val" was set but never used
gateway.cpp(666): warning:  #550-D: variable "val" was set but never used
gateway.cpp(686): warning:  #177-D: variable "i" was declared but never referenced
gateway.cpp(686): warning:  #550-D: variable "val" was set but never used
gateway.cpp(710): warning:  #550-D: variable "status" was set but never used
gateway.cpp(593): warning: C4017W: sequenceNumber may be used before being set
linking...
Program Size: Code=33180 RO-data=1576 RW-data=376 ZI-data=37492  
After Build - User command #1: fromelf --bin -o G:\MRK.bin .\build\MRK.axf
".\build\MRK.axf" - 0 Errors, 24 Warning(s).
Build target 'mbed NXP LPC1768'
compiling gateway.cpp...
gateway.cpp(126): warning:  #177-D: variable "i" was declared but never referenced
gateway.cpp(153): warning:  #177-D: variable "i" was declared but never referenced
gateway.cpp(200): warning:  #177-D: variable "data" was declared but never referenced
gateway.cpp(223): warning:  #177-D: variable "val" was declared but never referenced
gateway.cpp(280): warning:  #550-D: variable "val" was set but never used
gateway.cpp(388): warning:  #177-D: variable "i" was declared but never referenced
gateway.cpp(390): warning:  #177-D: variable "recSequence" was declared but never referenced
gateway.cpp(407): warning:  #550-D: variable "val" was set but never used
gateway.cpp(451): warning:  #177-D: variable "node_id" was declared but never referenced
gateway.cpp(582): warning:  #111-D: statement is unreachable
gateway.cpp(502): warning:  #177-D: variable "from" was declared but never referenced
gateway.cpp(502): warning:  #177-D: variable "received_round" was declared but never referenced
gateway.cpp(503): warning:  #177-D: variable "i" was declared but never referenced
gateway.cpp(503): warning:  #177-D: variable "r" was declared but never referenced
gateway.cpp(503): warning:  #177-D: variable "fromMole" was declared but never referenced
gateway.cpp(506): warning:  #177-D: variable "val" was declared but never referenced
gateway.cpp(593): warning:  #177-D: variable "val" was declared but never referenced
gateway.cpp(595): warning:  #177-D: variable "r_period" was declared but never referenced
gateway.cpp(654): warning:  #550-D: variable "val" was set but never used
gateway.cpp(666): warning:  #550-D: variable "val" was set but never used
gateway.cpp(686): warning:  #177-D: variable "i" was declared but never referenced
gateway.cpp(686): warning:  #550-D: variable "val" was set but never used
gateway.cpp(710): warning:  #550-D: variable "status" was set but never used
gateway.cpp(593): warning: C4017W: sequenceNumber may be used before being set
linking...
Program Size: Code=33184 RO-data=1576 RW-data=376 ZI-data=37492  
After Build - User command #1: fromelf --bin -o F:\MRK.bin .\build\MRK.axf
".\build\MRK.axf" - 0 Errors, 24 Warning(s).
Build target 'mbed NXP LPC1768'
compiling gateway.cpp...
gateway.cpp(126): warning:  #177-D: variable "i" was declared but never referenced
gateway.cpp(153): warning:  #177-D: variable "i" was declared but never referenced
gateway.cpp(200): warning:  #177-D: variable "data" was declared but never referenced
gateway.cpp(223): warning:  #177-D: variable "val" was declared but never referenced
gateway.cpp(280): warning:  #550-D: variable "val" was set but never used
gateway.cpp(388): warning:  #177-D: variable "i" was declared but never referenced
gateway.cpp(390): warning:  #177-D: variable "recSequence" was declared but never referenced
gateway.cpp(407): warning:  #550-D: variable "val" was set but never used
gateway.cpp(451): warning:  #177-D: variable "node_id" was declared but never referenced
gateway.cpp(582): warning:  #111-D: statement is unreachable
gateway.cpp(502): warning:  #177-D: variable "from" was declared but never referenced
gateway.cpp(502): warning:  #177-D: variable "received_round" was declared but never referenced
gateway.cpp(503): warning:  #177-D: variable "i" was declared but never referenced
gateway.cpp(503): warning:  #177-D: variable "r" was declared but never referenced
gateway.cpp(503): warning:  #177-D: variable "fromMole" was declared but never referenced
gateway.cpp(506): warning:  #177-D: variable "val" was declared but never referenced
gateway.cpp(610): warning:  #111-D: statement is unreachable
gateway.cpp(593): warning:  #177-D: variable "val" was declared but never referenced
gateway.cpp(595): warning:  #177-D: variable "r_period" was declared but never referenced
gateway.cpp(654): warning:  #550-D: variable "val" was set but never used
gateway.cpp(666): warning:  #550-D: variable "val" was set but never used
gateway.cpp(686): warning:  #177-D: variable "i" was declared but never referenced
gateway.cpp(686): warning:  #550-D: variable "val" was set but never used
gateway.cpp(710): warning:  #550-D: variable "status" was set but never used
linking...
Program Size: Code=32692 RO-data=1576 RW-data=376 ZI-data=37492  
After Build - User command #1: fromelf --bin -o E:\MRK.bin .\build\MRK.axf
".\build\MRK.axf" - 0 Errors, 24 Warning(s).
