<html>
<body>
<pre>
<h1>µVision Build Log</h1>
<h2>Project:</h2>
S:\MRK-master\MRK-master\mRKv2.0\MRK.uvproj
Project File Date:  11/12/2013

<h2>Output:</h2>
Build target 'mbed NXP LPC1768'
compiling newSender.cpp...
newSender.cpp(215): warning:  #550-D: variable "val" was set but never used
newSender.cpp(303): warning:  #550-D: variable "val" was set but never used
newSender.cpp(391): warning:  #177-D: variable "i" was declared but never referenced
newSender.cpp(462): warning:  #550-D: variable "val" was set but never used
newSender.cpp(523): warning:  #177-D: variable "mole" was declared but never referenced
newSender.cpp(523): warning:  #550-D: variable "from" was set but never used
newSender.cpp(523): warning:  #177-D: variable "received_round" was declared but never referenced
newSender.cpp(525): warning:  #177-D: variable "r" was declared but never referenced
newSender.cpp(525): warning:  #177-D: variable "fromMole" was declared but never referenced
newSender.cpp(531): warning:  #177-D: variable "val" was declared but never referenced
newSender.cpp(629): warning:  #177-D: variable "val" was declared but never referenced
newSender.cpp(629): warning:  #177-D: variable "sequenceNumber" was declared but never referenced
newSender.cpp(631): warning:  #177-D: variable "r_period" was declared but never referenced
newSender.cpp(686): warning:  #550-D: variable "status" was set but never used
linking...
Program Size: Code=31050 RO-data=1546 RW-data=344 ZI-data=37132  
After Build - User command #1: fromelf --bin -o E:\MRK.bin .\build\MRK.axf
".\build\MRK.axf" - 0 Errors, 14 Warning(s).
Build target 'mbed NXP LPC1768'
compiling newSender.cpp...
newSender.cpp(215): warning:  #550-D: variable "val" was set but never used
newSender.cpp(303): warning:  #550-D: variable "val" was set but never used
newSender.cpp(391): warning:  #177-D: variable "i" was declared but never referenced
newSender.cpp(462): warning:  #550-D: variable "val" was set but never used
newSender.cpp(523): warning:  #177-D: variable "mole" was declared but never referenced
newSender.cpp(523): warning:  #550-D: variable "from" was set but never used
newSender.cpp(523): warning:  #177-D: variable "received_round" was declared but never referenced
newSender.cpp(525): warning:  #177-D: variable "r" was declared but never referenced
newSender.cpp(525): warning:  #177-D: variable "fromMole" was declared but never referenced
newSender.cpp(531): warning:  #177-D: variable "val" was declared but never referenced
newSender.cpp(629): warning:  #177-D: variable "val" was declared but never referenced
newSender.cpp(629): warning:  #177-D: variable "sequenceNumber" was declared but never referenced
newSender.cpp(631): warning:  #177-D: variable "r_period" was declared but never referenced
newSender.cpp(686): warning:  #550-D: variable "status" was set but never used
linking...
Program Size: Code=31050 RO-data=1546 RW-data=344 ZI-data=37132  
After Build - User command #1: fromelf --bin -o G:\MRK.bin .\build\MRK.axf
".\build\MRK.axf" - 0 Errors, 14 Warning(s).
Build target 'mbed NXP LPC1768'
compiling newSender.cpp...
newSender.cpp(215): warning:  #550-D: variable "val" was set but never used
newSender.cpp(303): warning:  #550-D: variable "val" was set but never used
newSender.cpp(391): warning:  #177-D: variable "i" was declared but never referenced
newSender.cpp(462): warning:  #550-D: variable "val" was set but never used
newSender.cpp(523): warning:  #177-D: variable "mole" was declared but never referenced
newSender.cpp(523): warning:  #550-D: variable "from" was set but never used
newSender.cpp(523): warning:  #177-D: variable "received_round" was declared but never referenced
newSender.cpp(525): warning:  #177-D: variable "r" was declared but never referenced
newSender.cpp(525): warning:  #177-D: variable "fromMole" was declared but never referenced
newSender.cpp(531): warning:  #177-D: variable "val" was declared but never referenced
newSender.cpp(629): warning:  #177-D: variable "val" was declared but never referenced
newSender.cpp(629): warning:  #177-D: variable "sequenceNumber" was declared but never referenced
newSender.cpp(631): warning:  #177-D: variable "r_period" was declared but never referenced
newSender.cpp(686): warning:  #550-D: variable "status" was set but never used
linking...
Program Size: Code=31054 RO-data=1546 RW-data=344 ZI-data=37132  
After Build - User command #1: fromelf --bin -o F:\MRK.bin .\build\MRK.axf
".\build\MRK.axf" - 0 Errors, 14 Warning(s).
Build target 'mbed NXP LPC1768'
linking...
Program Size: Code=31054 RO-data=1546 RW-data=344 ZI-data=37132  
After Build - User command #1: fromelf --bin -o H:\MRK.bin .\build\MRK.axf
".\build\MRK.axf" - 0 Errors, 0 Warning(s).
Build target 'mbed NXP LPC1768'
compiling newSender.cpp...
newSender.cpp(215): warning:  #550-D: variable "val" was set but never used
newSender.cpp(303): warning:  #177-D: variable "val" was declared but never referenced
newSender.cpp(388): warning:  #177-D: variable "i" was declared but never referenced
newSender.cpp(459): warning:  #550-D: variable "val" was set but never used
newSender.cpp(520): warning:  #177-D: variable "mole" was declared but never referenced
newSender.cpp(520): warning:  #550-D: variable "from" was set but never used
newSender.cpp(520): warning:  #177-D: variable "received_round" was declared but never referenced
newSender.cpp(522): warning:  #177-D: variable "r" was declared but never referenced
newSender.cpp(522): warning:  #177-D: variable "fromMole" was declared but never referenced
newSender.cpp(528): warning:  #177-D: variable "val" was declared but never referenced
newSender.cpp(626): warning:  #177-D: variable "val" was declared but never referenced
newSender.cpp(626): warning:  #177-D: variable "sequenceNumber" was declared but never referenced
newSender.cpp(628): warning:  #177-D: variable "r_period" was declared but never referenced
newSender.cpp(683): warning:  #550-D: variable "status" was set but never used
linking...
Program Size: Code=31082 RO-data=1546 RW-data=344 ZI-data=37132  
After Build - User command #1: fromelf --bin -o E:\MRK.bin .\build\MRK.axf
".\build\MRK.axf" - 0 Errors, 14 Warning(s).
Build target 'mbed NXP LPC1768'
compiling newSender.cpp...
newSender.cpp(215): warning:  #550-D: variable "val" was set but never used
newSender.cpp(303): warning:  #177-D: variable "val" was declared but never referenced
newSender.cpp(388): warning:  #177-D: variable "i" was declared but never referenced
newSender.cpp(459): warning:  #550-D: variable "val" was set but never used
newSender.cpp(520): warning:  #177-D: variable "mole" was declared but never referenced
newSender.cpp(520): warning:  #550-D: variable "from" was set but never used
newSender.cpp(520): warning:  #177-D: variable "received_round" was declared but never referenced
newSender.cpp(522): warning:  #177-D: variable "r" was declared but never referenced
newSender.cpp(522): warning:  #177-D: variable "fromMole" was declared but never referenced
newSender.cpp(528): warning:  #177-D: variable "val" was declared but never referenced
newSender.cpp(626): warning:  #177-D: variable "val" was declared but never referenced
newSender.cpp(626): warning:  #177-D: variable "sequenceNumber" was declared but never referenced
newSender.cpp(628): warning:  #177-D: variable "r_period" was declared but never referenced
newSender.cpp(683): warning:  #550-D: variable "status" was set but never used
linking...
Program Size: Code=31082 RO-data=1546 RW-data=344 ZI-data=37132  
After Build - User command #1: fromelf --bin -o G:\MRK.bin .\build\MRK.axf
".\build\MRK.axf" - 0 Errors, 14 Warning(s).
Build target 'mbed NXP LPC1768'
compiling newSender.cpp...
newSender.cpp(215): warning:  #550-D: variable "val" was set but never used
newSender.cpp(303): warning:  #177-D: variable "val" was declared but never referenced
newSender.cpp(388): warning:  #177-D: variable "i" was declared but never referenced
newSender.cpp(459): warning:  #550-D: variable "val" was set but never used
newSender.cpp(520): warning:  #177-D: variable "mole" was declared but never referenced
newSender.cpp(520): warning:  #550-D: variable "from" was set but never used
newSender.cpp(520): warning:  #177-D: variable "received_round" was declared but never referenced
newSender.cpp(522): warning:  #177-D: variable "r" was declared but never referenced
newSender.cpp(522): warning:  #177-D: variable "fromMole" was declared but never referenced
newSender.cpp(528): warning:  #177-D: variable "val" was declared but never referenced
newSender.cpp(626): warning:  #177-D: variable "val" was declared but never referenced
newSender.cpp(626): warning:  #177-D: variable "sequenceNumber" was declared but never referenced
newSender.cpp(628): warning:  #177-D: variable "r_period" was declared but never referenced
newSender.cpp(683): warning:  #550-D: variable "status" was set but never used
linking...
Program Size: Code=31086 RO-data=1546 RW-data=344 ZI-data=37132  
After Build - User command #1: fromelf --bin -o F:\MRK.bin .\build\MRK.axf
".\build\MRK.axf" - 0 Errors, 14 Warning(s).
Build target 'mbed NXP LPC1768'
compiling newSender.cpp...
newSender.cpp(215): warning:  #550-D: variable "val" was set but never used
newSender.cpp(303): warning:  #177-D: variable "val" was declared but never referenced
newSender.cpp(388): warning:  #177-D: variable "i" was declared but never referenced
newSender.cpp(459): warning:  #550-D: variable "val" was set but never used
newSender.cpp(520): warning:  #177-D: variable "mole" was declared but never referenced
newSender.cpp(520): warning:  #550-D: variable "from" was set but never used
newSender.cpp(520): warning:  #177-D: variable "received_round" was declared but never referenced
newSender.cpp(522): warning:  #177-D: variable "r" was declared but never referenced
newSender.cpp(522): warning:  #177-D: variable "fromMole" was declared but never referenced
newSender.cpp(528): warning:  #177-D: variable "val" was declared but never referenced
newSender.cpp(626): warning:  #177-D: variable "val" was declared but never referenced
newSender.cpp(626): warning:  #177-D: variable "sequenceNumber" was declared but never referenced
newSender.cpp(628): warning:  #177-D: variable "r_period" was declared but never referenced
newSender.cpp(683): warning:  #550-D: variable "status" was set but never used
linking...
Program Size: Code=31086 RO-data=1546 RW-data=344 ZI-data=37132  
After Build - User command #1: fromelf --bin -o H:\MRK.bin .\build\MRK.axf
".\build\MRK.axf" - 0 Errors, 14 Warning(s).
Build target 'mbed NXP LPC1768'
compiling newSender.cpp...
newSender.cpp(215): warning:  #550-D: variable "val" was set but never used
newSender.cpp(311): warning:  #177-D: variable "val" was declared but never referenced
newSender.cpp(396): warning:  #177-D: variable "i" was declared but never referenced
newSender.cpp(467): warning:  #550-D: variable "val" was set but never used
newSender.cpp(529): warning:  #177-D: variable "mole" was declared but never referenced
newSender.cpp(529): warning:  #550-D: variable "from" was set but never used
newSender.cpp(529): warning:  #177-D: variable "received_round" was declared but never referenced
newSender.cpp(531): warning:  #177-D: variable "r" was declared but never referenced
newSender.cpp(531): warning:  #177-D: variable "fromMole" was declared but never referenced
newSender.cpp(537): warning:  #177-D: variable "val" was declared but never referenced
newSender.cpp(635): warning:  #177-D: variable "val" was declared but never referenced
newSender.cpp(635): warning:  #177-D: variable "sequenceNumber" was declared but never referenced
newSender.cpp(637): warning:  #177-D: variable "r_period" was declared but never referenced
newSender.cpp(692): warning:  #550-D: variable "status" was set but never used
linking...
Program Size: Code=31182 RO-data=1546 RW-data=344 ZI-data=37132  
After Build - User command #1: fromelf --bin -o H:\MRK.bin .\build\MRK.axf
".\build\MRK.axf" - 0 Errors, 14 Warning(s).
Build target 'mbed NXP LPC1768'
compiling newSender.cpp...
newSender.cpp(215): warning:  #550-D: variable "val" was set but never used
newSender.cpp(311): warning:  #177-D: variable "val" was declared but never referenced
newSender.cpp(396): warning:  #177-D: variable "i" was declared but never referenced
newSender.cpp(467): warning:  #550-D: variable "val" was set but never used
newSender.cpp(529): warning:  #177-D: variable "mole" was declared but never referenced
newSender.cpp(529): warning:  #550-D: variable "from" was set but never used
newSender.cpp(529): warning:  #177-D: variable "received_round" was declared but never referenced
newSender.cpp(531): warning:  #177-D: variable "r" was declared but never referenced
newSender.cpp(531): warning:  #177-D: variable "fromMole" was declared but never referenced
newSender.cpp(537): warning:  #177-D: variable "val" was declared but never referenced
newSender.cpp(635): warning:  #177-D: variable "val" was declared but never referenced
newSender.cpp(635): warning:  #177-D: variable "sequenceNumber" was declared but never referenced
newSender.cpp(637): warning:  #177-D: variable "r_period" was declared but never referenced
newSender.cpp(692): warning:  #550-D: variable "status" was set but never used
linking...
Program Size: Code=31186 RO-data=1546 RW-data=344 ZI-data=37132  
After Build - User command #1: fromelf --bin -o H:\MRK.bin .\build\MRK.axf
".\build\MRK.axf" - 0 Errors, 14 Warning(s).
Build target 'mbed NXP LPC1768'
compiling newSender.cpp...
newSender.cpp(215): warning:  #550-D: variable "val" was set but never used
newSender.cpp(311): warning:  #177-D: variable "val" was declared but never referenced
newSender.cpp(396): warning:  #177-D: variable "i" was declared but never referenced
newSender.cpp(467): warning:  #550-D: variable "val" was set but never used
newSender.cpp(529): warning:  #177-D: variable "mole" was declared but never referenced
newSender.cpp(529): warning:  #550-D: variable "from" was set but never used
newSender.cpp(529): warning:  #177-D: variable "received_round" was declared but never referenced
newSender.cpp(531): warning:  #177-D: variable "r" was declared but never referenced
newSender.cpp(531): warning:  #177-D: variable "fromMole" was declared but never referenced
newSender.cpp(537): warning:  #177-D: variable "val" was declared but never referenced
newSender.cpp(635): warning:  #177-D: variable "val" was declared but never referenced
newSender.cpp(635): warning:  #177-D: variable "sequenceNumber" was declared but never referenced
newSender.cpp(637): warning:  #177-D: variable "r_period" was declared but never referenced
newSender.cpp(692): warning:  #550-D: variable "status" was set but never used
linking...
Program Size: Code=31186 RO-data=1546 RW-data=344 ZI-data=37132  
After Build - User command #1: fromelf --bin -o H:\MRK.bin .\build\MRK.axf
".\build\MRK.axf" - 0 Errors, 14 Warning(s).
Build target 'mbed NXP LPC1768'
compiling newSender.cpp...
newSender.cpp(215): warning:  #550-D: variable "val" was set but never used
newSender.cpp(311): warning:  #177-D: variable "val" was declared but never referenced
newSender.cpp(396): warning:  #177-D: variable "i" was declared but never referenced
newSender.cpp(467): warning:  #550-D: variable "val" was set but never used
newSender.cpp(529): warning:  #177-D: variable "mole" was declared but never referenced
newSender.cpp(529): warning:  #550-D: variable "from" was set but never used
newSender.cpp(529): warning:  #177-D: variable "received_round" was declared but never referenced
newSender.cpp(531): warning:  #177-D: variable "r" was declared but never referenced
newSender.cpp(531): warning:  #177-D: variable "fromMole" was declared but never referenced
newSender.cpp(537): warning:  #177-D: variable "val" was declared but never referenced
newSender.cpp(635): warning:  #177-D: variable "val" was declared but never referenced
newSender.cpp(635): warning:  #177-D: variable "sequenceNumber" was declared but never referenced
newSender.cpp(637): warning:  #177-D: variable "r_period" was declared but never referenced
newSender.cpp(692): warning:  #550-D: variable "status" was set but never used
linking...
Program Size: Code=31286 RO-data=1546 RW-data=344 ZI-data=37132  
After Build - User command #1: fromelf --bin -o H:\MRK.bin .\build\MRK.axf
".\build\MRK.axf" - 0 Errors, 14 Warning(s).
Build target 'mbed NXP LPC1768'
compiling newSender.cpp...
newSender.cpp(215): warning:  #550-D: variable "val" was set but never used
newSender.cpp(311): warning:  #177-D: variable "val" was declared but never referenced
newSender.cpp(396): warning:  #177-D: variable "i" was declared but never referenced
newSender.cpp(436): warning:  #177-D: variable "nextHop" was declared but never referenced
newSender.cpp(436): warning:  #177-D: variable "cost" was declared but never referenced
newSender.cpp(436): warning:  #177-D: variable "destID" was declared but never referenced
newSender.cpp(453): warning:  #550-D: variable "val" was set but never used
newSender.cpp(515): warning:  #177-D: variable "mole" was declared but never referenced
newSender.cpp(515): warning:  #550-D: variable "from" was set but never used
newSender.cpp(515): warning:  #177-D: variable "received_round" was declared but never referenced
newSender.cpp(517): warning:  #177-D: variable "r" was declared but never referenced
newSender.cpp(517): warning:  #177-D: variable "fromMole" was declared but never referenced
newSender.cpp(523): warning:  #177-D: variable "val" was declared but never referenced
newSender.cpp(621): warning:  #177-D: variable "val" was declared but never referenced
newSender.cpp(621): warning:  #177-D: variable "sequenceNumber" was declared but never referenced
newSender.cpp(623): warning:  #177-D: variable "r_period" was declared but never referenced
newSender.cpp(678): warning:  #550-D: variable "status" was set but never used
linking...
Program Size: Code=31274 RO-data=1546 RW-data=344 ZI-data=37132  
After Build - User command #1: fromelf --bin -o H:\MRK.bin .\build\MRK.axf
".\build\MRK.axf" - 0 Errors, 17 Warning(s).
Build target 'mbed NXP LPC1768'
compiling newSender.cpp...
newSender.cpp(215): warning:  #550-D: variable "val" was set but never used
newSender.cpp(311): warning:  #177-D: variable "val" was declared but never referenced
newSender.cpp(396): warning:  #177-D: variable "i" was declared but never referenced
newSender.cpp(436): warning:  #177-D: variable "nextHop" was declared but never referenced
newSender.cpp(436): warning:  #177-D: variable "cost" was declared but never referenced
newSender.cpp(436): warning:  #177-D: variable "destID" was declared but never referenced
newSender.cpp(453): warning:  #550-D: variable "val" was set but never used
newSender.cpp(515): warning:  #177-D: variable "mole" was declared but never referenced
newSender.cpp(515): warning:  #550-D: variable "from" was set but never used
newSender.cpp(515): warning:  #177-D: variable "received_round" was declared but never referenced
newSender.cpp(517): warning:  #177-D: variable "r" was declared but never referenced
newSender.cpp(517): warning:  #177-D: variable "fromMole" was declared but never referenced
newSender.cpp(523): warning:  #177-D: variable "val" was declared but never referenced
newSender.cpp(621): warning:  #177-D: variable "val" was declared but never referenced
newSender.cpp(621): warning:  #177-D: variable "sequenceNumber" was declared but never referenced
newSender.cpp(623): warning:  #177-D: variable "r_period" was declared but never referenced
newSender.cpp(678): warning:  #550-D: variable "status" was set but never used
linking...
Program Size: Code=31126 RO-data=1546 RW-data=344 ZI-data=37132  
After Build - User command #1: fromelf --bin -o G:\MRK.bin .\build\MRK.axf
".\build\MRK.axf" - 0 Errors, 17 Warning(s).
Build target 'mbed NXP LPC1768'
compiling newSender.cpp...
newSender.cpp(215): warning:  #550-D: variable "val" was set but never used
newSender.cpp(311): warning:  #177-D: variable "val" was declared but never referenced
newSender.cpp(396): warning:  #177-D: variable "i" was declared but never referenced
newSender.cpp(436): warning:  #177-D: variable "nextHop" was declared but never referenced
newSender.cpp(436): warning:  #177-D: variable "cost" was declared but never referenced
newSender.cpp(436): warning:  #177-D: variable "destID" was declared but never referenced
newSender.cpp(453): warning:  #550-D: variable "val" was set but never used
newSender.cpp(515): warning:  #177-D: variable "mole" was declared but never referenced
newSender.cpp(515): warning:  #550-D: variable "from" was set but never used
newSender.cpp(515): warning:  #177-D: variable "received_round" was declared but never referenced
newSender.cpp(517): warning:  #177-D: variable "r" was declared but never referenced
newSender.cpp(517): warning:  #177-D: variable "fromMole" was declared but never referenced
newSender.cpp(523): warning:  #177-D: variable "val" was declared but never referenced
newSender.cpp(621): warning:  #177-D: variable "val" was declared but never referenced
newSender.cpp(621): warning:  #177-D: variable "sequenceNumber" was declared but never referenced
newSender.cpp(623): warning:  #177-D: variable "r_period" was declared but never referenced
newSender.cpp(678): warning:  #550-D: variable "status" was set but never used
linking...
Program Size: Code=31126 RO-data=1546 RW-data=344 ZI-data=37132  
After Build - User command #1: fromelf --bin -o E:\MRK.bin .\build\MRK.axf
".\build\MRK.axf" - 0 Errors, 17 Warning(s).
Build target 'mbed NXP LPC1768'
compiling newSender.cpp...
newSender.cpp(215): warning:  #550-D: variable "val" was set but never used
newSender.cpp(311): warning:  #177-D: variable "val" was declared but never referenced
newSender.cpp(396): warning:  #177-D: variable "i" was declared but never referenced
newSender.cpp(436): warning:  #177-D: variable "nextHop" was declared but never referenced
newSender.cpp(436): warning:  #177-D: variable "cost" was declared but never referenced
newSender.cpp(436): warning:  #177-D: variable "destID" was declared but never referenced
newSender.cpp(453): warning:  #550-D: variable "val" was set but never used
newSender.cpp(515): warning:  #177-D: variable "mole" was declared but never referenced
newSender.cpp(515): warning:  #550-D: variable "from" was set but never used
newSender.cpp(515): warning:  #177-D: variable "received_round" was declared but never referenced
newSender.cpp(517): warning:  #177-D: variable "r" was declared but never referenced
newSender.cpp(517): warning:  #177-D: variable "fromMole" was declared but never referenced
newSender.cpp(523): warning:  #177-D: variable "val" was declared but never referenced
newSender.cpp(621): warning:  #177-D: variable "val" was declared but never referenced
newSender.cpp(621): warning:  #177-D: variable "sequenceNumber" was declared but never referenced
newSender.cpp(623): warning:  #177-D: variable "r_period" was declared but never referenced
newSender.cpp(678): warning:  #550-D: variable "status" was set but never used
linking...
Program Size: Code=31130 RO-data=1546 RW-data=344 ZI-data=37132  
After Build - User command #1: fromelf --bin -o F:\MRK.bin .\build\MRK.axf
".\build\MRK.axf" - 0 Errors, 17 Warning(s).
Build target 'mbed NXP LPC1768'
compiling newSender.cpp...
newSender.cpp(215): warning:  #550-D: variable "val" was set but never used
newSender.cpp(311): warning:  #177-D: variable "val" was declared but never referenced
newSender.cpp(396): warning:  #177-D: variable "i" was declared but never referenced
newSender.cpp(436): warning:  #177-D: variable "nextHop" was declared but never referenced
newSender.cpp(436): warning:  #177-D: variable "cost" was declared but never referenced
newSender.cpp(436): warning:  #177-D: variable "destID" was declared but never referenced
newSender.cpp(453): warning:  #550-D: variable "val" was set but never used
newSender.cpp(515): warning:  #177-D: variable "mole" was declared but never referenced
newSender.cpp(515): warning:  #550-D: variable "from" was set but never used
newSender.cpp(515): warning:  #177-D: variable "received_round" was declared but never referenced
newSender.cpp(517): warning:  #177-D: variable "r" was declared but never referenced
newSender.cpp(517): warning:  #177-D: variable "fromMole" was declared but never referenced
newSender.cpp(523): warning:  #177-D: variable "val" was declared but never referenced
newSender.cpp(621): warning:  #177-D: variable "val" was declared but never referenced
newSender.cpp(621): warning:  #177-D: variable "sequenceNumber" was declared but never referenced
newSender.cpp(623): warning:  #177-D: variable "r_period" was declared but never referenced
newSender.cpp(678): warning:  #550-D: variable "status" was set but never used
linking...
Program Size: Code=31130 RO-data=1546 RW-data=344 ZI-data=37132  
After Build - User command #1: fromelf --bin -o H:\MRK.bin .\build\MRK.axf
".\build\MRK.axf" - 0 Errors, 17 Warning(s).
Build target 'mbed NXP LPC1768'
compiling newSender.cpp...
newSender.cpp(215): warning:  #550-D: variable "val" was set but never used
newSender.cpp(311): warning:  #177-D: variable "val" was declared but never referenced
newSender.cpp(396): warning:  #177-D: variable "i" was declared but never referenced
newSender.cpp(436): warning:  #177-D: variable "nextHop" was declared but never referenced
newSender.cpp(436): warning:  #177-D: variable "cost" was declared but never referenced
newSender.cpp(436): warning:  #177-D: variable "destID" was declared but never referenced
newSender.cpp(453): warning:  #550-D: variable "val" was set but never used
newSender.cpp(515): warning:  #177-D: variable "mole" was declared but never referenced
newSender.cpp(515): warning:  #550-D: variable "from" was set but never used
newSender.cpp(515): warning:  #177-D: variable "received_round" was declared but never referenced
newSender.cpp(517): warning:  #177-D: variable "r" was declared but never referenced
newSender.cpp(517): warning:  #177-D: variable "fromMole" was declared but never referenced
newSender.cpp(523): warning:  #177-D: variable "val" was declared but never referenced
newSender.cpp(621): warning:  #177-D: variable "val" was declared but never referenced
newSender.cpp(621): warning:  #177-D: variable "sequenceNumber" was declared but never referenced
newSender.cpp(623): warning:  #177-D: variable "r_period" was declared but never referenced
newSender.cpp(678): warning:  #550-D: variable "status" was set but never used
linking...
Program Size: Code=31134 RO-data=1546 RW-data=344 ZI-data=37132  
After Build - User command #1: fromelf --bin -o E:\MRK.bin .\build\MRK.axf
".\build\MRK.axf" - 0 Errors, 17 Warning(s).
Build target 'mbed NXP LPC1768'
compiling newSender.cpp...
newSender.cpp(215): warning:  #550-D: variable "val" was set but never used
newSender.cpp(311): warning:  #177-D: variable "val" was declared but never referenced
newSender.cpp(396): warning:  #177-D: variable "i" was declared but never referenced
newSender.cpp(436): warning:  #177-D: variable "nextHop" was declared but never referenced
newSender.cpp(436): warning:  #177-D: variable "cost" was declared but never referenced
newSender.cpp(436): warning:  #177-D: variable "destID" was declared but never referenced
newSender.cpp(453): warning:  #550-D: variable "val" was set but never used
newSender.cpp(515): warning:  #177-D: variable "mole" was declared but never referenced
newSender.cpp(515): warning:  #550-D: variable "from" was set but never used
newSender.cpp(515): warning:  #177-D: variable "received_round" was declared but never referenced
newSender.cpp(517): warning:  #177-D: variable "r" was declared but never referenced
newSender.cpp(517): warning:  #177-D: variable "fromMole" was declared but never referenced
newSender.cpp(523): warning:  #177-D: variable "val" was declared but never referenced
newSender.cpp(621): warning:  #177-D: variable "val" was declared but never referenced
newSender.cpp(621): warning:  #177-D: variable "sequenceNumber" was declared but never referenced
newSender.cpp(623): warning:  #177-D: variable "r_period" was declared but never referenced
newSender.cpp(678): warning:  #550-D: variable "status" was set but never used
linking...
Program Size: Code=31134 RO-data=1546 RW-data=344 ZI-data=37132  
After Build - User command #1: fromelf --bin -o G:\MRK.bin .\build\MRK.axf
".\build\MRK.axf" - 0 Errors, 17 Warning(s).
Build target 'mbed NXP LPC1768'
linking...
Program Size: Code=31134 RO-data=1546 RW-data=344 ZI-data=37132  
After Build - User command #1: fromelf --bin -o G:\MRK.bin .\build\MRK.axf
".\build\MRK.axf" - 0 Errors, 0 Warning(s).
Build target 'mbed NXP LPC1768'
compiling newSender.cpp...
newSender.cpp(215): warning:  #550-D: variable "val" was set but never used
newSender.cpp(311): warning:  #177-D: variable "val" was declared but never referenced
newSender.cpp(396): warning:  #177-D: variable "i" was declared but never referenced
newSender.cpp(436): warning:  #177-D: variable "nextHop" was declared but never referenced
newSender.cpp(436): warning:  #177-D: variable "cost" was declared but never referenced
newSender.cpp(436): warning:  #177-D: variable "destID" was declared but never referenced
newSender.cpp(453): warning:  #550-D: variable "val" was set but never used
newSender.cpp(515): warning:  #177-D: variable "mole" was declared but never referenced
newSender.cpp(515): warning:  #550-D: variable "from" was set but never used
newSender.cpp(515): warning:  #177-D: variable "received_round" was declared but never referenced
newSender.cpp(517): warning:  #177-D: variable "r" was declared but never referenced
newSender.cpp(517): warning:  #177-D: variable "fromMole" was declared but never referenced
newSender.cpp(523): warning:  #177-D: variable "val" was declared but never referenced
newSender.cpp(621): warning:  #177-D: variable "val" was declared but never referenced
newSender.cpp(621): warning:  #177-D: variable "sequenceNumber" was declared but never referenced
newSender.cpp(623): warning:  #177-D: variable "r_period" was declared but never referenced
newSender.cpp(678): warning:  #550-D: variable "status" was set but never used
linking...
Program Size: Code=31138 RO-data=1546 RW-data=344 ZI-data=37132  
After Build - User command #1: fromelf --bin -o F:\MRK.bin .\build\MRK.axf
".\build\MRK.axf" - 0 Errors, 17 Warning(s).
Build target 'mbed NXP LPC1768'
compiling newSender.cpp...
newSender.cpp(215): warning:  #550-D: variable "val" was set but never used
newSender.cpp(311): warning:  #177-D: variable "val" was declared but never referenced
newSender.cpp(396): warning:  #177-D: variable "i" was declared but never referenced
newSender.cpp(436): warning:  #177-D: variable "nextHop" was declared but never referenced
newSender.cpp(436): warning:  #177-D: variable "cost" was declared but never referenced
newSender.cpp(436): warning:  #177-D: variable "destID" was declared but never referenced
newSender.cpp(453): warning:  #550-D: variable "val" was set but never used
newSender.cpp(515): warning:  #177-D: variable "mole" was declared but never referenced
newSender.cpp(515): warning:  #550-D: variable "from" was set but never used
newSender.cpp(515): warning:  #177-D: variable "received_round" was declared but never referenced
newSender.cpp(517): warning:  #177-D: variable "r" was declared but never referenced
newSender.cpp(517): warning:  #177-D: variable "fromMole" was declared but never referenced
newSender.cpp(523): warning:  #177-D: variable "val" was declared but never referenced
newSender.cpp(621): warning:  #177-D: variable "val" was declared but never referenced
newSender.cpp(621): warning:  #177-D: variable "sequenceNumber" was declared but never referenced
newSender.cpp(623): warning:  #177-D: variable "r_period" was declared but never referenced
newSender.cpp(678): warning:  #550-D: variable "status" was set but never used
linking...
Program Size: Code=31138 RO-data=1546 RW-data=344 ZI-data=37132  
After Build - User command #1: fromelf --bin -o H:\MRK.bin .\build\MRK.axf
".\build\MRK.axf" - 0 Errors, 17 Warning(s).
