ARM Linker, 5.03 [Build 76] [MDK-ARM Lite]

==============================================================================

Section Cross References

    main.o(.text) refers to _printf_percent.o(.ARM.Collect$$_printf_percent$$00000000) for _printf_percent
    main.o(.text) refers to _printf_x.o(.ARM.Collect$$_printf_percent$$0000000C) for _printf_x
    main.o(.text) refers to _printf_hex_int.o(.text) for _printf_longlong_hex
    main.o(.text) refers to _printf_d.o(.ARM.Collect$$_printf_percent$$00000009) for _printf_d
    main.o(.text) refers to _printf_dec.o(.text) for _printf_int_dec
    main.o(.text) refers to _printf_pad.o(.text) for _printf_pre_padding
    main.o(.text) refers to noretval__2printf.o(.text) for __2printf
    main.o(.text) refers to exit.o(i.exit) for exit
    main.o(.text) refers to foo.o(.text) for foo()
    main.o(.text) refers to iap.o(.text) for IAP::prepare(int, int)
    main.o(.text) refers to gpio_api.o(i.gpio_init) for gpio_init
    main.o(.text) refers to main.o(.bss) for mpu
    main.o(.text) refers to main.o(.data) for sector_start_adress
    main.o(.text) refers to main.o(.constdata) for .constdata
    main.o(.text) refers to system_LPC17xx.o(.data) for SystemCoreClock
    main.o(.ARM.exidx) refers to main.o(.text) for .text
    main.o(.init_array) refers to main.o(.text) for __sti___8_main_cpp
    main.o(.init_array) refers to init_aeabi.o(.text) for __cpp_initialize__aeabi_
    iap.o(.ARM.exidx) refers to iap.o(.text) for .text
    foo.o(.ARM.exidx) refers to foo.o(.text) for .text
    sys.o(.ARM.exidx) refers to sys.o(i.__user_setup_stackheap) for i.__user_setup_stackheap
    system_LPC17xx.o(i.SystemCoreClockUpdate) refers to lludivv7m.o(.text) for __aeabi_uldivmod
    system_LPC17xx.o(i.SystemCoreClockUpdate) refers to system_LPC17xx.o(.data) for .data
    startup_LPC17xx.o(RESET) refers to startup_LPC17xx.o(.text) for Reset_Handler
    startup_LPC17xx.o(RESET) refers to main.o(.text) for HardFault_Handler
    startup_LPC17xx.o(.text) refers to system_LPC17xx.o(i.SystemInit) for SystemInit
    startup_LPC17xx.o(.text) refers to __main.o(!!!main) for __main
    retarget.o(i.$Sub$$main) refers to retarget.o(i.mbed_main) for mbed_main
    retarget.o(i.$Sub$$main) refers to main.o(.text) for $Super$$main
    retarget.o(i._Z11init_serialv) refers to serial_api.o(i.serial_init) for serial_init
    retarget.o(i._Z11init_serialv) refers to serial_api.o(.data) for stdio_uart_inited
    retarget.o(i._ZN4mbed10FileHandleD0Ev) refers to retarget.o(i._ZN4mbed10FileHandleD2Ev) for mbed::FileHandle::~FileHandle__sub_object()
    retarget.o(i._ZN4mbed10FileHandleD0Ev) refers to delete.o(i._ZdlPv) for operator delete (void*)
    retarget.o(i._ZN4mbed10FileHandleD2Ev) refers to retarget.o(.constdata__ZTVN4mbed10FileHandleE) for vtable for mbed::FileHandle
    retarget.o(i._ZN4mbed10FileHandleD2Ev) refers to retarget.o(.bss) for .bss
    retarget.o(i._sys_close) refers to retarget.o(.bss) for .bss
    retarget.o(i._sys_ensure) refers to retarget.o(.bss) for .bss
    retarget.o(i._sys_flen) refers to retarget.o(.bss) for .bss
    retarget.o(i._sys_istty) refers to retarget.o(.bss) for .bss
    retarget.o(i._sys_open) refers to _scanf_int.o(.text) for _scanf_int
    retarget.o(i._sys_open) refers to strcmpv7m.o(.text) for strcmp
    retarget.o(i._sys_open) refers to retarget.o(i._Z11init_serialv) for init_serial()
    retarget.o(i._sys_open) refers to FilePath.o(i._ZN4mbed8FilePathC1EPKc) for mbed::FilePath::FilePath(const char*)
    retarget.o(i._sys_open) refers to FilePath.o(i._ZN4mbed8FilePath6existsEv) for mbed::FilePath::exists()
    retarget.o(i._sys_open) refers to FilePath.o(i._ZN4mbed8FilePath6isFileEv) for mbed::FilePath::isFile()
    retarget.o(i._sys_open) refers to FilePath.o(i._ZN4mbed8FilePath4fileEv) for mbed::FilePath::file()
    retarget.o(i._sys_open) refers to __0sscanf.o(.text) for __0sscanf
    retarget.o(i._sys_open) refers to FilePath.o(i._ZN4mbed8FilePath10fileSystemEv) for mbed::FilePath::fileSystem()
    retarget.o(i._sys_open) refers to FilePath.o(i._ZN4mbed8FilePath8fileNameEv) for mbed::FilePath::fileName()
    retarget.o(i._sys_open) refers to retarget.o(.constdata) for .constdata
    retarget.o(i._sys_open) refers to retarget.o(.bss) for .bss
    retarget.o(i._sys_read) refers to serial_api.o(i.serial_getc) for serial_getc
    retarget.o(i._sys_read) refers to serial_api.o(.data) for stdio_uart
    retarget.o(i._sys_read) refers to retarget.o(.bss) for .bss
    retarget.o(i._sys_seek) refers to retarget.o(.bss) for .bss
    retarget.o(i._sys_write) refers to retarget.o(i._Z11init_serialv) for init_serial()
    retarget.o(i._sys_write) refers to serial_api.o(i.serial_putc) for serial_putc
    retarget.o(i._sys_write) refers to serial_api.o(.data) for stdio_uart_inited
    retarget.o(i._sys_write) refers to retarget.o(.bss) for .bss
[...]
    ../clib/unwind_pr.c                      0x00000000   Number         0  unwind_pr0.o ABSOLUTE
    ../clib/unwind_pr.c                      0x00000000   Number         0  unwind_prcommon.o ABSOLUTE
    ../clib/unwinder.c                       0x00000000   Number         0  unwinder.o ABSOLUTE
    ../clib/unwinder.c                       0x00000000   Number         0  unwinder.o ABSOLUTE
    ../clib/unwinder.c                       0x00000000   Number         0  unwind_activity.o ABSOLUTE
    ../clib/unwinder.c                       0x00000000   Number         0  unwind_activity.o ABSOLUTE
    ../clib/wchar.c                          0x00000000   Number         0  flsbuf_fwide.o ABSOLUTE
    ../fplib/faddsub.s                       0x00000000   Number         0  faddsub_clz.o ABSOLUTE
    ../fplib/fcheck1.s                       0x00000000   Number         0  fcheck1.o ABSOLUTE
    ../fplib/fcmpi.s                         0x00000000   Number         0  fcmpi.o ABSOLUTE
    ../fplib/fdiv.s                          0x00000000   Number         0  fdiv.o ABSOLUTE
    ../fplib/ffix.s                          0x00000000   Number         0  ffix.o ABSOLUTE
    ../fplib/fflt.s                          0x00000000   Number         0  fflt_clz.o ABSOLUTE
    ../fplib/fleqf.s                         0x00000000   Number         0  fleqf.o ABSOLUTE
    ../fplib/fmul.s                          0x00000000   Number         0  fmul.o ABSOLUTE
    ../fplib/fnaninf.s                       0x00000000   Number         0  fnaninf.o ABSOLUTE
    ../fplib/fpinit.s                        0x00000000   Number         0  fpinit.o ABSOLUTE
    ../fplib/fretinf.s                       0x00000000   Number         0  fretinf.o ABSOLUTE
    ../fplib/retnan.s                        0x00000000   Number         0  retnan.o ABSOLUTE
    ../fplib/scalbnf.s                       0x00000000   Number         0  scalbnf.o ABSOLUTE
    ../fplib/trapv.s                         0x00000000   Number         0  trapv.o ABSOLUTE
    ../fplib/usenofp.s                       0x00000000   Number         0  usenofp.o ABSOLUTE
    C:\\work\\mbed\\git_arm\\libraries\\mbed\\common\\FileBase.cpp 0x00000000   Number         0  FileBase.o ABSOLUTE
    C:\\work\\mbed\\git_arm\\libraries\\mbed\\common\\FilePath.cpp 0x00000000   Number         0  FilePath.o ABSOLUTE
    C:\\work\\mbed\\git_arm\\libraries\\mbed\\common\\FileSystemLike.cpp 0x00000000   Number         0  FileSystemLike.o ABSOLUTE
    C:\\work\\mbed\\git_arm\\libraries\\mbed\\common\\board.c 0x00000000   Number         0  board.o ABSOLUTE
    C:\\work\\mbed\\git_arm\\libraries\\mbed\\common\\exit.c 0x00000000   Number         0  exit.o ABSOLUTE
    C:\\work\\mbed\\git_arm\\libraries\\mbed\\common\\mbed_interface.c 0x00000000   Number         0  mbed_interface.o ABSOLUTE
    C:\\work\\mbed\\git_arm\\libraries\\mbed\\common\\pinmap_common.c 0x00000000   Number         0  pinmap_common.o ABSOLUTE
    C:\\work\\mbed\\git_arm\\libraries\\mbed\\common\\retarget.cpp 0x00000000   Number         0  retarget.o ABSOLUTE
    C:\\work\\mbed\\git_arm\\libraries\\mbed\\common\\semihost_api.c 0x00000000   Number         0  semihost_api.o ABSOLUTE
    C:\\work\\mbed\\git_arm\\libraries\\mbed\\common\\us_ticker_api.c 0x00000000   Number         0  us_ticker_api.o ABSOLUTE
    C:\\work\\mbed\\git_arm\\libraries\\mbed\\targets\\cmsis\\TARGET_NXP\\TARGET_LPC176X\\cmsis_nvic.c 0x00000000   Number         0  cmsis_nvic.o ABSOLUTE
    C:\\work\\mbed\\git_arm\\libraries\\mbed\\targets\\cmsis\\TARGET_NXP\\TARGET_LPC176X\\system_LPC17xx.c 0x00000000   Number         0  system_LPC17xx.o ABSOLUTE
    C:\\work\\mbed\\git_arm\\libraries\\mbed\\targets\\hal\\TARGET_NXP\\TARGET_LPC176X\\gpio_api.c 0x00000000   Number         0  gpio_api.o ABSOLUTE
    C:\\work\\mbed\\git_arm\\libraries\\mbed\\targets\\hal\\TARGET_NXP\\TARGET_LPC176X\\pinmap.c 0x00000000   Number         0  pinmap.o ABSOLUTE
    C:\\work\\mbed\\git_arm\\libraries\\mbed\\targets\\hal\\TARGET_NXP\\TARGET_LPC176X\\serial_api.c 0x00000000   Number         0  serial_api.o ABSOLUTE
    C:\\work\\mbed\\git_arm\\libraries\\mbed\\targets\\hal\\TARGET_NXP\\TARGET_LPC176X\\us_ticker.c 0x00000000   Number         0  us_ticker.o ABSOLUTE
    C:\work\mbed\git_arm\libraries\mbed\common\FileBase.cpp 0x00000000   Number         0  FileBase.o ABSOLUTE
    C:\work\mbed\git_arm\libraries\mbed\common\FilePath.cpp 0x00000000   Number         0  FilePath.o ABSOLUTE
    C:\work\mbed\git_arm\libraries\mbed\common\FileSystemLike.cpp 0x00000000   Number         0  FileSystemLike.o ABSOLUTE
    C:\work\mbed\git_arm\libraries\mbed\common\board.c 0x00000000   Number         0  board.o ABSOLUTE
    C:\work\mbed\git_arm\libraries\mbed\common\exit.c 0x00000000   Number         0  exit.o ABSOLUTE
    C:\work\mbed\git_arm\libraries\mbed\common\mbed_interface.c 0x00000000   Number         0  mbed_interface.o ABSOLUTE
    C:\work\mbed\git_arm\libraries\mbed\common\pinmap_common.c 0x00000000   Number         0  pinmap_common.o ABSOLUTE
    C:\work\mbed\git_arm\libraries\mbed\common\retarget.cpp 0x00000000   Number         0  retarget.o ABSOLUTE
    C:\work\mbed\git_arm\libraries\mbed\common\semihost_api.c 0x00000000   Number         0  semihost_api.o ABSOLUTE
    C:\work\mbed\git_arm\libraries\mbed\common\us_ticker_api.c 0x00000000   Number         0  us_ticker_api.o ABSOLUTE
    C:\work\mbed\git_arm\libraries\mbed\common\wait_api.c 0x00000000   Number         0  wait_api.o ABSOLUTE
    C:\work\mbed\git_arm\libraries\mbed\targets\cmsis\TARGET_NXP\TARGET_LPC176X\TOOLCHAIN_ARM_STD\startup_LPC17xx.s 0x00000000   Number         0  startup_LPC17xx.o ABSOLUTE
    C:\work\mbed\git_arm\libraries\mbed\targets\cmsis\TARGET_NXP\TARGET_LPC176X\TOOLCHAIN_ARM_STD\sys.cpp 0x00000000   Number         0  sys.o ABSOLUTE
    C:\work\mbed\git_arm\libraries\mbed\targets\cmsis\TARGET_NXP\TARGET_LPC176X\cmsis_nvic.c 0x00000000   Number         0  cmsis_nvic.o ABSOLUTE
    C:\work\mbed\git_arm\libraries\mbed\targets\cmsis\TARGET_NXP\TARGET_LPC176X\system_LPC17xx.c 0x00000000   Number         0  system_LPC17xx.o ABSOLUTE
    C:\work\mbed\git_arm\libraries\mbed\targets\hal\TARGET_NXP\TARGET_LPC176X\gpio_api.c 0x00000000   Number         0  gpio_api.o ABSOLUTE
    C:\work\mbed\git_arm\libraries\mbed\targets\hal\TARGET_NXP\TARGET_LPC176X\pinmap.c 0x00000000   Number         0  pinmap.o ABSOLUTE
    C:\work\mbed\git_arm\libraries\mbed\targets\hal\TARGET_NXP\TARGET_LPC176X\serial_api.c 0x00000000   Number         0  serial_api.o ABSOLUTE
    C:\work\mbed\git_arm\libraries\mbed\targets\hal\TARGET_NXP\TARGET_LPC176X\us_ticker.c 0x00000000   Number         0  us_ticker.o ABSOLUTE
    IAP/IAP.cpp                              0x00000000   Number         0  iap.o ABSOLUTE
    IAP\IAP.cpp                              0x00000000   Number         0  iap.o ABSOLUTE
    dc.s                                     0x00000000   Number         0  dc.o ABSOLUTE
    foo.cpp                                  0x00000000   Number         0  foo.o ABSOLUTE
    foo.cpp                                  0x00000000   Number         0  foo.o ABSOLUTE
    main.cpp                                 0x00000000   Number         0  main.o ABSOLUTE
    main.cpp                                 0x00000000   Number         0  main.o ABSOLUTE
    !!!main                                  0x000000c4   Section        8  __main.o(!!!main)
    !!!scatter                               0x000000cc   Section       52  __scatter.o(!!!scatter)
    !!handler_copy                           0x00000100   Section       26  __scatter_copy.o(!!handler_copy)
    !!handler_zi                             0x0000011c   Section       28  __scatter_zi.o(!!handler_zi)
    .ARM.Collect$$_printf_percent$$00000000  0x00000138   Section        0  _printf_percent.o(.ARM.Collect$$_printf_percent$$00000000)
    .ARM.Collect$$_printf_percent$$00000009  0x00000138   Section        6  _printf_d.o(.ARM.Collect$$_printf_percent$$00000009)
    .ARM.Collect$$_printf_percent$$0000000C  0x0000013e   Section        6  _printf_x.o(.ARM.Collect$$_printf_percent$$0000000C)
    .ARM.Collect$$_printf_percent$$00000017  0x00000144   Section        4  _printf_percent_end.o(.ARM.Collect$$_printf_percent$$00000017)
    .ARM.Collect$$libinit$$00000000          0x00000148   Section        2  libinit.o(.ARM.Collect$$libinit$$00000000)
    .ARM.Collect$$libinit$$00000002          0x0000014a   Section        0  libinit2.o(.ARM.Collect$$libinit$$00000002)
    .ARM.Collect$$libinit$$00000003          0x0000014a   Section        8  libinit2.o(.ARM.Collect$$libinit$$00000003)
    .ARM.Collect$$libinit$$00000008          0x00000152   Section        0  libinit2.o(.ARM.Collect$$libinit$$00000008)
    .ARM.Collect$$libinit$$0000000A          0x00000152   Section        0  libinit2.o(.ARM.Collect$$libinit$$0000000A)
    .ARM.Collect$$libinit$$0000000C          0x00000152   Section        0  libinit2.o(.ARM.Collect$$libinit$$0000000C)
    .ARM.Collect$$libinit$$0000000D          0x00000152   Section        6  libinit2.o(.ARM.Collect$$libinit$$0000000D)
    .ARM.Collect$$libinit$$0000000F          0x00000158   Section        0  libinit2.o(.ARM.Collect$$libinit$$0000000F)
    .ARM.Collect$$libinit$$00000010          0x00000158   Section       12  libinit2.o(.ARM.Collect$$libinit$$00000010)
    .ARM.Collect$$libinit$$00000011          0x00000164   Section        0  libinit2.o(.ARM.Collect$$libinit$$00000011)
    .ARM.Collect$$libinit$$00000013          0x00000164   Section        0  libinit2.o(.ARM.Collect$$libinit$$00000013)
    .ARM.Collect$$libinit$$00000015          0x00000164   Section        0  libinit2.o(.ARM.Collect$$libinit$$00000015)
    .ARM.Collect$$libinit$$00000017          0x00000164   Section        0  libinit2.o(.ARM.Collect$$libinit$$00000017)
    .ARM.Collect$$libinit$$00000019          0x00000164   Section        0  libinit2.o(.ARM.Collect$$libinit$$00000019)
    .ARM.Collect$$libinit$$0000001B          0x00000164   Section        0  libinit2.o(.ARM.Collect$$libinit$$0000001B)
    .ARM.Collect$$libinit$$0000001D          0x00000164   Section        0  libinit2.o(.ARM.Collect$$libinit$$0000001D)
    .ARM.Collect$$libinit$$0000001F          0x00000164   Section        0  libinit2.o(.ARM.Collect$$libinit$$0000001F)
    .ARM.Collect$$libinit$$00000021          0x00000164   Section        0  libinit2.o(.ARM.Collect$$libinit$$00000021)
    .ARM.Collect$$libinit$$00000022          0x00000164   Section        4  libinit2.o(.ARM.Collect$$libinit$$00000022)
    .ARM.Collect$$libinit$$00000023          0x00000168   Section        0  libinit2.o(.ARM.Collect$$libinit$$00000023)
    .ARM.Collect$$libinit$$0000002A          0x00000168   Section        0  libinit2.o(.ARM.Collect$$libinit$$0000002A)
    .ARM.Collect$$libinit$$0000002C          0x00000168   Section        0  libinit2.o(.ARM.Collect$$libinit$$0000002C)
    .ARM.Collect$$libinit$$0000002E          0x00000168   Section        0  libinit2.o(.ARM.Collect$$libinit$$0000002E)
    .ARM.Collect$$libinit$$0000002F          0x00000168   Section        4  libinit2.o(.ARM.Collect$$libinit$$0000002F)
    .ARM.Collect$$libinit$$00000030          0x0000016c   Section        0  libinit2.o(.ARM.Collect$$libinit$$00000030)
    .ARM.Collect$$libinit$$00000031          0x0000016c   Section        2  libinit2.o(.ARM.Collect$$libinit$$00000031)
    .ARM.Collect$$libshutdown$$00000003      0x0000016e   Section        0  libshutdown2.o(.ARM.Collect$$libshutdown$$00000003)
    .ARM.Collect$$rtentry$$00000000          0x0000016e   Section        0  rtentry.o(.ARM.Collect$$rtentry$$00000000)
    .ARM.Collect$$rtentry$$00000002          0x0000016e   Section        0  rtentry2.o(.ARM.Collect$$rtentry$$00000002)
    .ARM.Collect$$rtentry$$00000004          0x0000016e   Section        6  rtentry4.o(.ARM.Collect$$rtentry$$00000004)
    .ARM.Collect$$rtentry$$00000009          0x00000174   Section        0  rtentry2.o(.ARM.Collect$$rtentry$$00000009)
    .ARM.Collect$$rtentry$$0000000A          0x00000174   Section        4  rtentry2.o(.ARM.Collect$$rtentry$$0000000A)
    .ARM.Collect$$rtentry$$0000000C          0x00000178   Section        0  rtentry2.o(.ARM.Collect$$rtentry$$0000000C)
    .ARM.Collect$$rtentry$$0000000D          0x00000178   Section        8  rtentry2.o(.ARM.Collect$$rtentry$$0000000D)
    .emb_text                                0x00000180   Section        0  maybetermalloc1.o(.emb_text)
    .text                                    0x00000180   Section        0  iap.o(.text)
    .text                                    0x00000284   Section       36  startup_LPC17xx.o(.text)
    .text                                    0x000002a8   Section        0  noretval__2printf.o(.text)
    .text                                    0x000002c0   Section        0  noretval__2fprintf.o(.text)
    .text                                    0x000002d4   Section        0  init_aeabi.o(.text)
    .text                                    0x000002f8   Section        0  hguard.o(.text)
    .ARM.__at_0x02FC                         0x000002fc   Section        4  startup_LPC17xx.o(.ARM.__at_0x02FC)
    .text                                    0x00000300   Section        0  main.o(.text)
    __sti___8_main_cpp                       0x00000487   Thumb Code    42  main.o(.text)
    .text                                    0x00000650   Section        0  _printf_pad.o(.text)
    .text                                    0x000006a4   Section        0  _printf_dec.o(.text)
    .text                                    0x0000071c   Section        0  _printf_hex_int.o(.text)
    .text                                    0x00000778   Section        0  __printf_flags_wp.o(.text)
    .text                                    0x000008b4   Section        0  __0sscanf.o(.text)
    .text                                    0x000008f0   Section        0  _scanf_int.o(.text)
    .text                                    0x00000a40   Section        0  strlen.o(.text)
    .text                                    0x00000a7e   Section        0  strncmp.o(.text)
    .text                                    0x00000b14   Section      128  strcmpv7m.o(.text)
    .text                                    0x00000b94   Section        0  h1_alloc.o(.text)
    .text                                    0x00000bf2   Section        0  h1_free.o(.text)
    .text                                    0x00000c40   Section        0  _printf_intcommon.o(.text)
    .text                                    0x00000cf8   Section        0  _printf_char_file.o(.text)
    .text                                    0x00000d1c   Section        0  _chval.o(.text)
    .text                                    0x00000d38   Section        0  scanf_char.o(.text)
    _scanf_char_input                        0x00000d39   Thumb Code    12  scanf_char.o(.text)
    .text                                    0x00000d64   Section        0  _sgetc.o(.text)
    .text                                    0x00000da4   Section        0  initio.o(.text)
    .text                                    0x00000edc   Section        8  rt_heap_descriptor.o(.text)
    .text                                    0x00000ee4   Section        0  init_alloc.o(.text)
    .text                                    0x00000f6e   Section        0  h1_init.o(.text)
    .text                                    0x00000f7c   Section        0  isspace.o(.text)
    .text                                    0x00000f90   Section        0  _printf_char_common.o(.text)
    _printf_input_char                       0x00000f91   Thumb Code    10  _printf_char_common.o(.text)
    .text                                    0x00000fc0   Section        0  _scanf.o(.text)
    .text                                    0x00001330   Section        0  ferror.o(.text)
    .text                                    0x00001338   Section        0  setvbuf.o(.text)
    .text                                    0x00001380   Section        0  fopen.o(.text)
    _freopen_locked                          0x00001381   Thumb Code     0  fopen.o(.text)
    .text                                    0x0000146c   Section        0  fclose.o(.text)
    .text                                    0x000014b8   Section        0  defsig_exit.o(.text)
    .text                                    0x000014c2   Section        0  defsig_rtred_outer.o(.text)
    .text                                    0x000014d0   Section       78  rt_memclr_w.o(.text)
    .text                                    0x00001520   Section        0  sys_exit.o(.text)
    .text                                    0x0000152c   Section       16  rt_ctype_table.o(.text)
    .text                                    0x0000153c   Section        0  h1_extend.o(.text)
    .text                                    0x00001570   Section        0  flsbuf.o(.text)
    .text                                    0x00001750   Section        0  fseek.o(.text)
    .text                                    0x00001848   Section        0  stdio.o(.text)
    .text                                    0x00001938   Section        0  defsig_general.o(.text)
    .text                                    0x0000196c   Section        0  defsig_rtred_inner.o(.text)
    .text                                    0x000019a0   Section        0  defsig_rtmem_outer.o(.text)
    .text                                    0x000019b0   Section        0  heapauxa.o(.text)
    .text                                    0x00001a00   Section        0  sys_wrch.o(.text)
    .text                                    0x00001a0e   Section        2  use_no_semi.o(.text)
    .text                                    0x00001a10   Section        0  indicate_semi.o(.text)
    .text                                    0x00001a10   Section        8  rt_locale.o(.text)
    .text                                    0x00001a18   Section        0  ftell.o(.text)
    .text                                    0x00001a60   Section        0  defsig_rtmem_inner.o(.text)
    .text                                    0x00001ab0   Section        8  rt_errno_addr.o(.text)
    i.$Sub$$main                             0x00001ab8   Section        0  retarget.o(i.$Sub$$main)
    i.NVIC_SetVector                         0x00001ac8   Section        0  cmsis_nvic.o(i.NVIC_SetVector)
    i.SystemInit                             0x00001af8   Section        0  system_LPC17xx.o(i.SystemInit)
    i._Z11init_serialv                       0x00001b94   Section        0  retarget.o(i._Z11init_serialv)
    init_serial()                            0x00001b95   Thumb Code    20  retarget.o(i._Z11init_serialv)
    i._ZN4mbed8FileBase11getPathTypeEv       0x00001bb4   Section        0  FileBase.o(i._ZN4mbed8FileBase11getPathTypeEv)
    i._ZN4mbed8FileBase6lookupEPKcj          0x00001bb8   Section        0  FileBase.o(i._ZN4mbed8FileBase6lookupEPKcj)
    i._ZN4mbed8FilePath10fileSystemEv        0x00001bf0   Section        0  FilePath.o(i._ZN4mbed8FilePath10fileSystemEv)
    i._ZN4mbed8FilePath12isFileSystemEv      0x00001c00   Section        0  FilePath.o(i._ZN4mbed8FilePath12isFileSystemEv)
    i._ZN4mbed8FilePath4fileEv               0x00001c14   Section        0  FilePath.o(i._ZN4mbed8FilePath4fileEv)
    i._ZN4mbed8FilePath6existsEv             0x00001c2a   Section        0  FilePath.o(i._ZN4mbed8FilePath6existsEv)
    i._ZN4mbed8FilePath6isFileEv             0x00001c34   Section        0  FilePath.o(i._ZN4mbed8FilePath6isFileEv)
    i._ZN4mbed8FilePath8fileNameEv           0x00001c4a   Section        0  FilePath.o(i._ZN4mbed8FilePath8fileNameEv)
    i._ZN4mbed8FilePathC1EPKc                0x00001c4e   Section        0  FilePath.o(i._ZN4mbed8FilePathC1EPKc)
    i.__user_setup_stackheap                 0x00001c8c   Section        0  sys.o(i.__user_setup_stackheap)
    i._is_digit                              0x00001c9c   Section        0  __printf_wp.o(i._is_digit)
    i._sys_close                             0x00001cac   Section        0  retarget.o(i._sys_close)
    i._sys_flen                              0x00001cd4   Section        0  retarget.o(i._sys_flen)
    i._sys_istty                             0x00001cf8   Section        0  retarget.o(i._sys_istty)
    i._sys_open                              0x00001d1c   Section        0  retarget.o(i._sys_open)
    i._sys_seek                              0x00001e10   Section        0  retarget.o(i._sys_seek)
    i._sys_write                             0x00001e38   Section        0  retarget.o(i._sys_write)
    i.exit                                   0x00001e8c   Section        0  exit.o(i.exit)
    i.fputc                                  0x00001ea0   Section        0  fputc.o(i.fputc)
    i.gpio_dir                               0x00001eba   Section        0  gpio_api.o(i.gpio_dir)
    i.gpio_init                              0x00001ed6   Section        0  gpio_api.o(i.gpio_init)
    i.gpio_set                               0x00001f20   Section        0  gpio_api.o(i.gpio_set)
    i.gpio_write                             0x00001f34   Section        0  board.o(i.gpio_write)
    gpio_write                               0x00001f35   Thumb Code    14  board.o(i.gpio_write)
    i.mbed_die                               0x00001f44   Section        0  board.o(i.mbed_die)
    i.mbed_interface_connected               0x00001fc8   Section        0  mbed_interface.o(i.mbed_interface_connected)
    i.mbed_main                              0x00001fcc   Section        0  retarget.o(i.mbed_main)
    i.pin_function                           0x00001fd0   Section        0  pinmap.o(i.pin_function)
    i.pin_mode                               0x00002004   Section        0  pinmap.o(i.pin_mode)
    i.pinmap_merge                           0x00002058   Section        0  pinmap_common.o(i.pinmap_merge)
    i.pinmap_peripheral                      0x00002090   Section        0  pinmap_common.o(i.pinmap_peripheral)
    i.pinmap_pinout                          0x000020dc   Section        0  pinmap_common.o(i.pinmap_pinout)
    i.semihost_connected                     0x00002130   Section        0  semihost_api.o(i.semihost_connected)
    i.semihost_exit                          0x00002140   Section        0  semihost_api.o(i.semihost_exit)
    i.serial_baud                            0x0000214c   Section        0  serial_api.o(i.serial_baud)
    i.serial_format                          0x000022f8   Section        0  serial_api.o(i.serial_format)
    i.serial_init                            0x000023e8   Section        0  serial_api.o(i.serial_init)
    i.serial_putc                            0x00002528   Section        0  serial_api.o(i.serial_putc)
    i.us_ticker_clear_interrupt              0x00002538   Section        0  us_ticker.o(i.us_ticker_clear_interrupt)
    i.us_ticker_disable_interrupt            0x00002544   Section        0  us_ticker.o(i.us_ticker_disable_interrupt)
    i.us_ticker_init                         0x00002554   Section        0  us_ticker.o(i.us_ticker_init)
    i.us_ticker_irq_handler                  0x000025b4   Section        0  us_ticker_api.o(i.us_ticker_irq_handler)
    i.us_ticker_read                         0x000025f4   Section        0  us_ticker.o(i.us_ticker_read)
    i.us_ticker_set_interrupt                0x00002610   Section        0  us_ticker.o(i.us_ticker_set_interrupt)
    i.wait_ms                                0x00002624   Section        0  wait_api.o(i.wait_ms)
    i.wait_us                                0x0000262e   Section        0  wait_api.o(i.wait_us)
    locale$$code                             0x00002644   Section       44  lc_ctype_c.o(locale$$code)
    x$fpl$fadd                               0x00002670   Section      196  faddsub_clz.o(x$fpl$fadd)
    _fadd1                                   0x0000267f   Thumb Code     0  faddsub_clz.o(x$fpl$fadd)
    x$fpl$fcheck1                            0x00002734   Section       12  fcheck1.o(x$fpl$fcheck1)
    x$fpl$fcmpinf                            0x00002740   Section       24  fcmpi.o(x$fpl$fcmpinf)
    x$fpl$fdiv                               0x00002758   Section      388  fdiv.o(x$fpl$fdiv)
    _fdiv1                                   0x00002759   Thumb Code     0  fdiv.o(x$fpl$fdiv)
    x$fpl$fflt                               0x000028dc   Section       48  fflt_clz.o(x$fpl$fflt)
    x$fpl$ffltu                              0x0000290c   Section       38  fflt_clz.o(x$fpl$ffltu)
    x$fpl$fleqf                              0x00002934   Section      104  fleqf.o(x$fpl$fleqf)
    x$fpl$fmul                               0x0000299c   Section      258  fmul.o(x$fpl$fmul)
    x$fpl$fnaninf                            0x00002a9e   Section      140  fnaninf.o(x$fpl$fnaninf)
    x$fpl$fretinf                            0x00002b2a   Section       10  fretinf.o(x$fpl$fretinf)
    x$fpl$fsub                               0x00002b34   Section      234  faddsub_clz.o(x$fpl$fsub)
    _fsub1                                   0x00002b43   Thumb Code     0  faddsub_clz.o(x$fpl$fsub)
    x$fpl$retnan                             0x00002c1e   Section      100  retnan.o(x$fpl$retnan)
    x$fpl$scalbnf                            0x00002c82   Section       76  scalbnf.o(x$fpl$scalbnf)
    x$fpl$trapveneer                         0x00002cce   Section       48  trapv.o(x$fpl$trapveneer)
    x$fpl$usenofp                            0x00002cfe   Section        0  usenofp.o(x$fpl$usenofp)
    .constdata                               0x00002d00   Section       68  main.o(.constdata)
    .constdata                               0x00002d44   Section       23  retarget.o(.constdata)
    .constdata                               0x00002d5c   Section      216  serial_api.o(.constdata)
    PinMap_UART_TX                           0x00002d5c   Data         108  serial_api.o(.constdata)
    PinMap_UART_RX                           0x00002dc8   Data         108  serial_api.o(.constdata)
    .constdata                               0x00002e34   Section       40  _printf_hex_int.o(.constdata)
    uc_hextab                                0x00002e34   Data          20  _printf_hex_int.o(.constdata)
    lc_hextab                                0x00002e48   Data          20  _printf_hex_int.o(.constdata)
    .constdata                               0x00002e5c   Section       17  __printf_flags_wp.o(.constdata)
    maptable                                 0x00002e5c   Data          17  __printf_flags_wp.o(.constdata)
    locale$$data                             0x00002e90   Section      272  lc_ctype_c.o(locale$$data)
    __lcctype_c_name                         0x00002e94   Data           2  lc_ctype_c.o(locale$$data)
    __lcctype_c_start                        0x00002e9c   Data           0  lc_ctype_c.o(locale$$data)
    .init_array                              0x00002fa0   Section        4  main.o(.init_array)
    __lcctype_c_end                          0x00002fa0   Data           0  lc_ctype_c.o(locale$$data)
    .text                                    0x0000e000   Section        0  foo.o(.text)
    .ARM.__at_0x00078000                     0x00078000   Section    32768  iap.o(.ARM.__at_0x00078000)
    .data                                    0x100000c8   Section      128  main.o(.data)
    sector_start_adress                      0x100000c8   Data         120  main.o(.data)
    .data                                    0x10000148   Section        4  system_LPC17xx.o(.data)
    .data                                    0x1000014c   Section       16  serial_api.o(.data)
    irq_handler                              0x10000150   Data           4  serial_api.o(.data)
    .data                                    0x1000015c   Section        4  FileBase.o(.data)
    .data                                    0x10000160   Section        4  us_ticker.o(.data)
    .data                                    0x10000164   Section        8  us_ticker_api.o(.data)
    head                                     0x10000164   Data           4  us_ticker_api.o(.data)
    event_handler                            0x10000168   Data           4  us_ticker_api.o(.data)
    .data                                    0x1000016c   Section        4  stdio_streams.o(.data)
    .data                                    0x10000170   Section        4  stdio_streams.o(.data)
    .data                                    0x10000174   Section        4  stdio_streams.o(.data)
    .data                                    0x10000178   Section        4  heapauxa.o(.data)
    __rt_heap_escrow_base                    0x10000178   Data           4  heapauxa.o(.data)
    .bss                                     0x1000017c   Section     1140  main.o(.bss)
    .bss                                     0x100005f0   Section       64  retarget.o(.bss)
    filehandles                              0x100005f0   Data          64  retarget.o(.bss)
    .bss                                     0x10000630   Section       84  stdio_streams.o(.bss)
    .bss                                     0x10000684   Section       84  stdio_streams.o(.bss)
    .bss                                     0x100006d8   Section       84  stdio_streams.o(.bss)
    .bss                                     0x1000072c   Section        4  rt_heap_descriptor.o(.bss)
    __rt_heap_descriptor_data                0x1000072c   Data           4  rt_heap_descriptor.o(.bss)
    .bss                                     0x10000730   Section       20  rt_locale.o(.bss)
    __rt_locale_data                         0x10000730   Data          20  rt_locale.o(.bss)
    .bss                                     0x10000744   Section        4  rt_errno_addr.o(.bss)
    __aeabi_errno_addr_data                  0x10000744   Data           4  rt_errno_addr.o(.bss)

    Global Symbols

    Symbol Name                              Value     Ov Type        Size  Object(Section)

    BuildAttributes$$THM_ISAv4$P$D$K$B$S$PE$A:L22UL41UL21$X:L11$S22US41US21$IEEE1$IW$USESV6$~STKCKD$USESV7$~SHL$OTIME$ROPI$EBA8$UX$STANDARDLIB$REQ8$PRES8$EABIv2 0x00000000   Number         0  anon$$obj.o ABSOLUTE
    __ARM_use_no_argv                        0x00000000   Number         0  main.o ABSOLUTE
    __Vectors                                0x00000000   Data           4  startup_LPC17xx.o(RESET)
    _printf_flags                            0x00000000   Number         0  printf_stubs.o ABSOLUTE
    _printf_return_value                     0x00000000   Number         0  printf_stubs.o ABSOLUTE
    _printf_sizespec                         0x00000000   Number         0  printf_stubs.o ABSOLUTE
    _printf_widthprec                        0x00000000   Number         0  printf_stubs.o ABSOLUTE
    SHT$$ARM_EXIDX$$Base                      - Undefined Reference
    SHT$$ARM_EXIDX$$Limit                     - Undefined Reference
    __ARM::default_unexpected_handler()       - Undefined Weak Reference
    __ARM_exceptions_buffer_required          - Undefined Weak Reference
    __ARM_exceptions_init                     - Undefined Weak Reference
    __aeabi_unwind_cpp_pr1                    - Undefined Weak Reference
    __aeabi_unwind_cpp_pr2                    - Undefined Weak Reference
    __alloca_initialize                       - Undefined Weak Reference
    __cxa_begin_cleanup                       - Undefined Weak Reference
    __cxa_finalize                            - Undefined Weak Reference
    __cxa_type_match                          - Undefined Weak Reference
    __rt_lib_shutdown                         - Undefined Weak Reference
    __sigvec_lookup                           - Undefined Weak Reference
    __user_heap_extent                        - Undefined Weak Reference
    _atexit_init                              - Undefined Weak Reference
    _clock_init                               - Undefined Weak Reference
    _fp_trap_init                             - Undefined Weak Reference
    _fp_trap_shutdown                         - Undefined Weak Reference
    _get_lc_collate                           - Undefined Weak Reference
    _get_lc_monetary                          - Undefined Weak Reference
    _get_lc_numeric                           - Undefined Weak Reference
    _get_lc_time                              - Undefined Weak Reference
    _getenv_init                              - Undefined Weak Reference
    _handle_redirection                       - Undefined Weak Reference
    _mutex_acquire                            - Undefined Weak Reference
    _mutex_free                               - Undefined Weak Reference
    _mutex_release                            - Undefined Weak Reference
    _printf_truncate_signed                   - Undefined Weak Reference
    _printf_truncate_unsigned                 - Undefined Weak Reference
    _rand_init                                - Undefined Weak Reference
    _scanf_longlong                           - Undefined Weak Reference
    _scanf_mbtowc                             - Undefined Weak Reference
    _scanf_real                               - Undefined Weak Reference
    _scanf_string                             - Undefined Weak Reference
    _scanf_wctomb                             - Undefined Weak Reference
    _scanf_wstring                            - Undefined Weak Reference
    _signal_finish                            - Undefined Weak Reference
    _signal_init                              - Undefined Weak Reference
    __main                                   0x000000c5   Thumb Code     8  __main.o(!!!main)
    __scatterload                            0x000000cd   Thumb Code     0  __scatter.o(!!!scatter)
    __scatterload_rt2                        0x000000cd   Thumb Code    44  __scatter.o(!!!scatter)
    __scatterload_rt2_thumb_only             0x000000cd   Thumb Code     0  __scatter.o(!!!scatter)
    __scatterload_null                       0x000000db   Thumb Code     0  __scatter.o(!!!scatter)
    __scatterload_copy                       0x00000101   Thumb Code    26  __scatter_copy.o(!!handler_copy)
    __scatterload_zeroinit                   0x0000011d   Thumb Code    28  __scatter_zi.o(!!handler_zi)
    _printf_d                                0x00000139   Thumb Code     0  _printf_d.o(.ARM.Collect$$_printf_percent$$00000009)
    _printf_percent                          0x00000139   Thumb Code     0  _printf_percent.o(.ARM.Collect$$_printf_percent$$00000000)
    _printf_x                                0x0000013f   Thumb Code     0  _printf_x.o(.ARM.Collect$$_printf_percent$$0000000C)
    _printf_percent_end                      0x00000145   Thumb Code     0  _printf_percent_end.o(.ARM.Collect$$_printf_percent$$00000017)
    __rt_lib_init                            0x00000149   Thumb Code     0  libinit.o(.ARM.Collect$$libinit$$00000000)
    __rt_lib_init_fp_1                       0x0000014b   Thumb Code     0  libinit2.o(.ARM.Collect$$libinit$$00000002)
    __rt_lib_init_heap_2                     0x0000014b   Thumb Code     0  libinit2.o(.ARM.Collect$$libinit$$00000003)
    __rt_lib_init_heap_1                     0x00000153   Thumb Code     0  libinit2.o(.ARM.Collect$$libinit$$00000008)
    __rt_lib_init_lc_common                  0x00000153   Thumb Code     0  libinit2.o(.ARM.Collect$$libinit$$0000000D)
    __rt_lib_init_rand_1                     0x00000153   Thumb Code     0  libinit2.o(.ARM.Collect$$libinit$$0000000C)
    __rt_lib_init_user_alloc_1               0x00000153   Thumb Code     0  libinit2.o(.ARM.Collect$$libinit$$0000000A)
    __rt_lib_init_lc_collate_1               0x00000159   Thumb Code     0  libinit2.o(.ARM.Collect$$libinit$$0000000F)
    __rt_lib_init_lc_ctype_2                 0x00000159   Thumb Code     0  libinit2.o(.ARM.Collect$$libinit$$00000010)
    __rt_lib_init_atexit_1                   0x00000165   Thumb Code     0  libinit2.o(.ARM.Collect$$libinit$$00000019)
    __rt_lib_init_clock_1                    0x00000165   Thumb Code     0  libinit2.o(.ARM.Collect$$libinit$$0000001F)
    __rt_lib_init_fp_trap_1                  0x00000165   Thumb Code     0  libinit2.o(.ARM.Collect$$libinit$$0000001D)
    __rt_lib_init_getenv_1                   0x00000165   Thumb Code     0  libinit2.o(.ARM.Collect$$libinit$$00000021)
    __rt_lib_init_lc_ctype_1                 0x00000165   Thumb Code     0  libinit2.o(.ARM.Collect$$libinit$$00000011)
    __rt_lib_init_lc_monetary_1              0x00000165   Thumb Code     0  libinit2.o(.ARM.Collect$$libinit$$00000013)
    __rt_lib_init_lc_numeric_1               0x00000165   Thumb Code     0  libinit2.o(.ARM.Collect$$libinit$$00000015)
    __rt_lib_init_lc_time_1                  0x00000165   Thumb Code     0  libinit2.o(.ARM.Collect$$libinit$$00000017)
    __rt_lib_init_signal_1                   0x00000165   Thumb Code     0  libinit2.o(.ARM.Collect$$libinit$$0000001B)
    __rt_lib_init_stdio_2                    0x00000165   Thumb Code     0  libinit2.o(.ARM.Collect$$libinit$$00000022)
    __rt_lib_init_alloca_1                   0x00000169   Thumb Code     0  libinit2.o(.ARM.Collect$$libinit$$0000002C)
    __rt_lib_init_argv_1                     0x00000169   Thumb Code     0  libinit2.o(.ARM.Collect$$libinit$$0000002A)
    __rt_lib_init_cpp_2                      0x00000169   Thumb Code     0  libinit2.o(.ARM.Collect$$libinit$$0000002F)
    __rt_lib_init_exceptions_1               0x00000169   Thumb Code     0  libinit2.o(.ARM.Collect$$libinit$$0000002E)
    __rt_lib_init_stdio_1                    0x00000169   Thumb Code     0  libinit2.o(.ARM.Collect$$libinit$$00000023)
    __rt_lib_init_cpp_1                      0x0000016d   Thumb Code     0  libinit2.o(.ARM.Collect$$libinit$$00000030)
    __rt_lib_init_return                     0x0000016d   Thumb Code     0  libinit2.o(.ARM.Collect$$libinit$$00000031)
    __rt_entry                               0x0000016f   Thumb Code     0  rtentry.o(.ARM.Collect$$rtentry$$00000000)
    __rt_entry_presh_1                       0x0000016f   Thumb Code     0  rtentry2.o(.ARM.Collect$$rtentry$$00000002)
    __rt_entry_sh                            0x0000016f   Thumb Code     0  rtentry4.o(.ARM.Collect$$rtentry$$00000004)
    __rt_lib_shutdown_stdio_2                0x0000016f   Thumb Code     0  libshutdown2.o(.ARM.Collect$$libshutdown$$00000003)
    __rt_entry_li                            0x00000175   Thumb Code     0  rtentry2.o(.ARM.Collect$$rtentry$$0000000A)
    __rt_entry_postsh_1                      0x00000175   Thumb Code     0  rtentry2.o(.ARM.Collect$$rtentry$$00000009)
    __rt_entry_main                          0x00000179   Thumb Code     0  rtentry2.o(.ARM.Collect$$rtentry$$0000000D)
    __rt_entry_postli_1                      0x00000179   Thumb Code     0  rtentry2.o(.ARM.Collect$$rtentry$$0000000C)
    IAP::read_ID()                           0x00000181   Thumb Code    22  iap.o(.text)
    _maybe_terminate_alloc                   0x00000181   Thumb Code     0  maybetermalloc1.o(.emb_text)
    IAP::read_serial()                       0x00000197   Thumb Code    22  iap.o(.text)
    IAP::blank_check(int, int)               0x000001ad   Thumb Code    30  iap.o(.text)
    IAP::erase(int, int)                     0x000001cb   Thumb Code    34  iap.o(.text)
    IAP::prepare(int, int)                   0x000001ed   Thumb Code    30  iap.o(.text)
    IAP::write(char*, char*, int)            0x0000020b   Thumb Code    42  iap.o(.text)
    IAP::compare(char*, char*, int)          0x00000235   Thumb Code    38  iap.o(.text)
    IAP::read_BootVer()                      0x0000025b   Thumb Code    26  iap.o(.text)
    IAP::reserved_flash_area_start()         0x00000275   Thumb Code     8  iap.o(.text)
    IAP::reserved_flash_area_size()          0x0000027d   Thumb Code     8  iap.o(.text)
    Reset_Handler                            0x00000285   Thumb Code     8  startup_LPC17xx.o(.text)
    NMI_Handler                              0x0000028d   Thumb Code     2  startup_LPC17xx.o(.text)
    MemManage_Handler                        0x00000291   Thumb Code     2  startup_LPC17xx.o(.text)
    BusFault_Handler                         0x00000293   Thumb Code     2  startup_LPC17xx.o(.text)
    UsageFault_Handler                       0x00000295   Thumb Code     2  startup_LPC17xx.o(.text)
    SVC_Handler                              0x00000297   Thumb Code     2  startup_LPC17xx.o(.text)
    DebugMon_Handler                         0x00000299   Thumb Code     2  startup_LPC17xx.o(.text)
    PendSV_Handler                           0x0000029b   Thumb Code     2  startup_LPC17xx.o(.text)
    SysTick_Handler                          0x0000029d   Thumb Code     2  startup_LPC17xx.o(.text)
    ADC_IRQHandler                           0x0000029f   Thumb Code     0  startup_LPC17xx.o(.text)
    BOD_IRQHandler                           0x0000029f   Thumb Code     0  startup_LPC17xx.o(.text)
    CAN_IRQHandler                           0x0000029f   Thumb Code     0  startup_LPC17xx.o(.text)
    DMA_IRQHandler                           0x0000029f   Thumb Code     0  startup_LPC17xx.o(.text)
    EINT0_IRQHandler                         0x0000029f   Thumb Code     0  startup_LPC17xx.o(.text)
    EINT1_IRQHandler                         0x0000029f   Thumb Code     0  startup_LPC17xx.o(.text)
    EINT2_IRQHandler                         0x0000029f   Thumb Code     0  startup_LPC17xx.o(.text)
    EINT3_IRQHandler                         0x0000029f   Thumb Code     0  startup_LPC17xx.o(.text)
    ENET_IRQHandler                          0x0000029f   Thumb Code     0  startup_LPC17xx.o(.text)
    I2C0_IRQHandler                          0x0000029f   Thumb Code     0  startup_LPC17xx.o(.text)
    I2C1_IRQHandler                          0x0000029f   Thumb Code     0  startup_LPC17xx.o(.text)
    I2C2_IRQHandler                          0x0000029f   Thumb Code     0  startup_LPC17xx.o(.text)
    I2S_IRQHandler                           0x0000029f   Thumb Code     0  startup_LPC17xx.o(.text)
    MCPWM_IRQHandler                         0x0000029f   Thumb Code     0  startup_LPC17xx.o(.text)
    PLL0_IRQHandler                          0x0000029f   Thumb Code     0  startup_LPC17xx.o(.text)
    PLL1_IRQHandler                          0x0000029f   Thumb Code     0  startup_LPC17xx.o(.text)
    PWM1_IRQHandler                          0x0000029f   Thumb Code     0  startup_LPC17xx.o(.text)
    QEI_IRQHandler                           0x0000029f   Thumb Code     0  startup_LPC17xx.o(.text)
    RIT_IRQHandler                           0x0000029f   Thumb Code     0  startup_LPC17xx.o(.text)
    RTC_IRQHandler                           0x0000029f   Thumb Code     0  startup_LPC17xx.o(.text)
    SPI_IRQHandler                           0x0000029f   Thumb Code     0  startup_LPC17xx.o(.text)
    SSP0_IRQHandler                          0x0000029f   Thumb Code     0  startup_LPC17xx.o(.text)
    SSP1_IRQHandler                          0x0000029f   Thumb Code     0  startup_LPC17xx.o(.text)
    TIMER0_IRQHandler                        0x0000029f   Thumb Code     0  startup_LPC17xx.o(.text)
    TIMER1_IRQHandler                        0x0000029f   Thumb Code     0  startup_LPC17xx.o(.text)
    TIMER2_IRQHandler                        0x0000029f   Thumb Code     0  startup_LPC17xx.o(.text)
    TIMER3_IRQHandler                        0x0000029f   Thumb Code     0  startup_LPC17xx.o(.text)
    UART0_IRQHandler                         0x0000029f   Thumb Code     0  startup_LPC17xx.o(.text)
    UART1_IRQHandler                         0x0000029f   Thumb Code     0  startup_LPC17xx.o(.text)
    UART2_IRQHandler                         0x0000029f   Thumb Code     0  startup_LPC17xx.o(.text)
    UART3_IRQHandler                         0x0000029f   Thumb Code     0  startup_LPC17xx.o(.text)
    USB_IRQHandler                           0x0000029f   Thumb Code     0  startup_LPC17xx.o(.text)
    WDT_IRQHandler                           0x0000029f   Thumb Code     0  startup_LPC17xx.o(.text)
    __2printf                                0x000002a9   Thumb Code    20  noretval__2printf.o(.text)
    __2fprintf                               0x000002c1   Thumb Code    20  noretval__2fprintf.o(.text)
    __cpp_initialize__aeabi_                 0x000002d5   Thumb Code    26  init_aeabi.o(.text)
    __use_no_heap                            0x000002f9   Thumb Code     2  hguard.o(.text)
    __heap$guard                             0x000002fb   Thumb Code     2  hguard.o(.text)
    HardFault_Handler                        0x00000301   Thumb Code   110  main.o(.text)
    blink()                                  0x0000036f   Thumb Code     8  main.o(.text)
    copy_code_ram()                          0x00000377   Thumb Code    24  main.o(.text)
    print_function(char*, int)               0x0000038f   Thumb Code    26  main.o(.text)
    $Super$$main                             0x000003a9   Thumb Code   222  main.o(.text)
    _printf_pre_padding                      0x00000651   Thumb Code    46  _printf_pad.o(.text)
    _printf_post_padding                     0x0000067f   Thumb Code    36  _printf_pad.o(.text)
    _printf_int_dec                          0x000006a5   Thumb Code   102  _printf_dec.o(.text)
    _printf_int_hex                          0x0000071d   Thumb Code    88  _printf_hex_int.o(.text)
    _printf_longlong_hex                     0x0000071d   Thumb Code     0  _printf_hex_int.o(.text)
    __printf                                 0x00000779   Thumb Code   310  __printf_flags_wp.o(.text)
    __0sscanf                                0x000008b5   Thumb Code    52  __0sscanf.o(.text)
    _scanf_int                               0x000008f1   Thumb Code   336  _scanf_int.o(.text)
    strlen                                   0x00000a41   Thumb Code    62  strlen.o(.text)
    strncmp                                  0x00000a7f   Thumb Code   150  strncmp.o(.text)
    strcmp                                   0x00000b15   Thumb Code   128  strcmpv7m.o(.text)
    malloc                                   0x00000b95   Thumb Code    94  h1_alloc.o(.text)
    free                                     0x00000bf3   Thumb Code    78  h1_free.o(.text)
    _printf_int_common                       0x00000c41   Thumb Code   184  _printf_intcommon.o(.text)
    _printf_char_file                        0x00000cf9   Thumb Code    32  _printf_char_file.o(.text)
    _chval                                   0x00000d1d   Thumb Code    28  _chval.o(.text)
    __vfscanf_char                           0x00000d45   Thumb Code    24  scanf_char.o(.text)
    _sgetc                                   0x00000d65   Thumb Code    30  _sgetc.o(.text)
    _sbackspace                              0x00000d83   Thumb Code    34  _sgetc.o(.text)
    _initio                                  0x00000da5   Thumb Code   210  initio.o(.text)
    _terminateio                             0x00000e77   Thumb Code    56  initio.o(.text)
    __rt_heap_descriptor                     0x00000edd   Thumb Code     8  rt_heap_descriptor.o(.text)
    _terminate_user_alloc                    0x00000ee5   Thumb Code     2  init_alloc.o(.text)
    _init_user_alloc                         0x00000ee7   Thumb Code     2  init_alloc.o(.text)
    __Heap_Full                              0x00000ee9   Thumb Code    34  init_alloc.o(.text)
    __Heap_Broken                            0x00000f0b   Thumb Code     6  init_alloc.o(.text)
    _init_alloc                              0x00000f11   Thumb Code    94  init_alloc.o(.text)
    __Heap_Initialize                        0x00000f6f   Thumb Code    10  h1_init.o(.text)
    __Heap_DescSize                          0x00000f79   Thumb Code     4  h1_init.o(.text)
    isspace                                  0x00000f7d   Thumb Code    18  isspace.o(.text)
    _printf_char_common                      0x00000f9b   Thumb Code    32  _printf_char_common.o(.text)
    __vfscanf                                0x00000fc1   Thumb Code   876  _scanf.o(.text)
    ferror                                   0x00001331   Thumb Code     8  ferror.o(.text)
    setvbuf                                  0x00001339   Thumb Code    70  setvbuf.o(.text)
    freopen                                  0x00001381   Thumb Code   158  fopen.o(.text)
    fopen                                    0x0000141f   Thumb Code    74  fopen.o(.text)
    _fclose_internal                         0x0000146d   Thumb Code    76  fclose.o(.text)
    fclose                                   0x0000146d   Thumb Code     0  fclose.o(.text)
    __sig_exit                               0x000014b9   Thumb Code    10  defsig_exit.o(.text)
    __rt_SIGRTRED                            0x000014c3   Thumb Code    14  defsig_rtred_outer.o(.text)
    __aeabi_memclr4                          0x000014d1   Thumb Code     0  rt_memclr_w.o(.text)
    __aeabi_memclr8                          0x000014d1   Thumb Code     0  rt_memclr_w.o(.text)
    __rt_memclr_w                            0x000014d1   Thumb Code    78  rt_memclr_w.o(.text)
    _memset_w                                0x000014d5   Thumb Code     0  rt_memclr_w.o(.text)
    _sys_exit                                0x00001521   Thumb Code     8  sys_exit.o(.text)
    __rt_ctype_table                         0x0000152d   Thumb Code    16  rt_ctype_table.o(.text)
    __Heap_ProvideMemory                     0x0000153d   Thumb Code    52  h1_extend.o(.text)
    __flsbuf                                 0x00001571   Thumb Code   478  flsbuf.o(.text)
    __flsbuf_byte                            0x00001571   Thumb Code     0  flsbuf.o(.text)
    __flsbuf_wide                            0x00001571   Thumb Code     0  flsbuf.o(.text)
    _fseek                                   0x00001751   Thumb Code   242  fseek.o(.text)
    fseek                                    0x00001751   Thumb Code     0  fseek.o(.text)
    _seterr                                  0x00001849   Thumb Code    20  stdio.o(.text)
    _writebuf                                0x0000185d   Thumb Code    84  stdio.o(.text)
    _fflush                                  0x000018b1   Thumb Code    70  stdio.o(.text)
    _deferredlazyseek                        0x000018f7   Thumb Code    60  stdio.o(.text)
    __default_signal_display                 0x00001939   Thumb Code    50  defsig_general.o(.text)
    __rt_SIGRTRED_inner                      0x0000196d   Thumb Code    14  defsig_rtred_inner.o(.text)
    __rt_SIGRTMEM                            0x000019a1   Thumb Code    14  defsig_rtmem_outer.o(.text)
    __rt_heap_escrow                         0x000019b1   Thumb Code    22  heapauxa.o(.text)
    __rt_heap_expand                         0x000019c7   Thumb Code    52  heapauxa.o(.text)
    _ttywrch                                 0x00001a01   Thumb Code    14  sys_wrch.o(.text)
    __I$use$semihosting                      0x00001a0f   Thumb Code     0  use_no_semi.o(.text)
    __use_no_semihosting_swi                 0x00001a0f   Thumb Code     2  use_no_semi.o(.text)
    __rt_locale                              0x00001a11   Thumb Code     8  rt_locale.o(.text)
    __semihosting_library_function           0x00001a11   Thumb Code     0  indicate_semi.o(.text)
    _ftell_internal                          0x00001a19   Thumb Code    70  ftell.o(.text)
    ftell                                    0x00001a19   Thumb Code     0  ftell.o(.text)
    __rt_SIGRTMEM_inner                      0x00001a61   Thumb Code    22  defsig_rtmem_inner.o(.text)
    __aeabi_errno_addr                       0x00001ab1   Thumb Code     8  rt_errno_addr.o(.text)
    __errno                                  0x00001ab1   Thumb Code     0  rt_errno_addr.o(.text)
    __rt_errno_addr                          0x00001ab1   Thumb Code     0  rt_errno_addr.o(.text)
    main                                     0x00001ab9   Thumb Code    14  retarget.o(i.$Sub$$main)
    NVIC_SetVector                           0x00001ac9   Thumb Code    42  cmsis_nvic.o(i.NVIC_SetVector)
    SystemInit                               0x00001af9   Thumb Code   146  system_LPC17xx.o(i.SystemInit)
    mbed::FileBase::getPathType()            0x00001bb5   Thumb Code     4  FileBase.o(i._ZN4mbed8FileBase11getPathTypeEv)
    mbed::FileBase::lookup(const char*, unsigned) 0x00001bb9   Thumb Code    50  FileBase.o(i._ZN4mbed8FileBase6lookupEPKcj)
    mbed::FilePath::fileSystem()             0x00001bf1   Thumb Code    16  FilePath.o(i._ZN4mbed8FilePath10fileSystemEv)
    mbed::FilePath::isFileSystem()           0x00001c01   Thumb Code    20  FilePath.o(i._ZN4mbed8FilePath12isFileSystemEv)
    mbed::FilePath::file()                   0x00001c15   Thumb Code    22  FilePath.o(i._ZN4mbed8FilePath4fileEv)
    mbed::FilePath::exists()                 0x00001c2b   Thumb Code    10  FilePath.o(i._ZN4mbed8FilePath6existsEv)
    mbed::FilePath::isFile()                 0x00001c35   Thumb Code    22  FilePath.o(i._ZN4mbed8FilePath6isFileEv)
    mbed::FilePath::fileName()               0x00001c4b   Thumb Code     4  FilePath.o(i._ZN4mbed8FilePath8fileNameEv)
    mbed::FilePath::FilePath(const char*)    0x00001c4f   Thumb Code    62  FilePath.o(i._ZN4mbed8FilePathC1EPKc)
    mbed::FilePath::FilePath__sub_object(const char*) 0x00001c4f   Thumb Code     0  FilePath.o(i._ZN4mbed8FilePathC1EPKc)
    __user_setup_stackheap                   0x00001c8d   Thumb Code    10  sys.o(i.__user_setup_stackheap)
    _is_digit                                0x00001c9d   Thumb Code    14  __printf_wp.o(i._is_digit)
    _sys_close                               0x00001cad   Thumb Code    36  retarget.o(i._sys_close)
    _sys_flen                                0x00001cd5   Thumb Code    32  retarget.o(i._sys_flen)
    _sys_istty                               0x00001cf9   Thumb Code    32  retarget.o(i._sys_istty)
    _sys_open                                0x00001d1d   Thumb Code   232  retarget.o(i._sys_open)
    _sys_seek                                0x00001e11   Thumb Code    34  retarget.o(i._sys_seek)
    _sys_write                               0x00001e39   Thumb Code    72  retarget.o(i._sys_write)
    exit                                     0x00001e8d   Thumb Code    20  exit.o(i.exit)
    fputc                                    0x00001ea1   Thumb Code    26  fputc.o(i.fputc)
    gpio_dir                                 0x00001ebb   Thumb Code    28  gpio_api.o(i.gpio_dir)
    gpio_init                                0x00001ed7   Thumb Code    74  gpio_api.o(i.gpio_init)
    gpio_set                                 0x00001f21   Thumb Code    20  gpio_api.o(i.gpio_set)
    mbed_die                                 0x00001f45   Thumb Code   126  board.o(i.mbed_die)
    mbed_interface_connected                 0x00001fc9   Thumb Code     4  mbed_interface.o(i.mbed_interface_connected)
    mbed_main                                0x00001fcd   Thumb Code     2  retarget.o(i.mbed_main)
    pin_function                             0x00001fd1   Thumb Code    42  pinmap.o(i.pin_function)
    pin_mode                                 0x00002005   Thumb Code    76  pinmap.o(i.pin_mode)
    pinmap_merge                             0x00002059   Thumb Code    32  pinmap_common.o(i.pinmap_merge)
    pinmap_peripheral                        0x00002091   Thumb Code    40  pinmap_common.o(i.pinmap_peripheral)
    pinmap_pinout                            0x000020dd   Thumb Code    58  pinmap_common.o(i.pinmap_pinout)
    semihost_connected                       0x00002131   Thumb Code    10  semihost_api.o(i.semihost_connected)
    semihost_exit                            0x00002141   Thumb Code    12  semihost_api.o(i.semihost_exit)
    serial_baud                              0x0000214d   Thumb Code   396  serial_api.o(i.serial_baud)
    serial_format                            0x000022f9   Thumb Code   110  serial_api.o(i.serial_format)
    serial_init                              0x000023e9   Thumb Code   266  serial_api.o(i.serial_init)
    serial_putc                              0x00002529   Thumb Code    14  serial_api.o(i.serial_putc)
    us_ticker_clear_interrupt                0x00002539   Thumb Code     8  us_ticker.o(i.us_ticker_clear_interrupt)
    us_ticker_disable_interrupt              0x00002545   Thumb Code    12  us_ticker.o(i.us_ticker_disable_interrupt)
    us_ticker_init                           0x00002555   Thumb Code    72  us_ticker.o(i.us_ticker_init)
    us_ticker_irq_handler                    0x000025b5   Thumb Code    60  us_ticker_api.o(i.us_ticker_irq_handler)
    us_ticker_read                           0x000025f5   Thumb Code    18  us_ticker.o(i.us_ticker_read)
    us_ticker_set_interrupt                  0x00002611   Thumb Code    14  us_ticker.o(i.us_ticker_set_interrupt)
    wait_ms                                  0x00002625   Thumb Code    10  wait_api.o(i.wait_ms)
    wait_us                                  0x0000262f   Thumb Code    22  wait_api.o(i.wait_us)
    _get_lc_ctype                            0x00002645   Thumb Code    44  lc_ctype_c.o(locale$$code)
    __aeabi_fadd                             0x00002671   Thumb Code     0  faddsub_clz.o(x$fpl$fadd)
    _fadd                                    0x00002671   Thumb Code   196  faddsub_clz.o(x$fpl$fadd)
    __fpl_fcheck_NaN1                        0x00002735   Thumb Code     6  fcheck1.o(x$fpl$fcheck1)
    __fpl_fcmp_Inf                           0x00002741   Thumb Code    24  fcmpi.o(x$fpl$fcmpinf)
    __aeabi_fdiv                             0x00002759   Thumb Code     0  fdiv.o(x$fpl$fdiv)
    _fdiv                                    0x00002759   Thumb Code   384  fdiv.o(x$fpl$fdiv)
    __aeabi_i2f                              0x000028dd   Thumb Code     0  fflt_clz.o(x$fpl$fflt)
    _fflt                                    0x000028dd   Thumb Code    48  fflt_clz.o(x$fpl$fflt)
    __aeabi_ui2f                             0x0000290d   Thumb Code     0  fflt_clz.o(x$fpl$ffltu)
    _ffltu                                   0x0000290d   Thumb Code    38  fflt_clz.o(x$fpl$ffltu)
    __aeabi_cfcmple                          0x00002935   Thumb Code     0  fleqf.o(x$fpl$fleqf)
    _fcmple                                  0x00002935   Thumb Code   104  fleqf.o(x$fpl$fleqf)
    __fpl_fcmple_InfNaN                      0x00002987   Thumb Code     0  fleqf.o(x$fpl$fleqf)
    __aeabi_fmul                             0x0000299d   Thumb Code     0  fmul.o(x$fpl$fmul)
    _fmul                                    0x0000299d   Thumb Code   258  fmul.o(x$fpl$fmul)
    __fpl_fnaninf                            0x00002a9f   Thumb Code   140  fnaninf.o(x$fpl$fnaninf)
    __fpl_fretinf                            0x00002b2b   Thumb Code    10  fretinf.o(x$fpl$fretinf)
    __aeabi_fsub                             0x00002b35   Thumb Code     0  faddsub_clz.o(x$fpl$fsub)
    _fsub                                    0x00002b35   Thumb Code   234  faddsub_clz.o(x$fpl$fsub)
    __fpl_return_NaN                         0x00002c1f   Thumb Code   100  retnan.o(x$fpl$retnan)
    __ARM_scalbnf                            0x00002c83   Thumb Code    76  scalbnf.o(x$fpl$scalbnf)
    __fpl_cmpreturn                          0x00002ccf   Thumb Code    48  trapv.o(x$fpl$trapveneer)
    __I$use$fp                               0x00002cfe   Number         0  usenofp.o(x$fpl$usenofp)
    __stdin_name                             0x00002d44   Data           7  retarget.o(.constdata)
    __stdout_name                            0x00002d4b   Data           8  retarget.o(.constdata)
    __stderr_name                            0x00002d53   Data           8  retarget.o(.constdata)
    Region$$Table$$Base                      0x00002e70   Number         0  anon$$obj.o(Region$$Table)
    Region$$Table$$Limit                     0x00002e90   Number         0  anon$$obj.o(Region$$Table)
    __ctype                                  0x00002e9d   Data           0  lc_ctype_c.o(locale$$data)
    SHT$$INIT_ARRAY$$Base                    0x00002fa0   Number         0  main.o(.init_array)
    SHT$$INIT_ARRAY$$Limit                   0x00002fa4   Number         0  main.o(.init_array)
    foo()                                    0x0000e001   Thumb Code    10  foo.o(.text)
    user_area                                0x00078000   Data       32768  iap.o(.ARM.__at_0x00078000)
    val                                      0x10000140   Data           1  main.o(.data)
    blinkfunction                            0x10000144   Data           4  main.o(.data)
    SystemCoreClock                          0x10000148   Data           4  system_LPC17xx.o(.data)
    stdio_uart_inited                        0x1000014c   Data           4  serial_api.o(.data)
    stdio_uart                               0x10000154   Data           8  serial_api.o(.data)
    mbed::FileBase::_head                    0x1000015c   Data           4  FileBase.o(.data)
    us_ticker_inited                         0x10000160   Data           4  us_ticker.o(.data)
    __aeabi_stdin                            0x1000016c   Data           4  stdio_streams.o(.data)
    __aeabi_stdout                           0x10000170   Data           4  stdio_streams.o(.data)
    __aeabi_stderr                           0x10000174   Data           4  stdio_streams.o(.data)
    myled                                    0x1000017c   Data          24  main.o(.bss)
    code                                     0x10000194   Data        1024  main.o(.bss)
    iap                                      0x10000594   Data          48  main.o(.bss)
    mpu                                      0x100005c4   Data          44  main.o(.bss)
    __stdin                                  0x10000630   Data          84  stdio_streams.o(.bss)
    __stdout                                 0x10000684   Data          84  stdio_streams.o(.bss)
    __stderr                                 0x100006d8   Data          84  stdio_streams.o(.bss)
    Image$$RW_IRAM1$$ZI$$Limit               0x10000748   Number         0  rt_errno_addr.o(.bss)



==============================================================================

Memory Map of the image

  Image Entry point : 0x000000c5

  Load Region LR_IROM1 (Base: 0x00000000, Size: 0x0000e0c0, Max: 0x00080000, ABSOLUTE)

    Execution Region ER_IROM1 (Base: 0x00000000, Size: 0x00002fa4, Max: 0x00008000, ABSOLUTE)

    Base Addr    Size         Type   Attr      Idx    E Section Name        Object

    0x00000000   0x000000c4   Data   RO          387    RESET               startup_LPC17xx.o
    0x000000c4   0x00000008   Code   RO          872  * !!!main             c_w.l(__main.o)
    0x000000cc   0x00000034   Code   RO         1461    !!!scatter          c_w.l(__scatter.o)
    0x00000100   0x0000001a   Code   RO         1463    !!handler_copy      c_w.l(__scatter_copy.o)
    0x0000011a   0x00000002   PAD
    0x0000011c   0x0000001c   Code   RO         1465    !!handler_zi        c_w.l(__scatter_zi.o)
    0x00000138   0x00000000   Code   RO          853    .ARM.Collect$$_printf_percent$$00000000  c_w.l(_printf_percent.o)
    0x00000138   0x00000006   Code   RO          852    .ARM.Collect$$_printf_percent$$00000009  c_w.l(_printf_d.o)
    0x0000013e   0x00000006   Code   RO          851    .ARM.Collect$$_printf_percent$$0000000C  c_w.l(_printf_x.o)
    0x00000144   0x00000004   Code   RO         1092    .ARM.Collect$$_printf_percent$$00000017  c_w.l(_printf_percent_end.o)
    0x00000148   0x00000002   Code   RO         1368    .ARM.Collect$$libinit$$00000000  c_w.l(libinit.o)
    0x0000014a   0x00000000   Code   RO         1110    .ARM.Collect$$libinit$$00000002  c_w.l(libinit2.o)
    0x0000014a   0x00000008   Code   RO         1111    .ARM.Collect$$libinit$$00000003  c_w.l(libinit2.o)
    0x00000152   0x00000000   Code   RO         1113    .ARM.Collect$$libinit$$00000008  c_w.l(libinit2.o)
    0x00000152   0x00000000   Code   RO         1115    .ARM.Collect$$libinit$$0000000A  c_w.l(libinit2.o)
    0x00000152   0x00000000   Code   RO         1117    .ARM.Collect$$libinit$$0000000C  c_w.l(libinit2.o)
    0x00000152   0x00000006   Code   RO         1118    .ARM.Collect$$libinit$$0000000D  c_w.l(libinit2.o)
    0x00000158   0x00000000   Code   RO         1120    .ARM.Collect$$libinit$$0000000F  c_w.l(libinit2.o)
    0x00000158   0x0000000c   Code   RO         1121    .ARM.Collect$$libinit$$00000010  c_w.l(libinit2.o)
    0x00000164   0x00000000   Code   RO         1122    .ARM.Collect$$libinit$$00000011  c_w.l(libinit2.o)
    0x00000164   0x00000000   Code   RO         1124    .ARM.Collect$$libinit$$00000013  c_w.l(libinit2.o)
    0x00000164   0x00000000   Code   RO         1126    .ARM.Collect$$libinit$$00000015  c_w.l(libinit2.o)
    0x00000164   0x00000000   Code   RO         1128    .ARM.Collect$$libinit$$00000017  c_w.l(libinit2.o)
    0x00000164   0x00000000   Code   RO         1130    .ARM.Collect$$libinit$$00000019  c_w.l(libinit2.o)
    0x00000164   0x00000000   Code   RO         1132    .ARM.Collect$$libinit$$0000001B  c_w.l(libinit2.o)
    0x00000164   0x00000000   Code   RO         1134    .ARM.Collect$$libinit$$0000001D  c_w.l(libinit2.o)
    0x00000164   0x00000000   Code   RO         1136    .ARM.Collect$$libinit$$0000001F  c_w.l(libinit2.o)
    0x00000164   0x00000000   Code   RO         1138    .ARM.Collect$$libinit$$00000021  c_w.l(libinit2.o)
    0x00000164   0x00000004   Code   RO         1139    .ARM.Collect$$libinit$$00000022  c_w.l(libinit2.o)
    0x00000168   0x00000000   Code   RO         1140    .ARM.Collect$$libinit$$00000023  c_w.l(libinit2.o)
    0x00000168   0x00000000   Code   RO         1144    .ARM.Collect$$libinit$$0000002A  c_w.l(libinit2.o)
    0x00000168   0x00000000   Code   RO         1146    .ARM.Collect$$libinit$$0000002C  c_w.l(libinit2.o)
    0x00000168   0x00000000   Code   RO         1148    .ARM.Collect$$libinit$$0000002E  c_w.l(libinit2.o)
    0x00000168   0x00000004   Code   RO         1149    .ARM.Collect$$libinit$$0000002F  c_w.l(libinit2.o)
    0x0000016c   0x00000000   Code   RO         1150    .ARM.Collect$$libinit$$00000030  c_w.l(libinit2.o)
    0x0000016c   0x00000002   Code   RO         1151    .ARM.Collect$$libinit$$00000031  c_w.l(libinit2.o)
    0x0000016e   0x00000000   Code   RO         1283    .ARM.Collect$$libshutdown$$00000003  c_w.l(libshutdown2.o)
    0x0000016e   0x00000000   Code   RO         1016    .ARM.Collect$$rtentry$$00000000  c_w.l(rtentry.o)
    0x0000016e   0x00000000   Code   RO         1195    .ARM.Collect$$rtentry$$00000002  c_w.l(rtentry2.o)
    0x0000016e   0x00000006   Code   RO         1207    .ARM.Collect$$rtentry$$00000004  c_w.l(rtentry4.o)
    0x00000174   0x00000000   Code   RO         1197    .ARM.Collect$$rtentry$$00000009  c_w.l(rtentry2.o)
    0x00000174   0x00000004   Code   RO         1198    .ARM.Collect$$rtentry$$0000000A  c_w.l(rtentry2.o)
    0x00000178   0x00000000   Code   RO         1200    .ARM.Collect$$rtentry$$0000000C  c_w.l(rtentry2.o)
    0x00000178   0x00000008   Code   RO         1201    .ARM.Collect$$rtentry$$0000000D  c_w.l(rtentry2.o)
    0x00000180   0x00000000   Code   RO         1324    .emb_text           c_w.l(maybetermalloc1.o)
    0x00000180   0x00000104   Code   RO          272    .text               iap.o
    0x00000284   0x00000024   Code   RO          389    .text               startup_LPC17xx.o
    0x000002a8   0x00000018   Code   RO          800    .text               c_w.l(noretval__2printf.o)
    0x000002c0   0x00000014   Code   RO          802    .text               c_w.l(noretval__2fprintf.o)
    0x000002d4   0x00000024   Code   RO          877    .text               c_w.l(init_aeabi.o)
    0x000002f8   0x00000004   Code   RO         1218    .text               c_w.l(hguard.o)
    0x000002fc   0x00000004   Code   RO          388    .ARM.__at_0x02FC    startup_LPC17xx.o
    0x00000300   0x00000350   Code   RO            3    .text               main.o
    0x00000650   0x00000052   Code   RO          806    .text               c_w.l(_printf_pad.o)
    0x000006a2   0x00000002   PAD
    0x000006a4   0x00000078   Code   RO          808    .text               c_w.l(_printf_dec.o)
    0x0000071c   0x0000005c   Code   RO          813    .text               c_w.l(_printf_hex_int.o)
    0x00000778   0x0000013c   Code   RO          843    .text               c_w.l(__printf_flags_wp.o)
    0x000008b4   0x0000003c   Code   RO          854    .text               c_w.l(__0sscanf.o)
    0x000008f0   0x00000150   Code   RO          856    .text               c_w.l(_scanf_int.o)
    0x00000a40   0x0000003e   Code   RO          864    .text               c_w.l(strlen.o)
    0x00000a7e   0x00000096   Code   RO          866    .text               c_w.l(strncmp.o)
    0x00000b14   0x00000080   Code   RO          870    .text               c_w.l(strcmpv7m.o)
    0x00000b94   0x0000005e   Code   RO         1030    .text               c_w.l(h1_alloc.o)
    0x00000bf2   0x0000004e   Code   RO         1032    .text               c_w.l(h1_free.o)
    0x00000c40   0x000000b8   Code   RO         1088    .text               c_w.l(_printf_intcommon.o)
    0x00000cf8   0x00000024   Code   RO         1090    .text               c_w.l(_printf_char_file.o)
    0x00000d1c   0x0000001c   Code   RO         1093    .text               c_w.l(_chval.o)
    0x00000d38   0x0000002c   Code   RO         1095    .text               c_w.l(scanf_char.o)
    0x00000d64   0x00000040   Code   RO         1097    .text               c_w.l(_sgetc.o)
    0x00000da4   0x00000138   Code   RO         1099    .text               c_w.l(initio.o)
    0x00000edc   0x00000008   Code   RO         1213    .text               c_w.l(rt_heap_descriptor.o)
    0x00000ee4   0x0000008a   Code   RO         1220    .text               c_w.l(init_alloc.o)
    0x00000f6e   0x0000000e   Code   RO         1224    .text               c_w.l(h1_init.o)
    0x00000f7c   0x00000012   Code   RO         1238    .text               c_w.l(isspace.o)
    0x00000f8e   0x00000002   PAD
    0x00000f90   0x00000030   Code   RO         1240    .text               c_w.l(_printf_char_common.o)
    0x00000fc0   0x00000370   Code   RO         1242    .text               c_w.l(_scanf.o)
    0x00001330   0x00000008   Code   RO         1244    .text               c_w.l(ferror.o)
    0x00001338   0x00000046   Code   RO         1250    .text               c_w.l(setvbuf.o)
    0x0000137e   0x00000002   PAD
    0x00001380   0x000000ec   Code   RO         1253    .text               c_w.l(fopen.o)
    0x0000146c   0x0000004c   Code   RO         1255    .text               c_w.l(fclose.o)
    0x000014b8   0x0000000a   Code   RO         1265    .text               c_w.l(defsig_exit.o)
    0x000014c2   0x0000000e   Code   RO         1267    .text               c_w.l(defsig_rtred_outer.o)
    0x000014d0   0x0000004e   Code   RO         1275    .text               c_w.l(rt_memclr_w.o)
    0x0000151e   0x00000002   PAD
    0x00001520   0x0000000c   Code   RO         1318    .text               c_w.l(sys_exit.o)
    0x0000152c   0x00000010   Code   RO         1320    .text               c_w.l(rt_ctype_table.o)
    0x0000153c   0x00000034   Code   RO         1326    .text               c_w.l(h1_extend.o)
    0x00001570   0x000001de   Code   RO         1332    .text               c_w.l(flsbuf.o)
    0x0000174e   0x00000002   PAD
    0x00001750   0x000000f8   Code   RO         1334    .text               c_w.l(fseek.o)
    0x00001848   0x000000f0   Code   RO         1336    .text               c_w.l(stdio.o)
    0x00001938   0x00000032   Code   RO         1342    .text               c_w.l(defsig_general.o)
    0x0000196a   0x00000002   PAD
    0x0000196c   0x00000034   Code   RO         1348    .text               c_w.l(defsig_rtred_inner.o)
    0x000019a0   0x0000000e   Code   RO         1350    .text               c_w.l(defsig_rtmem_outer.o)
    0x000019ae   0x00000002   PAD
    0x000019b0   0x00000050   Code   RO         1354    .text               c_w.l(heapauxa.o)
    0x00001a00   0x0000000e   Code   RO         1385    .text               c_w.l(sys_wrch.o)
    0x00001a0e   0x00000002   Code   RO         1387    .text               c_w.l(use_no_semi.o)
    0x00001a10   0x00000000   Code   RO         1389    .text               c_w.l(indicate_semi.o)
    0x00001a10   0x00000008   Code   RO         1390    .text               c_w.l(rt_locale.o)
    0x00001a18   0x00000046   Code   RO         1404    .text               c_w.l(ftell.o)
    0x00001a5e   0x00000002   PAD
    0x00001a60   0x00000050   Code   RO         1421    .text               c_w.l(defsig_rtmem_inner.o)
    0x00001ab0   0x00000008   Code   RO         1430    .text               c_w.l(rt_errno_addr.o)
    0x00001ab8   0x0000000e   Code   RO          393    i.$Sub$$main        retarget.o
    0x00001ac6   0x00000002   PAD
    0x00001ac8   0x00000030   Code   RO          373    i.NVIC_SetVector    cmsis_nvic.o
    0x00001af8   0x0000009c   Code   RO          381    i.SystemInit        system_LPC17xx.o
    0x00001b94   0x00000020   Code   RO          394    i._Z11init_serialv  retarget.o
    0x00001bb4   0x00000004   Code   RO          730    i._ZN4mbed8FileBase11getPathTypeEv  mbed.ar(FileBase.o)
    0x00001bb8   0x00000038   Code   RO          732    i._ZN4mbed8FileBase6lookupEPKcj  mbed.ar(FileBase.o)
    0x00001bf0   0x00000010   Code   RO          561    i._ZN4mbed8FilePath10fileSystemEv  mbed.ar(FilePath.o)
    0x00001c00   0x00000014   Code   RO          562    i._ZN4mbed8FilePath12isFileSystemEv  mbed.ar(FilePath.o)
    0x00001c14   0x00000016   Code   RO          563    i._ZN4mbed8FilePath4fileEv  mbed.ar(FilePath.o)
    0x00001c2a   0x0000000a   Code   RO          564    i._ZN4mbed8FilePath6existsEv  mbed.ar(FilePath.o)
    0x00001c34   0x00000016   Code   RO          565    i._ZN4mbed8FilePath6isFileEv  mbed.ar(FilePath.o)
    0x00001c4a   0x00000004   Code   RO          566    i._ZN4mbed8FilePath8fileNameEv  mbed.ar(FilePath.o)
    0x00001c4e   0x0000003e   Code   RO          567    i._ZN4mbed8FilePathC1EPKc  mbed.ar(FilePath.o)
    0x00001c8c   0x00000010   Code   RO          367    i.__user_setup_stackheap  sys.o
    0x00001c9c   0x0000000e   Code   RO          841    i._is_digit         c_w.l(__printf_wp.o)
    0x00001caa   0x00000002   PAD
    0x00001cac   0x00000028   Code   RO          397    i._sys_close        retarget.o
    0x00001cd4   0x00000024   Code   RO          400    i._sys_flen         retarget.o
    0x00001cf8   0x00000024   Code   RO          401    i._sys_istty        retarget.o
    0x00001d1c   0x000000f4   Code   RO          402    i._sys_open         retarget.o
    0x00001e10   0x00000028   Code   RO          404    i._sys_seek         retarget.o
    0x00001e38   0x00000054   Code   RO          405    i._sys_write        retarget.o
    0x00001e8c   0x00000014   Code   RO          555    i.exit              mbed.ar(exit.o)
    0x00001ea0   0x0000001a   Code   RO         1247    i.fputc             c_w.l(fputc.o)
    0x00001eba   0x0000001c   Code   RO          498    i.gpio_dir          mbed.ar(gpio_api.o)
    0x00001ed6   0x0000004a   Code   RO          499    i.gpio_init         mbed.ar(gpio_api.o)
    0x00001f20   0x00000014   Code   RO          501    i.gpio_set          mbed.ar(gpio_api.o)
    0x00001f34   0x0000000e   Code   RO          654    i.gpio_write        mbed.ar(board.o)
    0x00001f42   0x00000002   PAD
    0x00001f44   0x00000084   Code   RO          655    i.mbed_die          mbed.ar(board.o)
    0x00001fc8   0x00000004   Code   RO          662    i.mbed_interface_connected  mbed.ar(mbed_interface.o)
    0x00001fcc   0x00000002   Code   RO          407    i.mbed_main         retarget.o
    0x00001fce   0x00000002   PAD
    0x00001fd0   0x00000034   Code   RO          646    i.pin_function      mbed.ar(pinmap.o)
    0x00002004   0x00000054   Code   RO          647    i.pin_mode          mbed.ar(pinmap.o)
    0x00002058   0x00000038   Code   RO          682    i.pinmap_merge      mbed.ar(pinmap_common.o)
    0x00002090   0x0000004c   Code   RO          683    i.pinmap_peripheral  mbed.ar(pinmap_common.o)
    0x000020dc   0x00000054   Code   RO          684    i.pinmap_pinout     mbed.ar(pinmap_common.o)
    0x00002130   0x00000010   Code   RO          693    i.semihost_connected  mbed.ar(semihost_api.o)
    0x00002140   0x0000000c   Code   RO          696    i.semihost_exit     mbed.ar(semihost_api.o)
    0x0000214c   0x000001ac   Code   RO          510    i.serial_baud       mbed.ar(serial_api.o)
    0x000022f8   0x000000f0   Code   RO          514    i.serial_format     mbed.ar(serial_api.o)
    0x000023e8   0x00000140   Code   RO          517    i.serial_init       mbed.ar(serial_api.o)
    0x00002528   0x0000000e   Code   RO          521    i.serial_putc       mbed.ar(serial_api.o)
    0x00002536   0x00000002   PAD
    0x00002538   0x0000000c   Code   RO          766    i.us_ticker_clear_interrupt  mbed.ar(us_ticker.o)
    0x00002544   0x00000010   Code   RO          767    i.us_ticker_disable_interrupt  mbed.ar(us_ticker.o)
    0x00002554   0x00000060   Code   RO          768    i.us_ticker_init    mbed.ar(us_ticker.o)
    0x000025b4   0x00000040   Code   RO          782    i.us_ticker_irq_handler  mbed.ar(us_ticker_api.o)
    0x000025f4   0x0000001c   Code   RO          769    i.us_ticker_read    mbed.ar(us_ticker.o)
    0x00002610   0x00000014   Code   RO          770    i.us_ticker_set_interrupt  mbed.ar(us_ticker.o)
    0x00002624   0x0000000a   Code   RO          759    i.wait_ms           mbed.ar(wait_api.o)
    0x0000262e   0x00000016   Code   RO          760    i.wait_us           mbed.ar(wait_api.o)
    0x00002644   0x0000002c   Code   RO         1411    locale$$code        c_w.l(lc_ctype_c.o)
    0x00002670   0x000000c4   Code   RO          990    x$fpl$fadd          fz_ws.l(faddsub_clz.o)
    0x00002734   0x0000000c   Code   RO         1180    x$fpl$fcheck1       fz_ws.l(fcheck1.o)
    0x00002740   0x00000018   Code   RO         1182    x$fpl$fcmpinf       fz_ws.l(fcmpi.o)
    0x00002758   0x00000184   Code   RO          997    x$fpl$fdiv          fz_ws.l(fdiv.o)
    0x000028dc   0x00000030   Code   RO         1005    x$fpl$fflt          fz_ws.l(fflt_clz.o)
    0x0000290c   0x00000026   Code   RO         1004    x$fpl$ffltu         fz_ws.l(fflt_clz.o)
    0x00002932   0x00000002   PAD
    0x00002934   0x00000068   Code   RO         1010    x$fpl$fleqf         fz_ws.l(fleqf.o)
    0x0000299c   0x00000102   Code   RO         1012    x$fpl$fmul          fz_ws.l(fmul.o)
    0x00002a9e   0x0000008c   Code   RO         1184    x$fpl$fnaninf       fz_ws.l(fnaninf.o)
    0x00002b2a   0x0000000a   Code   RO         1186    x$fpl$fretinf       fz_ws.l(fretinf.o)
    0x00002b34   0x000000ea   Code   RO          992    x$fpl$fsub          fz_ws.l(faddsub_clz.o)
    0x00002c1e   0x00000064   Code   RO         1316    x$fpl$retnan        fz_ws.l(retnan.o)
    0x00002c82   0x0000004c   Code   RO         1014    x$fpl$scalbnf       fz_ws.l(scalbnf.o)
    0x00002cce   0x00000030   Code   RO         1383    x$fpl$trapveneer    fz_ws.l(trapv.o)
    0x00002cfe   0x00000000   Code   RO         1188    x$fpl$usenofp       fz_ws.l(usenofp.o)
    0x00002cfe   0x00000002   PAD
    0x00002d00   0x00000044   Data   RO            6    .constdata          main.o
    0x00002d44   0x00000017   Data   RO          444    .constdata          retarget.o
    0x00002d5b   0x00000001   PAD
    0x00002d5c   0x000000d8   Data   RO          530    .constdata          mbed.ar(serial_api.o)
    0x00002e34   0x00000028   Data   RO          814    .constdata          c_w.l(_printf_hex_int.o)
    0x00002e5c   0x00000011   Data   RO          844    .constdata          c_w.l(__printf_flags_wp.o)
    0x00002e6d   0x00000003   PAD
    0x00002e70   0x00000020   Data   RO         1459    Region$$Table       anon$$obj.o
    0x00002e90   0x00000110   Data   RO         1410    locale$$data        c_w.l(lc_ctype_c.o)
    0x00002fa0   0x00000004   Data   RO            8    .init_array         main.o


    Execution Region ER_IROM2 (Base: 0x0000e000, Size: 0x0000000c, Max: 0xffffffff, ABSOLUTE, FIXED)

    Base Addr    Size         Type   Attr      Idx    E Section Name        Object

    0x0000e000   0x0000000a   Code   RO          339    .text               foo.o


    Execution Region RW_IRAM1 (Base: 0x100000c8, Size: 0x00000680, Max: 0x00007f38, ABSOLUTE)

    Base Addr    Size         Type   Attr      Idx    E Section Name        Object

    0x100000c8   0x00000080   Data   RW            7    .data               main.o
    0x10000148   0x00000004   Data   RW          382    .data               system_LPC17xx.o
    0x1000014c   0x00000010   Data   RW          531    .data               mbed.ar(serial_api.o)
    0x1000015c   0x00000004   Data   RW          744    .data               mbed.ar(FileBase.o)
    0x10000160   0x00000004   Data   RW          771    .data               mbed.ar(us_ticker.o)
    0x10000164   0x00000008   Data   RW          785    .data               mbed.ar(us_ticker_api.o)
    0x1000016c   0x00000004   Data   RW          861    .data               c_w.l(stdio_streams.o)
    0x10000170   0x00000004   Data   RW          862    .data               c_w.l(stdio_streams.o)
    0x10000174   0x00000004   Data   RW          863    .data               c_w.l(stdio_streams.o)
    0x10000178   0x00000004   Data   RW         1355    .data               c_w.l(heapauxa.o)
    0x1000017c   0x00000474   Zero   RW            5    .bss                main.o
    0x100005f0   0x00000040   Zero   RW          443    .bss                retarget.o
    0x10000630   0x00000054   Zero   RW          858    .bss                c_w.l(stdio_streams.o)
    0x10000684   0x00000054   Zero   RW          859    .bss                c_w.l(stdio_streams.o)
    0x100006d8   0x00000054   Zero   RW          860    .bss                c_w.l(stdio_streams.o)
    0x1000072c   0x00000004   Zero   RW         1214    .bss                c_w.l(rt_heap_descriptor.o)
    0x10000730   0x00000014   Zero   RW         1391    .bss                c_w.l(rt_locale.o)
    0x10000744   0x00000004   Zero   RW         1431    .bss                c_w.l(rt_errno_addr.o)


    Execution Region RW_IRAM2 (Base: 0x2007c000, Size: 0x00000000, Max: 0x00004000, ABSOLUTE)

    **** No section assigned to this execution region ****


    Execution Region RW_IRAM3 (Base: 0x20080000, Size: 0x00000000, Max: 0x00004000, ABSOLUTE)

    **** No section assigned to this execution region ****


    Execution Region RW_IRAM4 (Base: 0x40038000, Size: 0x00000000, Max: 0x00000800, ABSOLUTE)

    **** No section assigned to this execution region ****



  Load Region LR$$.ARM.__at_0x00078000 (Base: 0x00078000, Size: 0x00000000, Max: 0x00008000, ABSOLUTE)

    Execution Region ER$$.ARM.__at_0x00078000 (Base: 0x00078000, Size: 0x00008000, Max: 0x00008000, ABSOLUTE, UNINIT)

    Base Addr    Size         Type   Attr      Idx    E Section Name        Object

    0x00078000   0x00008000   Zero   RW          273    .ARM.__at_0x00078000  iap.o


==============================================================================

Image component sizes


      Code (inc. data)   RO Data    RW Data    ZI Data      Debug   Object Name

        48          6          0          0          0         84   cmsis_nvic.o
        10          0          0          0          0        390   foo.o
       260          0          0          0      32768       6432   iap.o
       848        416         72        128       1140      53906   main.o
       528         54         23          0         64        652   retarget.o
        40         12        196          0          0        228   startup_LPC17xx.o
        16          6          0          0          0         68   sys.o
       156         10          0          4          0         76   system_LPC17xx.o

    ----------------------------------------------------------------------
      1912        504        324        132      33972      61836   Object Totals
         0          0         32          0          0          0   (incl. Generated)
         6          0          1          0          0          0   (incl. Padding)

    ----------------------------------------------------------------------

      Code (inc. data)   RO Data    RW Data    ZI Data      Debug   Library Member Name

        60          8          0          0          0         84   __0sscanf.o
         8          0          0          0          0         68   __main.o
       316          6         17          0          0         92   __printf_flags_wp.o
        14          0          0          0          0         68   __printf_wp.o
        52          8          0          0          0          0   __scatter.o
        26          0          0          0          0          0   __scatter_copy.o
        28          0          0          0          0          0   __scatter_zi.o
        28          0          0          0          0         68   _chval.o
        48          6          0          0          0         96   _printf_char_common.o
        36          4          0          0          0         80   _printf_char_file.o
         6          0          0          0          0          0   _printf_d.o
       120         18          0          0          0         92   _printf_dec.o
        92          4         40          0          0         88   _printf_hex_int.o
       184          0          0          0          0         88   _printf_intcommon.o
        82          0          0          0          0        108   _printf_pad.o
         0          0          0          0          0          0   _printf_percent.o
         4          0          0          0          0          0   _printf_percent_end.o
         6          0          0          0          0          0   _printf_x.o
       880          4          0          0          0        100   _scanf.o
       336          0          0          0          0         96   _scanf_int.o
        64          0          0          0          0         84   _sgetc.o
        10          0          0          0          0         68   defsig_exit.o
        50          0          0          0          0         88   defsig_general.o
        80         58          0          0          0         76   defsig_rtmem_inner.o
        14          0          0          0          0         80   defsig_rtmem_outer.o
        52         38          0          0          0         76   defsig_rtred_inner.o
        14          0          0          0          0         80   defsig_rtred_outer.o
        76          0          0          0          0         88   fclose.o
         8          0          0          0          0         68   ferror.o
       478          0          0          0          0         88   flsbuf.o
       236          4          0          0          0        128   fopen.o
        26          0          0          0          0         68   fputc.o
       248          6          0          0          0         84   fseek.o
        70          0          0          0          0         76   ftell.o
        94          0          0          0          0         80   h1_alloc.o
        52          0          0          0          0         68   h1_extend.o
        78          0          0          0          0         80   h1_free.o
        14          0          0          0          0         84   h1_init.o
        80          6          0          4          0         96   heapauxa.o
         4          0          0          0          0        136   hguard.o
         0          0          0          0          0          0   indicate_semi.o
        36         10          0          0          0         80   init_aeabi.o
       138          0          0          0          0        168   init_alloc.o
       312         46          0          0          0        112   initio.o
        18          0          0          0          0         76   isspace.o
        44         10        272          0          0         76   lc_ctype_c.o
         2          0          0          0          0          0   libinit.o
        36          0          0          0          0          0   libinit2.o
         0          0          0          0          0          0   libshutdown2.o
         0          0          0          0          0          0   maybetermalloc1.o
        20          0          0          0          0         84   noretval__2fprintf.o
        24          4          0          0          0         84   noretval__2printf.o
        16          4          0          0          0         76   rt_ctype_table.o
         8          4          0          0          4         68   rt_errno_addr.o
         8          4          0          0          4         68   rt_heap_descriptor.o
         8          4          0          0         20         68   rt_locale.o
        78          0          0          0          0         80   rt_memclr_w.o
         0          0          0          0          0          0   rtentry.o
        12          0          0          0          0          0   rtentry2.o
         6          0          0          0          0          0   rtentry4.o
        44          8          0          0          0         84   scanf_char.o
        70          0          0          0          0         80   setvbuf.o
       240          6          0          0          0        156   stdio.o
         0          0          0         12        252          0   stdio_streams.o
       128          0          0          0          0         68   strcmpv7m.o
        62          0          0          0          0         76   strlen.o
       150          0          0          0          0         80   strncmp.o
        12          4          0          0          0         68   sys_exit.o
        14          0          0          0          0         76   sys_wrch.o
         2          0          0          0          0         68   use_no_semi.o
       430          8          0          0          0        168   faddsub_clz.o
        12          4          0          0          0         68   fcheck1.o
        24          0          0          0          0         68   fcmpi.o
       388         76          0          0          0         96   fdiv.o
        86          0          0          0          0        136   fflt_clz.o
       104          4          0          0          0         84   fleqf.o
       258          4          0          0          0         84   fmul.o
       140          4          0          0          0         84   fnaninf.o
        10          0          0          0          0         68   fretinf.o
       100          0          0          0          0         68   retnan.o
        76          0          0          0          0         68   scalbnf.o
        48          0          0          0          0         68   trapv.o
         0          0          0          0          0          0   usenofp.o
        60          6          0          4          0        148   FileBase.o
       156          0          0          0          0        516   FilePath.o
       146          6          0          0          0        144   board.o
        20          0          0          0          0         72   exit.o
       122          0          0          0          0        236   gpio_api.o
         4          0          0          0          0         68   mbed_interface.o
       136         18          0          0          0        160   pinmap.o
       216         86          0          0          0        236   pinmap_common.o
        28          6          0          0          0        148   semihost_api.o
      1002        222        216         16          0        336   serial_api.o
       172         48          0          4          0        356   us_ticker.o
        64          4          0          8          0         88   us_ticker_api.o
        32          0          0          0          0        148   wait_api.o

    ----------------------------------------------------------------------
      9424        770        548         48        280       8336   Library Totals
        28          0          3          0          0          0   (incl. Padding)

    ----------------------------------------------------------------------

      Code (inc. data)   RO Data    RW Data    ZI Data      Debug   Library Name

      5562        274        329         16        280       4620   c_w.l
      1676        100          0          0          0       1060   fz_ws.l
      2158        396        216         32          0       2656   mbed.ar

    ----------------------------------------------------------------------
      9424        770        548         48        280       8336   Library Totals

    ----------------------------------------------------------------------

==============================================================================


      Code (inc. data)   RO Data    RW Data    ZI Data      Debug   

     11336       1274        872        180      34252      64296   Grand Totals
     11336       1274        872        180      34252      64296   ELF Image Totals
     11336       1274        872        180          0          0   ROM Totals

==============================================================================

    Total RO  Size (Code + RO Data)                12208 (  11.92kB)
    Total RW  Size (RW Data + ZI Data)             34432 (  33.63kB)
    Total ROM Size (Code + RO Data + RW Data)      12388 (  12.10kB)

==============================================================================

