<html>
<body>
<pre>
<h1>µVision Build Log</h1>
<h2>Project:</h2>
S:\ESE519_git\EVM-2013\Lab5\mRKv2.0\MRK.uvproj
Project File Date:  11/20/2013

<h2>Output:</h2>
Build target 'mbed NXP LPC1768'
compiling main.cpp...
linking...
Program Size: Code=27146 RO-data=1546 RW-data=308 ZI-data=2300  
After Build - User command #1: fromelf --bin -o E:\MRK.bin .\build\MRK.axf
".\build\MRK.axf" - 0 Errors, 0 Warning(s).
Build target 'mbed NXP LPC1768'
compiling main.cpp...
linking...
Program Size: Code=27146 RO-data=1546 RW-data=308 ZI-data=2300  
After Build - User command #1: fromelf --bin -o E:\MRK.bin .\build\MRK.axf
".\build\MRK.axf" - 0 Errors, 0 Warning(s).
Build target 'mbed NXP LPC1768'
compiling main.cpp...
linking...
Program Size: Code=27440 RO-data=1632 RW-data=308 ZI-data=2344  
After Build - User command #1: fromelf --bin -o E:\MRK.bin .\build\MRK.axf
".\build\MRK.axf" - 0 Errors, 0 Warning(s).
Build target 'mbed NXP LPC1768'
compiling main.cpp...
linking...
Program Size: Code=27440 RO-data=1632 RW-data=308 ZI-data=2344  
After Build - User command #1: fromelf --bin -o E:\MRK.bin .\build\MRK.axf
".\build\MRK.axf" - 0 Errors, 0 Warning(s).
Build target 'mbed NXP LPC1768'
compiling main.cpp...
linking...
Program Size: Code=27448 RO-data=1632 RW-data=308 ZI-data=2344  
After Build - User command #1: fromelf --bin -o E:\MRK.bin .\build\MRK.axf
".\build\MRK.axf" - 0 Errors, 0 Warning(s).
Build target 'mbed NXP LPC1768'
compiling main.cpp...
linking...
Program Size: Code=27448 RO-data=1632 RW-data=308 ZI-data=2344  
After Build - User command #1: fromelf --bin -o E:\MRK.bin .\build\MRK.axf
".\build\MRK.axf" - 0 Errors, 0 Warning(s).
Build target 'mbed NXP LPC1768'
compiling main.cpp...
linking...
Program Size: Code=27448 RO-data=1632 RW-data=308 ZI-data=2344  
After Build - User command #1: fromelf --bin -o E:\MRK.bin .\build\MRK.axf
".\build\MRK.axf" - 0 Errors, 0 Warning(s).
Build target 'mbed NXP LPC1768'
compiling main.cpp...
linking...
Program Size: Code=27448 RO-data=1632 RW-data=308 ZI-data=2344  
After Build - User command #1: fromelf --bin -o E:\MRK.bin .\build\MRK.axf
".\build\MRK.axf" - 0 Errors, 0 Warning(s).
Build target 'mbed NXP LPC1768'
compiling main.cpp...
linking...
Program Size: Code=27448 RO-data=1632 RW-data=308 ZI-data=2344  
After Build - User command #1: fromelf --bin -o E:\MRK.bin .\build\MRK.axf
".\build\MRK.axf" - 0 Errors, 0 Warning(s).
Build target 'mbed NXP LPC1768'
compiling main.cpp...
linking...
Program Size: Code=27448 RO-data=1632 RW-data=308 ZI-data=2344  
After Build - User command #1: fromelf --bin -o E:\MRK.bin .\build\MRK.axf
".\build\MRK.axf" - 0 Errors, 0 Warning(s).
Build target 'mbed NXP LPC1768'
compiling main.cpp...
linking...
Program Size: Code=27448 RO-data=1632 RW-data=308 ZI-data=2344  
After Build - User command #1: fromelf --bin -o E:\MRK.bin .\build\MRK.axf
".\build\MRK.axf" - 0 Errors, 0 Warning(s).
Build target 'mbed NXP LPC1768'
compiling main.cpp...
linking...
Program Size: Code=27448 RO-data=1632 RW-data=308 ZI-data=2344  
After Build - User command #1: fromelf --bin -o E:\MRK.bin .\build\MRK.axf
".\build\MRK.axf" - 0 Errors, 0 Warning(s).
Build target 'mbed NXP LPC1768'
compiling main.cpp...
linking...
Program Size: Code=27452 RO-data=1632 RW-data=308 ZI-data=2344  
After Build - User command #1: fromelf --bin -o E:\MRK.bin .\build\MRK.axf
".\build\MRK.axf" - 0 Errors, 0 Warning(s).
Build target 'mbed NXP LPC1768'
compiling main.cpp...
linking...
Program Size: Code=27448 RO-data=1632 RW-data=308 ZI-data=2344  
After Build - User command #1: fromelf --bin -o E:\MRK.bin .\build\MRK.axf
".\build\MRK.axf" - 0 Errors, 0 Warning(s).
Build target 'mbed NXP LPC1768'
compiling main.cpp...
linking...
Program Size: Code=27444 RO-data=1632 RW-data=308 ZI-data=2344  
After Build - User command #1: fromelf --bin -o E:\MRK.bin .\build\MRK.axf
".\build\MRK.axf" - 0 Errors, 0 Warning(s).
Build target 'mbed NXP LPC1768'
compiling main.cpp...
linking...
Program Size: Code=27504 RO-data=1632 RW-data=316 ZI-data=2344  
After Build - User command #1: fromelf --bin -o E:\MRK.bin .\build\MRK.axf
".\build\MRK.axf" - 0 Errors, 0 Warning(s).
Build target 'mbed NXP LPC1768'
compiling main.cpp...
linking...
Program Size: Code=27504 RO-data=1632 RW-data=316 ZI-data=2344  
After Build - User command #1: fromelf --bin -o E:\MRK.bin .\build\MRK.axf
".\build\MRK.axf" - 0 Errors, 0 Warning(s).
Build target 'mbed NXP LPC1768'
compiling main.cpp...
linking...
Program Size: Code=27504 RO-data=1632 RW-data=316 ZI-data=2344  
After Build - User command #1: fromelf --bin -o E:\MRK.bin .\build\MRK.axf
".\build\MRK.axf" - 0 Errors, 0 Warning(s).
Build target 'mbed NXP LPC1768'
compiling main.cpp...
linking...
Program Size: Code=27504 RO-data=1632 RW-data=316 ZI-data=2344  
After Build - User command #1: fromelf --bin -o E:\MRK.bin .\build\MRK.axf
".\build\MRK.axf" - 0 Errors, 0 Warning(s).
Build target 'mbed NXP LPC1768'
compiling main.cpp...
linking...
Program Size: Code=27508 RO-data=1632 RW-data=316 ZI-data=2344  
After Build - User command #1: fromelf --bin -o E:\MRK.bin .\build\MRK.axf
".\build\MRK.axf" - 0 Errors, 0 Warning(s).
Build target 'mbed NXP LPC1768'
compiling main.cpp...
linking...
Program Size: Code=27504 RO-data=1632 RW-data=316 ZI-data=2344  
After Build - User command #1: fromelf --bin -o E:\MRK.bin .\build\MRK.axf
".\build\MRK.axf" - 0 Errors, 0 Warning(s).
Build target 'mbed NXP LPC1768'
compiling main.cpp...
linking...
Program Size: Code=27504 RO-data=1632 RW-data=316 ZI-data=2344  
After Build - User command #1: fromelf --bin -o E:\MRK.bin .\build\MRK.axf
".\build\MRK.axf" - 0 Errors, 0 Warning(s).
Build target 'mbed NXP LPC1768'
compiling main.cpp...
linking...
Program Size: Code=27504 RO-data=1632 RW-data=316 ZI-data=2344  
After Build - User command #1: fromelf --bin -o E:\MRK.bin .\build\MRK.axf
".\build\MRK.axf" - 0 Errors, 0 Warning(s).
Build target 'mbed NXP LPC1768'
compiling main.cpp...
linking...
Program Size: Code=27504 RO-data=1632 RW-data=316 ZI-data=2344  
After Build - User command #1: fromelf --bin -o E:\MRK.bin .\build\MRK.axf
".\build\MRK.axf" - 0 Errors, 0 Warning(s).
Build target 'mbed NXP LPC1768'
compiling main.cpp...
mrk_uvision_lpc1768\mrk\NanoRk\Projects\basic_tasks\main.cpp(54): warning:  #177-D: variable "j" was declared but never referenced
mrk_uvision_lpc1768\mrk\NanoRk\Projects\basic_tasks\main.cpp(78): warning:  #177-D: variable "j" was declared but never referenced
linking...
Program Size: Code=27656 RO-data=1632 RW-data=316 ZI-data=2920  
After Build - User command #1: fromelf --bin -o E:\MRK.bin .\build\MRK.axf
".\build\MRK.axf" - 0 Errors, 2 Warning(s).
Build target 'mbed NXP LPC1768'
compiling main.cpp...
mrk_uvision_lpc1768\mrk\NanoRk\Projects\basic_tasks\main.cpp(54): warning:  #177-D: variable "j" was declared but never referenced
mrk_uvision_lpc1768\mrk\NanoRk\Projects\basic_tasks\main.cpp(78): warning:  #177-D: variable "j" was declared but never referenced
linking...
Program Size: Code=27656 RO-data=1632 RW-data=316 ZI-data=2920  
After Build - User command #1: fromelf --bin -o E:\MRK.bin .\build\MRK.axf
".\build\MRK.axf" - 0 Errors, 2 Warning(s).
Build target 'mbed NXP LPC1768'
compiling main.cpp...
mrk_uvision_lpc1768\mrk\NanoRk\Projects\basic_tasks\main.cpp(54): warning:  #177-D: variable "j" was declared but never referenced
mrk_uvision_lpc1768\mrk\NanoRk\Projects\basic_tasks\main.cpp(78): warning:  #177-D: variable "j" was declared but never referenced
linking...
Program Size: Code=27656 RO-data=1632 RW-data=316 ZI-data=2920  
After Build - User command #1: fromelf --bin -o E:\MRK.bin .\build\MRK.axf
".\build\MRK.axf" - 0 Errors, 2 Warning(s).
Build target 'mbed NXP LPC1768'
compiling main.cpp...
mrk_uvision_lpc1768\mrk\NanoRk\Projects\basic_tasks\main.cpp(54): warning:  #177-D: variable "j" was declared but never referenced
mrk_uvision_lpc1768\mrk\NanoRk\Projects\basic_tasks\main.cpp(78): warning:  #177-D: variable "j" was declared but never referenced
mrk_uvision_lpc1768\mrk\NanoRk\Projects\basic_tasks\main.cpp(104): warning:  #177-D: variable "j" was declared but never referenced
linking...
Program Size: Code=27612 RO-data=1632 RW-data=312 ZI-data=2920  
After Build - User command #1: fromelf --bin -o E:\MRK.bin .\build\MRK.axf
".\build\MRK.axf" - 0 Errors, 3 Warning(s).
Build target 'mbed NXP LPC1768'
compiling main.cpp...
mrk_uvision_lpc1768\mrk\NanoRk\Projects\basic_tasks\main.cpp(54): warning:  #177-D: variable "j" was declared but never referenced
mrk_uvision_lpc1768\mrk\NanoRk\Projects\basic_tasks\main.cpp(78): warning:  #177-D: variable "j" was declared but never referenced
mrk_uvision_lpc1768\mrk\NanoRk\Projects\basic_tasks\main.cpp(104): warning:  #177-D: variable "j" was declared but never referenced
linking...
Program Size: Code=27612 RO-data=1632 RW-data=312 ZI-data=2920  
After Build - User command #1: fromelf --bin -o E:\MRK.bin .\build\MRK.axf
".\build\MRK.axf" - 0 Errors, 3 Warning(s).
Build target 'mbed NXP LPC1768'
compiling main.cpp...
linking...
Program Size: Code=27676 RO-data=1632 RW-data=324 ZI-data=2920  
After Build - User command #1: fromelf --bin -o E:\MRK.bin .\build\MRK.axf
".\build\MRK.axf" - 0 Errors, 0 Warning(s).
Build target 'mbed NXP LPC1768'
compiling main.cpp...
linking...
Program Size: Code=27676 RO-data=1632 RW-data=324 ZI-data=2920  
After Build - User command #1: fromelf --bin -o E:\MRK.bin .\build\MRK.axf
".\build\MRK.axf" - 0 Errors, 0 Warning(s).
Build target 'mbed NXP LPC1768'
compiling main.cpp...
linking...
Program Size: Code=27676 RO-data=1632 RW-data=324 ZI-data=2920  
After Build - User command #1: fromelf --bin -o E:\MRK.bin .\build\MRK.axf
".\build\MRK.axf" - 0 Errors, 0 Warning(s).
Build target 'mbed NXP LPC1768'
compiling nrk_cpu.cpp...
compiling nrk_timer.cpp...
mrk_uvision_lpc1768\mrk\NanoRk\src\kernel\hal\LPC1768\nrk_timer.cpp(177): warning:  #191-D: type qualifier is meaningless on cast type
mrk_uvision_lpc1768\mrk\NanoRk\src\kernel\hal\LPC1768\nrk_timer.cpp(298): warning:  #191-D: type qualifier is meaningless on cast type
compiling nrk_watchdog.cpp...
compiling nrk.cpp...
compiling nrk_error.cpp...
mrk_uvision_lpc1768\mrk\NanoRk\src\kernel\source\nrk_error.cpp(165): warning:  #177-D: variable "i" was declared but never referenced
compiling nrk_events.cpp...
mrk_uvision_lpc1768\mrk\NanoRk\src\kernel\source\nrk_events.cpp(279): warning:  #177-D: variable "task_ID" was declared but never referenced
compiling nrk_idle_task.cpp...
mrk_uvision_lpc1768\mrk\NanoRk\src\kernel\source\nrk_idle_task.cpp(39): warning:  #177-D: variable "stkc" was declared but never referenced
compiling nrk_scheduler.cpp...
compiling nrk_stack_check.cpp...
compiling nrk_stats.cpp...
compiling nrk_task.cpp...
mrk_uvision_lpc1768\mrk\NanoRk\src\kernel\source\nrk_task.cpp(234): warning:  #550-D: variable "rtype" was set but never used
mrk_uvision_lpc1768\mrk\NanoRk\src\kernel\source\nrk_task.cpp(528): warning:  #191-D: type qualifier is meaningless on cast type
compiling nrk_time.cpp...
compiling adc_driver.cpp...
mrk_uvision_lpc1768\mrk\NanoRk\src\drivers\platform\mbed\adc_driver.cpp(69): warning:  #68-D: integer conversion resulted in a change of sign
mrk_uvision_lpc1768\mrk\NanoRk\src\drivers\platform\mbed\adc_driver.cpp(73): warning:  #68-D: integer conversion resulted in a change of sign
mrk_uvision_lpc1768\mrk\NanoRk\src\drivers\platform\mbed\adc_driver.cpp(76): warning:  #68-D: integer conversion resulted in a change of sign
mrk_uvision_lpc1768\mrk\NanoRk\src\drivers\platform\mbed\adc_driver.cpp(96): warning:  #68-D: integer conversion resulted in a change of sign
mrk_uvision_lpc1768\mrk\NanoRk\src\drivers\platform\mbed\adc_driver.cpp(105): warning:  #68-D: integer conversion resulted in a change of sign
compiling ff_basic_sensor.cpp...
mrk_uvision_lpc1768\mrk\NanoRk\src\drivers\platform\mbed\ff_basic_sensor.cpp(68): warning:  #68-D: integer conversion resulted in a change of sign
mrk_uvision_lpc1768\mrk\NanoRk\src\drivers\platform\mbed\ff_basic_sensor.cpp(82): warning:  #68-D: integer conversion resulted in a change of sign
mrk_uvision_lpc1768\mrk\NanoRk\src\drivers\platform\mbed\ff_basic_sensor.cpp(86): warning:  #68-D: integer conversion resulted in a change of sign
mrk_uvision_lpc1768\mrk\NanoRk\src\drivers\platform\mbed\ff_basic_sensor.cpp(89): warning:  #68-D: integer conversion resulted in a change of sign
mrk_uvision_lpc1768\mrk\NanoRk\src\drivers\platform\mbed\ff_basic_sensor.cpp(170): warning:  #68-D: integer conversion resulted in a change of sign
mrk_uvision_lpc1768\mrk\NanoRk\src\drivers\platform\mbed\ff_basic_sensor.cpp(193): warning:  #68-D: integer conversion resulted in a change of sign
mrk_uvision_lpc1768\mrk\NanoRk\src\drivers\platform\mbed\ff_basic_sensor.cpp(209): warning:  #68-D: integer conversion resulted in a change of sign
mrk_uvision_lpc1768\mrk\NanoRk\src\drivers\platform\mbed\ff_basic_sensor.cpp(265): warning:  #1-D: last line of file ends without a newline
compiling nrk_driver.cpp...
mrk_uvision_lpc1768\mrk\NanoRk\src\kernel\source\nrk_driver.cpp(141): warning:  #186-D: pointless comparison of unsigned integer with zero
compiling bmac.cpp...
mrk_uvision_lpc1768\mrk\NanoRk\src\net\bmac\bmac.cpp(464): warning:  #550-D: variable "result" was set but never used
mrk_uvision_lpc1768\mrk\NanoRk\src\net\bmac\bmac.cpp(505): warning:  #177-D: variable "result" was declared but never referenced
mrk_uvision_lpc1768\mrk\NanoRk\src\net\bmac\bmac.cpp(557): warning:  #550-D: variable "e" was set but never used
mrk_uvision_lpc1768\mrk\NanoRk\src\net\bmac\bmac.cpp(558): warning:  #177-D: variable "backoff" was declared but never referenced
mrk_uvision_lpc1768\mrk\NanoRk\src\net\bmac\bmac.cpp(806): warning:  #1-D: last line of file ends without a newline
mrk_uvision_lpc1768\mrk\NanoRk\src\net\bmac\bmac.cpp(66): warning:  #550-D: variable "g_chan" was set but never used
mrk_uvision_lpc1768\mrk\NanoRk\src\net\bmac\bmac.cpp(72): warning:  #550-D: variable "tx_reserve" was set but never used
compiling basic_rf.cpp...
mrk_uvision_lpc1768\mrk\NanoRk\src\radio\mrf24j40\source\basic_rf.cpp(336): warning:  #61-D: integer operation result is out of range
mrk_uvision_lpc1768\mrk\NanoRk\src\radio\mrf24j40\source\basic_rf.cpp(336): warning:  #68-D: integer conversion resulted in a change of sign
compiling MRF24J40.cpp...
compiling main.cpp...
linking...
Program Size: Code=27668 RO-data=1632 RW-data=324 ZI-data=2984  
After Build - User command #1: fromelf --bin -o E:\MRK.bin .\build\MRK.axf
".\build\MRK.axf" - 0 Errors, 30 Warning(s).
