<html>
<body>
<pre>
<h1>µVision Build Log</h1>
<h2>Project:</h2>
S:\ese 519\GIT\EVM-2013\master\mRKv2.0\MRK.uvproj
Project File Date:  11/30/2013

<h2>Output:</h2>
Build target 'mbed NXP LPC1768'
compiling senderNode.cpp...
state_manager.h(14): warning:  #1-D: last line of file ends without a newline
function_manager.h(57): warning:  #1-D: last line of file ends without a newline
messagetypes.h(41): warning:  #1-D: last line of file ends without a newline
states.h(57): warning:  #1-D: last line of file ends without a newline
packetHandler.h(87): warning:  #1-D: last line of file ends without a newline
transmitProtocol.h(54): warning:  #1-D: last line of file ends without a newline
UtsavAPI.h(77): warning:  #1-D: last line of file ends without a newline
senderNode.cpp(149): warning:  #177-D: variable "i" was declared but never referenced
senderNode.cpp(227): warning:  #177-D: variable "a" was declared but never referenced
senderNode.cpp(336): warning:  #177-D: variable "v" was declared but never referenced
senderNode.cpp(479): warning:  #177-D: variable "j" was declared but never referenced
senderNode.cpp(480): warning:  #550-D: variable "val" was set but never used
senderNode.cpp(575): warning:  #550-D: variable "val" was set but never used
senderNode.cpp(626): warning:  #550-D: variable "val" was set but never used
senderNode.cpp(925): warning:  #1-D: last line of file ends without a newline
senderNode.cpp(627): warning: C4017W: tx_done_signal may be used before being set
linking...
Program Size: Code=36918 RO-data=1550 RW-data=544 ZI-data=56804  
After Build - User command #1: fromelf --bin -o E:\MRK.bin .\build\MRK.axf
Error: Q0108E: Could not create output file 'E:\MRK.bin': No such file or directory
Finished: 0 information, 0 warning and 1 error messages.
".\build\MRK.axf" - 0 Errors, 16 Warning(s).
Build target 'mbed NXP LPC1768'
linking...
Program Size: Code=36918 RO-data=1550 RW-data=544 ZI-data=56804  
After Build - User command #1: fromelf --bin -o E:\MRK.bin .\build\MRK.axf
".\build\MRK.axf" - 0 Errors, 0 Warning(s).
Build target 'mbed NXP LPC1768'
compiling senderNode.cpp...
state_manager.h(14): warning:  #1-D: last line of file ends without a newline
function_manager.h(57): warning:  #1-D: last line of file ends without a newline
messagetypes.h(41): warning:  #1-D: last line of file ends without a newline
states.h(57): warning:  #1-D: last line of file ends without a newline
packetHandler.h(87): warning:  #1-D: last line of file ends without a newline
transmitProtocol.h(54): warning:  #1-D: last line of file ends without a newline
UtsavAPI.h(77): warning:  #1-D: last line of file ends without a newline
senderNode.cpp(149): warning:  #177-D: variable "i" was declared but never referenced
senderNode.cpp(227): warning:  #177-D: variable "a" was declared but never referenced
senderNode.cpp(336): warning:  #177-D: variable "v" was declared but never referenced
senderNode.cpp(479): warning:  #177-D: variable "j" was declared but never referenced
senderNode.cpp(480): warning:  #550-D: variable "val" was set but never used
senderNode.cpp(575): warning:  #550-D: variable "val" was set but never used
senderNode.cpp(626): warning:  #550-D: variable "val" was set but never used
senderNode.cpp(925): warning:  #1-D: last line of file ends without a newline
senderNode.cpp(627): warning: C4017W: tx_done_signal may be used before being set
linking...
Program Size: Code=36926 RO-data=1550 RW-data=544 ZI-data=56804  
After Build - User command #1: fromelf --bin -o E:\MRK.bin .\build\MRK.axf
".\build\MRK.axf" - 0 Errors, 16 Warning(s).
Build target 'mbed NXP LPC1768'
compiling senderNode.cpp...
state_manager.h(14): warning:  #1-D: last line of file ends without a newline
function_manager.h(57): warning:  #1-D: last line of file ends without a newline
messagetypes.h(41): warning:  #1-D: last line of file ends without a newline
states.h(57): warning:  #1-D: last line of file ends without a newline
packetHandler.h(87): warning:  #1-D: last line of file ends without a newline
transmitProtocol.h(54): warning:  #1-D: last line of file ends without a newline
UtsavAPI.h(77): warning:  #1-D: last line of file ends without a newline
senderNode.cpp(149): warning:  #177-D: variable "i" was declared but never referenced
senderNode.cpp(226): warning:  #177-D: variable "a" was declared but never referenced
senderNode.cpp(335): warning:  #177-D: variable "v" was declared but never referenced
senderNode.cpp(478): warning:  #177-D: variable "j" was declared but never referenced
senderNode.cpp(479): warning:  #550-D: variable "val" was set but never used
senderNode.cpp(574): warning:  #550-D: variable "val" was set but never used
senderNode.cpp(625): warning:  #550-D: variable "val" was set but never used
senderNode.cpp(924): warning:  #1-D: last line of file ends without a newline
senderNode.cpp(626): warning: C4017W: tx_done_signal may be used before being set
linking...
Program Size: Code=36930 RO-data=1550 RW-data=544 ZI-data=56804  
After Build - User command #1: fromelf --bin -o E:\MRK.bin .\build\MRK.axf
".\build\MRK.axf" - 0 Errors, 16 Warning(s).
Build target 'mbed NXP LPC1768'
compiling senderNode.cpp...
state_manager.h(14): warning:  #1-D: last line of file ends without a newline
function_manager.h(57): warning:  #1-D: last line of file ends without a newline
messagetypes.h(41): warning:  #1-D: last line of file ends without a newline
states.h(57): warning:  #1-D: last line of file ends without a newline
packetHandler.h(87): warning:  #1-D: last line of file ends without a newline
transmitProtocol.h(54): warning:  #1-D: last line of file ends without a newline
UtsavAPI.h(77): warning:  #1-D: last line of file ends without a newline
senderNode.cpp(149): warning:  #177-D: variable "i" was declared but never referenced
senderNode.cpp(226): warning:  #177-D: variable "a" was declared but never referenced
senderNode.cpp(260): warning:  #177-D: variable "a" was declared but never referenced
senderNode.cpp(260): warning:  #177-D: variable "b" was declared but never referenced
senderNode.cpp(338): warning:  #177-D: variable "v" was declared but never referenced
senderNode.cpp(481): warning:  #177-D: variable "j" was declared but never referenced
senderNode.cpp(482): warning:  #550-D: variable "val" was set but never used
senderNode.cpp(577): warning:  #550-D: variable "val" was set but never used
senderNode.cpp(628): warning:  #550-D: variable "val" was set but never used
senderNode.cpp(927): warning:  #1-D: last line of file ends without a newline
senderNode.cpp(629): warning: C4017W: tx_done_signal may be used before being set
linking...
Program Size: Code=37198 RO-data=1550 RW-data=544 ZI-data=56804  
After Build - User command #1: fromelf --bin -o E:\MRK.bin .\build\MRK.axf
".\build\MRK.axf" - 0 Errors, 18 Warning(s).
Build target 'mbed NXP LPC1768'
compiling nrk_cpu.cpp...
compiling nrk_status.cpp...
compiling nrk_timer.cpp...
mrk_uvision_lpc1768\mrk\NanoRk\src\kernel\hal\LPC1768\nrk_timer.cpp(177): warning:  #191-D: type qualifier is meaningless on cast type
mrk_uvision_lpc1768\mrk\NanoRk\src\kernel\hal\LPC1768\nrk_timer.cpp(298): warning:  #191-D: type qualifier is meaningless on cast type
compiling nrk_watchdog.cpp...
compiling nrk.cpp...
compiling nrk_error.cpp...
mrk_uvision_lpc1768\mrk\NanoRk\src\kernel\source\nrk_error.cpp(165): warning:  #177-D: variable "i" was declared but never referenced
compiling nrk_events.cpp...
mrk_uvision_lpc1768\mrk\NanoRk\src\kernel\source\nrk_events.cpp(279): warning:  #177-D: variable "task_ID" was declared but never referenced
compiling nrk_idle_task.cpp...
mrk_uvision_lpc1768\mrk\NanoRk\src\kernel\source\nrk_idle_task.cpp(39): warning:  #177-D: variable "stkc" was declared but never referenced
compiling nrk_reserve.cpp...
compiling nrk_scheduler.cpp...
compiling nrk_stack_check.cpp...
compiling nrk_stats.cpp...
compiling nrk_task.cpp...
mrk_uvision_lpc1768\mrk\NanoRk\src\kernel\source\nrk_task.cpp(230): warning:  #550-D: variable "rtype" was set but never used
mrk_uvision_lpc1768\mrk\NanoRk\src\kernel\source\nrk_task.cpp(524): warning:  #191-D: type qualifier is meaningless on cast type
compiling nrk_time.cpp...
compiling hal_wait.cpp...
compiling ulib.cpp...
mrk_uvision_lpc1768\mrk\NanoRk\src\platform\mbed\source\ulib.cpp(338): warning:  #9-D: nested comment is not allowed
mrk_uvision_lpc1768\mrk\NanoRk\src\platform\mbed\source\ulib.cpp(606): warning:  #111-D: statement is unreachable
mrk_uvision_lpc1768\mrk\NanoRk\src\platform\mbed\source\ulib.cpp(657): warning:  #940-D: missing return statement at end of non-void function "nrk_get_button"
compiling adc_driver.cpp...
mrk_uvision_lpc1768\mrk\NanoRk\src\drivers\platform\mbed\adc_driver.cpp(69): warning:  #68-D: integer conversion resulted in a change of sign
mrk_uvision_lpc1768\mrk\NanoRk\src\drivers\platform\mbed\adc_driver.cpp(73): warning:  #68-D: integer conversion resulted in a change of sign
mrk_uvision_lpc1768\mrk\NanoRk\src\drivers\platform\mbed\adc_driver.cpp(76): warning:  #68-D: integer conversion resulted in a change of sign
mrk_uvision_lpc1768\mrk\NanoRk\src\drivers\platform\mbed\adc_driver.cpp(96): warning:  #68-D: integer conversion resulted in a change of sign
mrk_uvision_lpc1768\mrk\NanoRk\src\drivers\platform\mbed\adc_driver.cpp(105): warning:  #68-D: integer conversion resulted in a change of sign
compiling ff_basic_sensor.cpp...
mrk_uvision_lpc1768\mrk\NanoRk\src\drivers\platform\mbed\ff_basic_sensor.cpp(68): warning:  #68-D: integer conversion resulted in a change of sign
mrk_uvision_lpc1768\mrk\NanoRk\src\drivers\platform\mbed\ff_basic_sensor.cpp(82): warning:  #68-D: integer conversion resulted in a change of sign
mrk_uvision_lpc1768\mrk\NanoRk\src\drivers\platform\mbed\ff_basic_sensor.cpp(86): warning:  #68-D: integer conversion resulted in a change of sign
mrk_uvision_lpc1768\mrk\NanoRk\src\drivers\platform\mbed\ff_basic_sensor.cpp(89): warning:  #68-D: integer conversion resulted in a change of sign
mrk_uvision_lpc1768\mrk\NanoRk\src\drivers\platform\mbed\ff_basic_sensor.cpp(170): warning:  #68-D: integer conversion resulted in a change of sign
mrk_uvision_lpc1768\mrk\NanoRk\src\drivers\platform\mbed\ff_basic_sensor.cpp(193): warning:  #68-D: integer conversion resulted in a change of sign
mrk_uvision_lpc1768\mrk\NanoRk\src\drivers\platform\mbed\ff_basic_sensor.cpp(209): warning:  #68-D: integer conversion resulted in a change of sign
mrk_uvision_lpc1768\mrk\NanoRk\src\drivers\platform\mbed\ff_basic_sensor.cpp(265): warning:  #1-D: last line of file ends without a newline
compiling nrk_driver.cpp...
mrk_uvision_lpc1768\mrk\NanoRk\src\kernel\source\nrk_driver.cpp(141): warning:  #186-D: pointless comparison of unsigned integer with zero
compiling bmac.cpp...
mrk_uvision_lpc1768\mrk\NanoRk\src\net\bmac\bmac.cpp(462): warning:  #550-D: variable "result" was set but never used
mrk_uvision_lpc1768\mrk\NanoRk\src\net\bmac\bmac.cpp(503): warning:  #177-D: variable "result" was declared but never referenced
mrk_uvision_lpc1768\mrk\NanoRk\src\net\bmac\bmac.cpp(555): warning:  #550-D: variable "e" was set but never used
mrk_uvision_lpc1768\mrk\NanoRk\src\net\bmac\bmac.cpp(556): warning:  #177-D: variable "backoff" was declared but never referenced
mrk_uvision_lpc1768\mrk\NanoRk\src\net\bmac\bmac.cpp(804): warning:  #1-D: last line of file ends without a newline
mrk_uvision_lpc1768\mrk\NanoRk\src\net\bmac\bmac.cpp(66): warning:  #550-D: variable "g_chan" was set but never used
mrk_uvision_lpc1768\mrk\NanoRk\src\net\bmac\bmac.cpp(72): warning:  #550-D: variable "tx_reserve" was set but never used
compiling basic_rf.cpp...
mrk_uvision_lpc1768\mrk\NanoRk\src\radio\mrf24j40\source\basic_rf.cpp(336): warning:  #61-D: integer operation result is out of range
mrk_uvision_lpc1768\mrk\NanoRk\src\radio\mrf24j40\source\basic_rf.cpp(336): warning:  #68-D: integer conversion resulted in a change of sign
compiling MRF24J40.cpp...
compiling IAP.cpp...
compiling memory_manager.cpp...
compiling function_manager.cpp...
state_manager.h(14): warning:  #1-D: last line of file ends without a newline
function_manager.h(57): warning:  #1-D: last line of file ends without a newline
function_manager.cpp(79): warning:  #177-D: variable "i" was declared but never referenced
function_manager.cpp(107): warning:  #177-D: variable "ret_val" was declared but never referenced
compiling fn_task_map.cpp...
fn_task_map.h(28): warning:  #1-D: last line of file ends without a newline
state_manager.h(14): warning:  #1-D: last line of file ends without a newline
function_manager.h(57): warning:  #1-D: last line of file ends without a newline
compiling state_manager.cpp...
state_manager.h(14): warning:  #1-D: last line of file ends without a newline
fn_task_map.h(28): warning:  #1-D: last line of file ends without a newline
state_manager.cpp(43): warning:  #1-D: last line of file ends without a newline
compiling senderNode.cpp...
state_manager.h(14): warning:  #1-D: last line of file ends without a newline
function_manager.h(57): warning:  #1-D: last line of file ends without a newline
messagetypes.h(41): warning:  #1-D: last line of file ends without a newline
states.h(57): warning:  #1-D: last line of file ends without a newline
packetHandler.h(87): warning:  #1-D: last line of file ends without a newline
transmitProtocol.h(54): warning:  #1-D: last line of file ends without a newline
UtsavAPI.h(77): warning:  #1-D: last line of file ends without a newline
senderNode.cpp(149): warning:  #177-D: variable "i" was declared but never referenced
senderNode.cpp(226): warning:  #177-D: variable "a" was declared but never referenced
senderNode.cpp(260): warning:  #177-D: variable "a" was declared but never referenced
senderNode.cpp(260): warning:  #177-D: variable "b" was declared but never referenced
senderNode.cpp(338): warning:  #177-D: variable "v" was declared but never referenced
senderNode.cpp(481): warning:  #177-D: variable "j" was declared but never referenced
senderNode.cpp(482): warning:  #550-D: variable "val" was set but never used
senderNode.cpp(577): warning:  #550-D: variable "val" was set but never used
senderNode.cpp(628): warning:  #550-D: variable "val" was set but never used
senderNode.cpp(927): warning:  #1-D: last line of file ends without a newline
compiling middle_level_state.cpp...
states.h(57): warning:  #1-D: last line of file ends without a newline
state_manager.h(14): warning:  #1-D: last line of file ends without a newline
function_manager.h(57): warning:  #1-D: last line of file ends without a newline
messageTypes.h(41): warning:  #1-D: last line of file ends without a newline
UtsavAPI.h(77): warning:  #1-D: last line of file ends without a newline
middle_level_state.cpp(91): warning:  #1-D: last line of file ends without a newline
compiling low_level_state.cpp...
states.h(57): warning:  #1-D: last line of file ends without a newline
state_manager.h(14): warning:  #1-D: last line of file ends without a newline
function_manager.h(57): warning:  #1-D: last line of file ends without a newline
messageTypes.h(41): warning:  #1-D: last line of file ends without a newline
UtsavAPI.h(77): warning:  #1-D: last line of file ends without a newline
transmitProtocol.h(54): warning:  #1-D: last line of file ends without a newline
low_level_state.cpp(222): warning:  #177-D: variable "ret_val" was declared but never referenced
low_level_state.cpp(247): warning:  #177-D: variable "ret_val" was declared but never referenced
low_level_state.cpp(247): warning:  #177-D: variable "length" was declared but never referenced
low_level_state.cpp(269): warning:  #177-D: variable "ret_val" was declared but never referenced
low_level_state.cpp(269): warning:  #177-D: variable "i" was declared but never referenced
low_level_state.cpp(407): warning:  #1-D: last line of file ends without a newline
compiling UtsavAPI.cpp...
messageTypes.h(41): warning:  #1-D: last line of file ends without a newline
UtsavAPI.h(77): warning:  #1-D: last line of file ends without a newline
packethandler.h(87): warning:  #1-D: last line of file ends without a newline
compiling packetHandler.cpp...
packetHandler.h(87): warning:  #1-D: last line of file ends without a newline
messageTypes.h(41): warning:  #1-D: last line of file ends without a newline
packetHandler.cpp(120): warning:  #1-D: last line of file ends without a newline
linking...
Program Size: Code=41318 RO-data=1550 RW-data=688 ZI-data=56660  
After Build - User command #1: fromelf --bin -o E:\MRK.bin .\build\MRK.axf
".\build\MRK.axf" - 0 Errors, 84 Warning(s).
Build target 'mbed NXP LPC1768'
compiling senderNode.cpp...
state_manager.h(14): warning:  #1-D: last line of file ends without a newline
function_manager.h(57): warning:  #1-D: last line of file ends without a newline
messagetypes.h(41): warning:  #1-D: last line of file ends without a newline
states.h(57): warning:  #1-D: last line of file ends without a newline
packetHandler.h(87): warning:  #1-D: last line of file ends without a newline
transmitProtocol.h(54): warning:  #1-D: last line of file ends without a newline
UtsavAPI.h(77): warning:  #1-D: last line of file ends without a newline
senderNode.cpp(149): warning:  #177-D: variable "i" was declared but never referenced
senderNode.cpp(227): warning:  #177-D: variable "a" was declared but never referenced
senderNode.cpp(261): warning:  #177-D: variable "a" was declared but never referenced
senderNode.cpp(261): warning:  #177-D: variable "b" was declared but never referenced
senderNode.cpp(339): warning:  #177-D: variable "v" was declared but never referenced
senderNode.cpp(482): warning:  #177-D: variable "j" was declared but never referenced
senderNode.cpp(483): warning:  #550-D: variable "val" was set but never used
senderNode.cpp(578): warning:  #550-D: variable "val" was set but never used
senderNode.cpp(629): warning:  #550-D: variable "val" was set but never used
senderNode.cpp(928): warning:  #1-D: last line of file ends without a newline
linking...
Program Size: Code=41322 RO-data=1550 RW-data=688 ZI-data=56660  
After Build - User command #1: fromelf --bin -o E:\MRK.bin .\build\MRK.axf
".\build\MRK.axf" - 0 Errors, 17 Warning(s).
Build target 'mbed NXP LPC1768'
compiling senderNode.cpp...
state_manager.h(14): warning:  #1-D: last line of file ends without a newline
function_manager.h(57): warning:  #1-D: last line of file ends without a newline
messagetypes.h(41): warning:  #1-D: last line of file ends without a newline
states.h(57): warning:  #1-D: last line of file ends without a newline
packetHandler.h(87): warning:  #1-D: last line of file ends without a newline
transmitProtocol.h(54): warning:  #1-D: last line of file ends without a newline
UtsavAPI.h(77): warning:  #1-D: last line of file ends without a newline
senderNode.cpp(149): warning:  #177-D: variable "i" was declared but never referenced
senderNode.cpp(229): warning:  #177-D: variable "a" was declared but never referenced
senderNode.cpp(263): warning:  #177-D: variable "a" was declared but never referenced
senderNode.cpp(263): warning:  #177-D: variable "b" was declared but never referenced
senderNode.cpp(341): warning:  #177-D: variable "v" was declared but never referenced
senderNode.cpp(484): warning:  #177-D: variable "j" was declared but never referenced
senderNode.cpp(485): warning:  #550-D: variable "val" was set but never used
senderNode.cpp(580): warning:  #550-D: variable "val" was set but never used
senderNode.cpp(631): warning:  #550-D: variable "val" was set but never used
senderNode.cpp(930): warning:  #1-D: last line of file ends without a newline
linking...
Program Size: Code=41318 RO-data=1550 RW-data=688 ZI-data=56660  
After Build - User command #1: fromelf --bin -o E:\MRK.bin .\build\MRK.axf
".\build\MRK.axf" - 0 Errors, 17 Warning(s).
Build target 'mbed NXP LPC1768'
compiling senderNode.cpp...
state_manager.h(14): warning:  #1-D: last line of file ends without a newline
function_manager.h(57): warning:  #1-D: last line of file ends without a newline
messagetypes.h(41): warning:  #1-D: last line of file ends without a newline
states.h(57): warning:  #1-D: last line of file ends without a newline
packetHandler.h(87): warning:  #1-D: last line of file ends without a newline
transmitProtocol.h(54): warning:  #1-D: last line of file ends without a newline
UtsavAPI.h(77): warning:  #1-D: last line of file ends without a newline
senderNode.cpp(149): warning:  #177-D: variable "i" was declared but never referenced
senderNode.cpp(229): warning:  #177-D: variable "a" was declared but never referenced
senderNode.cpp(263): warning:  #177-D: variable "a" was declared but never referenced
senderNode.cpp(263): warning:  #177-D: variable "b" was declared but never referenced
senderNode.cpp(341): warning:  #177-D: variable "v" was declared but never referenced
senderNode.cpp(484): warning:  #177-D: variable "j" was declared but never referenced
senderNode.cpp(485): warning:  #550-D: variable "val" was set but never used
senderNode.cpp(580): warning:  #550-D: variable "val" was set but never used
senderNode.cpp(631): warning:  #550-D: variable "val" was set but never used
senderNode.cpp(930): warning:  #1-D: last line of file ends without a newline
linking...
Program Size: Code=41330 RO-data=1550 RW-data=688 ZI-data=56660  
After Build - User command #1: fromelf --bin -o E:\MRK.bin .\build\MRK.axf
".\build\MRK.axf" - 0 Errors, 17 Warning(s).
Build target 'mbed NXP LPC1768'
compiling nrk_cpu.cpp...
compiling nrk_status.cpp...
compiling nrk_timer.cpp...
mrk_uvision_lpc1768\mrk\NanoRk\src\kernel\hal\LPC1768\nrk_timer.cpp(177): warning:  #191-D: type qualifier is meaningless on cast type
mrk_uvision_lpc1768\mrk\NanoRk\src\kernel\hal\LPC1768\nrk_timer.cpp(298): warning:  #191-D: type qualifier is meaningless on cast type
compiling nrk_watchdog.cpp...
compiling nrk.cpp...
compiling nrk_error.cpp...
mrk_uvision_lpc1768\mrk\NanoRk\src\kernel\source\nrk_error.cpp(165): warning:  #177-D: variable "i" was declared but never referenced
compiling nrk_events.cpp...
mrk_uvision_lpc1768\mrk\NanoRk\src\kernel\source\nrk_events.cpp(279): warning:  #177-D: variable "task_ID" was declared but never referenced
compiling nrk_idle_task.cpp...
mrk_uvision_lpc1768\mrk\NanoRk\src\kernel\source\nrk_idle_task.cpp(39): warning:  #177-D: variable "stkc" was declared but never referenced
compiling nrk_reserve.cpp...
compiling nrk_scheduler.cpp...
compiling nrk_stack_check.cpp...
compiling nrk_stats.cpp...
compiling nrk_task.cpp...
mrk_uvision_lpc1768\mrk\NanoRk\src\kernel\source\nrk_task.cpp(230): warning:  #550-D: variable "rtype" was set but never used
mrk_uvision_lpc1768\mrk\NanoRk\src\kernel\source\nrk_task.cpp(524): warning:  #191-D: type qualifier is meaningless on cast type
compiling nrk_time.cpp...
compiling hal_wait.cpp...
compiling ulib.cpp...
mrk_uvision_lpc1768\mrk\NanoRk\src\platform\mbed\source\ulib.cpp(338): warning:  #9-D: nested comment is not allowed
mrk_uvision_lpc1768\mrk\NanoRk\src\platform\mbed\source\ulib.cpp(606): warning:  #111-D: statement is unreachable
mrk_uvision_lpc1768\mrk\NanoRk\src\platform\mbed\source\ulib.cpp(657): warning:  #940-D: missing return statement at end of non-void function "nrk_get_button"
mrk_uvision_lpc1768\mrk\NanoRk\src\platform\mbed\source\ulib.cpp(826): warning: C4017W: uClk may be used before being set
compiling adc_driver.cpp...
mrk_uvision_lpc1768\mrk\NanoRk\src\drivers\platform\mbed\adc_driver.cpp(69): warning:  #68-D: integer conversion resulted in a change of sign
mrk_uvision_lpc1768\mrk\NanoRk\src\drivers\platform\mbed\adc_driver.cpp(73): warning:  #68-D: integer conversion resulted in a change of sign
mrk_uvision_lpc1768\mrk\NanoRk\src\drivers\platform\mbed\adc_driver.cpp(76): warning:  #68-D: integer conversion resulted in a change of sign
mrk_uvision_lpc1768\mrk\NanoRk\src\drivers\platform\mbed\adc_driver.cpp(96): warning:  #68-D: integer conversion resulted in a change of sign
mrk_uvision_lpc1768\mrk\NanoRk\src\drivers\platform\mbed\adc_driver.cpp(105): warning:  #68-D: integer conversion resulted in a change of sign
compiling ff_basic_sensor.cpp...
mrk_uvision_lpc1768\mrk\NanoRk\src\drivers\platform\mbed\ff_basic_sensor.cpp(68): warning:  #68-D: integer conversion resulted in a change of sign
mrk_uvision_lpc1768\mrk\NanoRk\src\drivers\platform\mbed\ff_basic_sensor.cpp(82): warning:  #68-D: integer conversion resulted in a change of sign
mrk_uvision_lpc1768\mrk\NanoRk\src\drivers\platform\mbed\ff_basic_sensor.cpp(86): warning:  #68-D: integer conversion resulted in a change of sign
mrk_uvision_lpc1768\mrk\NanoRk\src\drivers\platform\mbed\ff_basic_sensor.cpp(89): warning:  #68-D: integer conversion resulted in a change of sign
mrk_uvision_lpc1768\mrk\NanoRk\src\drivers\platform\mbed\ff_basic_sensor.cpp(170): warning:  #68-D: integer conversion resulted in a change of sign
mrk_uvision_lpc1768\mrk\NanoRk\src\drivers\platform\mbed\ff_basic_sensor.cpp(193): warning:  #68-D: integer conversion resulted in a change of sign
mrk_uvision_lpc1768\mrk\NanoRk\src\drivers\platform\mbed\ff_basic_sensor.cpp(209): warning:  #68-D: integer conversion resulted in a change of sign
mrk_uvision_lpc1768\mrk\NanoRk\src\drivers\platform\mbed\ff_basic_sensor.cpp(265): warning:  #1-D: last line of file ends without a newline
compiling nrk_driver.cpp...
mrk_uvision_lpc1768\mrk\NanoRk\src\kernel\source\nrk_driver.cpp(141): warning:  #186-D: pointless comparison of unsigned integer with zero
compiling bmac.cpp...
mrk_uvision_lpc1768\mrk\NanoRk\src\net\bmac\bmac.cpp(462): warning:  #550-D: variable "result" was set but never used
mrk_uvision_lpc1768\mrk\NanoRk\src\net\bmac\bmac.cpp(503): warning:  #177-D: variable "result" was declared but never referenced
mrk_uvision_lpc1768\mrk\NanoRk\src\net\bmac\bmac.cpp(555): warning:  #550-D: variable "e" was set but never used
mrk_uvision_lpc1768\mrk\NanoRk\src\net\bmac\bmac.cpp(556): warning:  #177-D: variable "backoff" was declared but never referenced
mrk_uvision_lpc1768\mrk\NanoRk\src\net\bmac\bmac.cpp(804): warning:  #1-D: last line of file ends without a newline
mrk_uvision_lpc1768\mrk\NanoRk\src\net\bmac\bmac.cpp(66): warning:  #550-D: variable "g_chan" was set but never used
mrk_uvision_lpc1768\mrk\NanoRk\src\net\bmac\bmac.cpp(72): warning:  #550-D: variable "tx_reserve" was set but never used
compiling basic_rf.cpp...
mrk_uvision_lpc1768\mrk\NanoRk\src\radio\mrf24j40\source\basic_rf.cpp(336): warning:  #61-D: integer operation result is out of range
mrk_uvision_lpc1768\mrk\NanoRk\src\radio\mrf24j40\source\basic_rf.cpp(336): warning:  #68-D: integer conversion resulted in a change of sign
compiling MRF24J40.cpp...
compiling IAP.cpp...
compiling memory_manager.cpp...
compiling function_manager.cpp...
state_manager.h(14): warning:  #1-D: last line of file ends without a newline
function_manager.h(57): warning:  #1-D: last line of file ends without a newline
function_manager.cpp(79): warning:  #177-D: variable "i" was declared but never referenced
function_manager.cpp(107): warning:  #177-D: variable "ret_val" was declared but never referenced
compiling fn_task_map.cpp...
fn_task_map.h(28): warning:  #1-D: last line of file ends without a newline
state_manager.h(14): warning:  #1-D: last line of file ends without a newline
function_manager.h(57): warning:  #1-D: last line of file ends without a newline
compiling state_manager.cpp...
state_manager.h(14): warning:  #1-D: last line of file ends without a newline
fn_task_map.h(28): warning:  #1-D: last line of file ends without a newline
state_manager.cpp(43): warning:  #1-D: last line of file ends without a newline
compiling senderNode.cpp...
state_manager.h(14): warning:  #1-D: last line of file ends without a newline
function_manager.h(57): warning:  #1-D: last line of file ends without a newline
messagetypes.h(41): warning:  #1-D: last line of file ends without a newline
states.h(57): warning:  #1-D: last line of file ends without a newline
packetHandler.h(87): warning:  #1-D: last line of file ends without a newline
transmitProtocol.h(54): warning:  #1-D: last line of file ends without a newline
UtsavAPI.h(77): warning:  #1-D: last line of file ends without a newline
senderNode.cpp(149): warning:  #177-D: variable "i" was declared but never referenced
senderNode.cpp(229): warning:  #177-D: variable "a" was declared but never referenced
senderNode.cpp(263): warning:  #177-D: variable "a" was declared but never referenced
senderNode.cpp(263): warning:  #177-D: variable "b" was declared but never referenced
senderNode.cpp(341): warning:  #177-D: variable "v" was declared but never referenced
senderNode.cpp(484): warning:  #177-D: variable "j" was declared but never referenced
senderNode.cpp(485): warning:  #550-D: variable "val" was set but never used
senderNode.cpp(580): warning:  #550-D: variable "val" was set but never used
senderNode.cpp(631): warning:  #550-D: variable "val" was set but never used
senderNode.cpp(930): warning:  #1-D: last line of file ends without a newline
senderNode.cpp(632): warning: C4017W: tx_done_signal may be used before being set
compiling middle_level_state.cpp...
states.h(57): warning:  #1-D: last line of file ends without a newline
state_manager.h(14): warning:  #1-D: last line of file ends without a newline
function_manager.h(57): warning:  #1-D: last line of file ends without a newline
messageTypes.h(41): warning:  #1-D: last line of file ends without a newline
UtsavAPI.h(77): warning:  #1-D: last line of file ends without a newline
middle_level_state.cpp(91): warning:  #1-D: last line of file ends without a newline
compiling low_level_state.cpp...
states.h(57): warning:  #1-D: last line of file ends without a newline
state_manager.h(14): warning:  #1-D: last line of file ends without a newline
function_manager.h(57): warning:  #1-D: last line of file ends without a newline
messageTypes.h(41): warning:  #1-D: last line of file ends without a newline
UtsavAPI.h(77): warning:  #1-D: last line of file ends without a newline
transmitProtocol.h(54): warning:  #1-D: last line of file ends without a newline
low_level_state.cpp(222): warning:  #177-D: variable "ret_val" was declared but never referenced
low_level_state.cpp(247): warning:  #177-D: variable "ret_val" was declared but never referenced
low_level_state.cpp(247): warning:  #177-D: variable "length" was declared but never referenced
low_level_state.cpp(269): warning:  #177-D: variable "ret_val" was declared but never referenced
low_level_state.cpp(269): warning:  #177-D: variable "i" was declared but never referenced
low_level_state.cpp(407): warning:  #1-D: last line of file ends without a newline
compiling UtsavAPI.cpp...
messageTypes.h(41): warning:  #1-D: last line of file ends without a newline
UtsavAPI.h(77): warning:  #1-D: last line of file ends without a newline
packethandler.h(87): warning:  #1-D: last line of file ends without a newline
compiling packetHandler.cpp...
packetHandler.h(87): warning:  #1-D: last line of file ends without a newline
messageTypes.h(41): warning:  #1-D: last line of file ends without a newline
packetHandler.cpp(120): warning:  #1-D: last line of file ends without a newline
linking...
Program Size: Code=37206 RO-data=1550 RW-data=544 ZI-data=56804  
After Build - User command #1: fromelf --bin -o E:\MRK.bin .\build\MRK.axf
".\build\MRK.axf" - 0 Errors, 86 Warning(s).
Build target 'mbed NXP LPC1768'
compiling senderNode.cpp...
state_manager.h(14): warning:  #1-D: last line of file ends without a newline
function_manager.h(57): warning:  #1-D: last line of file ends without a newline
messagetypes.h(41): warning:  #1-D: last line of file ends without a newline
states.h(57): warning:  #1-D: last line of file ends without a newline
packetHandler.h(87): warning:  #1-D: last line of file ends without a newline
transmitProtocol.h(54): warning:  #1-D: last line of file ends without a newline
UtsavAPI.h(77): warning:  #1-D: last line of file ends without a newline
senderNode.cpp(149): warning:  #177-D: variable "i" was declared but never referenced
senderNode.cpp(229): warning:  #177-D: variable "a" was declared but never referenced
senderNode.cpp(275): warning:  #177-D: variable "test_ref2_fn" was declared but never referenced
senderNode.cpp(341): warning:  #177-D: variable "v" was declared but never referenced
senderNode.cpp(484): warning:  #177-D: variable "j" was declared but never referenced
senderNode.cpp(485): warning:  #550-D: variable "val" was set but never used
senderNode.cpp(580): warning:  #550-D: variable "val" was set but never used
senderNode.cpp(631): warning:  #550-D: variable "val" was set but never used
senderNode.cpp(930): warning:  #1-D: last line of file ends without a newline
senderNode.cpp(632): warning: C4017W: tx_done_signal may be used before being set
linking...
Program Size: Code=36938 RO-data=1550 RW-data=544 ZI-data=56804  
After Build - User command #1: fromelf --bin -o E:\MRK.bin .\build\MRK.axf
".\build\MRK.axf" - 0 Errors, 17 Warning(s).
Build target 'mbed NXP LPC1768'
compiling senderNode.cpp...
state_manager.h(14): warning:  #1-D: last line of file ends without a newline
function_manager.h(57): warning:  #1-D: last line of file ends without a newline
messagetypes.h(41): warning:  #1-D: last line of file ends without a newline
states.h(57): warning:  #1-D: last line of file ends without a newline
packetHandler.h(87): warning:  #1-D: last line of file ends without a newline
transmitProtocol.h(54): warning:  #1-D: last line of file ends without a newline
UtsavAPI.h(77): warning:  #1-D: last line of file ends without a newline
senderNode.cpp(149): warning:  #177-D: variable "i" was declared but never referenced
senderNode.cpp(229): warning:  #177-D: variable "a" was declared but never referenced
senderNode.cpp(275): warning:  #177-D: variable "test_ref2_fn" was declared but never referenced
senderNode.cpp(341): warning:  #177-D: variable "v" was declared but never referenced
senderNode.cpp(484): warning:  #177-D: variable "j" was declared but never referenced
senderNode.cpp(485): warning:  #550-D: variable "val" was set but never used
senderNode.cpp(580): warning:  #550-D: variable "val" was set but never used
senderNode.cpp(631): warning:  #550-D: variable "val" was set but never used
senderNode.cpp(930): warning:  #1-D: last line of file ends without a newline
senderNode.cpp(632): warning: C4017W: tx_done_signal may be used before being set
linking...
Program Size: Code=36938 RO-data=1550 RW-data=544 ZI-data=56804  
After Build - User command #1: fromelf --bin -o E:\MRK.bin .\build\MRK.axf
".\build\MRK.axf" - 0 Errors, 17 Warning(s).
Build target 'mbed NXP LPC1768'
compiling senderNode.cpp...
state_manager.h(14): warning:  #1-D: last line of file ends without a newline
function_manager.h(57): warning:  #1-D: last line of file ends without a newline
messagetypes.h(41): warning:  #1-D: last line of file ends without a newline
states.h(57): warning:  #1-D: last line of file ends without a newline
packetHandler.h(87): warning:  #1-D: last line of file ends without a newline
transmitProtocol.h(54): warning:  #1-D: last line of file ends without a newline
UtsavAPI.h(77): warning:  #1-D: last line of file ends without a newline
senderNode.cpp(149): warning:  #177-D: variable "i" was declared but never referenced
senderNode.cpp(229): warning:  #177-D: variable "a" was declared but never referenced
senderNode.cpp(275): warning:  #177-D: variable "test_ref2_fn" was declared but never referenced
senderNode.cpp(341): warning:  #177-D: variable "v" was declared but never referenced
senderNode.cpp(484): warning:  #177-D: variable "j" was declared but never referenced
senderNode.cpp(485): warning:  #550-D: variable "val" was set but never used
senderNode.cpp(580): warning:  #550-D: variable "val" was set but never used
senderNode.cpp(631): warning:  #550-D: variable "val" was set but never used
senderNode.cpp(930): warning:  #1-D: last line of file ends without a newline
senderNode.cpp(632): warning: C4017W: tx_done_signal may be used before being set
linking...
Program Size: Code=37162 RO-data=1550 RW-data=544 ZI-data=56804  
After Build - User command #1: fromelf --bin -o E:\MRK.bin .\build\MRK.axf
".\build\MRK.axf" - 0 Errors, 17 Warning(s).
Build target 'mbed NXP LPC1768'
compiling senderNode.cpp...
state_manager.h(14): warning:  #1-D: last line of file ends without a newline
function_manager.h(57): warning:  #1-D: last line of file ends without a newline
messagetypes.h(41): warning:  #1-D: last line of file ends without a newline
states.h(57): warning:  #1-D: last line of file ends without a newline
packetHandler.h(87): warning:  #1-D: last line of file ends without a newline
transmitProtocol.h(54): warning:  #1-D: last line of file ends without a newline
UtsavAPI.h(77): warning:  #1-D: last line of file ends without a newline
senderNode.cpp(149): warning:  #177-D: variable "i" was declared but never referenced
senderNode.cpp(229): warning:  #177-D: variable "a" was declared but never referenced
senderNode.cpp(275): warning:  #550-D: variable "test_ref2_fn" was set but never used
senderNode.cpp(341): warning:  #177-D: variable "v" was declared but never referenced
senderNode.cpp(484): warning:  #177-D: variable "j" was declared but never referenced
senderNode.cpp(485): warning:  #550-D: variable "val" was set but never used
senderNode.cpp(580): warning:  #550-D: variable "val" was set but never used
senderNode.cpp(631): warning:  #550-D: variable "val" was set but never used
senderNode.cpp(930): warning:  #1-D: last line of file ends without a newline
senderNode.cpp(632): warning: C4017W: tx_done_signal may be used before being set
linking...
Program Size: Code=37182 RO-data=1550 RW-data=544 ZI-data=56804  
After Build - User command #1: fromelf --bin -o E:\MRK.bin .\build\MRK.axf
".\build\MRK.axf" - 0 Errors, 17 Warning(s).
Build target 'mbed NXP LPC1768'
compiling senderNode.cpp...
state_manager.h(14): warning:  #1-D: last line of file ends without a newline
function_manager.h(57): warning:  #1-D: last line of file ends without a newline
messagetypes.h(41): warning:  #1-D: last line of file ends without a newline
states.h(57): warning:  #1-D: last line of file ends without a newline
packetHandler.h(87): warning:  #1-D: last line of file ends without a newline
transmitProtocol.h(54): warning:  #1-D: last line of file ends without a newline
UtsavAPI.h(77): warning:  #1-D: last line of file ends without a newline
senderNode.cpp(149): warning:  #177-D: variable "i" was declared but never referenced
senderNode.cpp(229): warning:  #177-D: variable "a" was declared but never referenced
senderNode.cpp(263): warning:  #177-D: variable "a" was declared but never referenced
senderNode.cpp(263): warning:  #177-D: variable "b" was declared but never referenced
senderNode.cpp(341): warning:  #177-D: variable "v" was declared but never referenced
senderNode.cpp(484): warning:  #177-D: variable "j" was declared but never referenced
senderNode.cpp(485): warning:  #550-D: variable "val" was set but never used
senderNode.cpp(580): warning:  #550-D: variable "val" was set but never used
senderNode.cpp(631): warning:  #550-D: variable "val" was set but never used
senderNode.cpp(930): warning:  #1-D: last line of file ends without a newline
senderNode.cpp(632): warning: C4017W: tx_done_signal may be used before being set
linking...
Program Size: Code=37182 RO-data=1550 RW-data=544 ZI-data=56804  
After Build - User command #1: fromelf --bin -o E:\MRK.bin .\build\MRK.axf
".\build\MRK.axf" - 0 Errors, 18 Warning(s).
Build target 'mbed NXP LPC1768'
compiling senderNode.cpp...
state_manager.h(14): warning:  #1-D: last line of file ends without a newline
function_manager.h(57): warning:  #1-D: last line of file ends without a newline
messagetypes.h(41): warning:  #1-D: last line of file ends without a newline
states.h(57): warning:  #1-D: last line of file ends without a newline
packetHandler.h(87): warning:  #1-D: last line of file ends without a newline
transmitProtocol.h(54): warning:  #1-D: last line of file ends without a newline
UtsavAPI.h(77): warning:  #1-D: last line of file ends without a newline
senderNode.cpp(149): warning:  #177-D: variable "i" was declared but never referenced
senderNode.cpp(229): warning:  #177-D: variable "a" was declared but never referenced
senderNode.cpp(343): warning:  #177-D: variable "v" was declared but never referenced
senderNode.cpp(486): warning:  #177-D: variable "j" was declared but never referenced
senderNode.cpp(487): warning:  #550-D: variable "val" was set but never used
senderNode.cpp(582): warning:  #550-D: variable "val" was set but never used
senderNode.cpp(633): warning:  #550-D: variable "val" was set but never used
senderNode.cpp(932): warning:  #1-D: last line of file ends without a newline
senderNode.cpp(634): warning: C4017W: tx_done_signal may be used before being set
linking...
Program Size: Code=37190 RO-data=1550 RW-data=544 ZI-data=56804  
After Build - User command #1: fromelf --bin -o E:\MRK.bin .\build\MRK.axf
".\build\MRK.axf" - 0 Errors, 16 Warning(s).
Build target 'mbed NXP LPC1768'
compiling senderNode.cpp...
state_manager.h(14): warning:  #1-D: last line of file ends without a newline
function_manager.h(57): warning:  #1-D: last line of file ends without a newline
messagetypes.h(41): warning:  #1-D: last line of file ends without a newline
states.h(57): warning:  #1-D: last line of file ends without a newline
packetHandler.h(87): warning:  #1-D: last line of file ends without a newline
transmitProtocol.h(54): warning:  #1-D: last line of file ends without a newline
UtsavAPI.h(77): warning:  #1-D: last line of file ends without a newline
senderNode.cpp(149): warning:  #177-D: variable "i" was declared but never referenced
senderNode.cpp(229): warning:  #177-D: variable "a" was declared but never referenced
senderNode.cpp(263): warning:  #177-D: variable "a" was declared but never referenced
senderNode.cpp(263): warning:  #177-D: variable "b" was declared but never referenced
senderNode.cpp(343): warning:  #177-D: variable "v" was declared but never referenced
senderNode.cpp(486): warning:  #177-D: variable "j" was declared but never referenced
senderNode.cpp(487): warning:  #550-D: variable "val" was set but never used
senderNode.cpp(582): warning:  #550-D: variable "val" was set but never used
senderNode.cpp(633): warning:  #550-D: variable "val" was set but never used
senderNode.cpp(932): warning:  #1-D: last line of file ends without a newline
senderNode.cpp(634): warning: C4017W: tx_done_signal may be used before being set
linking...
Program Size: Code=37190 RO-data=1550 RW-data=544 ZI-data=56804  
After Build - User command #1: fromelf --bin -o E:\MRK.bin .\build\MRK.axf
".\build\MRK.axf" - 0 Errors, 18 Warning(s).
Build target 'mbed NXP LPC1768'
compiling senderNode.cpp...
state_manager.h(14): warning:  #1-D: last line of file ends without a newline
function_manager.h(57): warning:  #1-D: last line of file ends without a newline
messagetypes.h(41): warning:  #1-D: last line of file ends without a newline
states.h(57): warning:  #1-D: last line of file ends without a newline
packetHandler.h(87): warning:  #1-D: last line of file ends without a newline
transmitProtocol.h(54): warning:  #1-D: last line of file ends without a newline
UtsavAPI.h(77): warning:  #1-D: last line of file ends without a newline
senderNode.cpp(149): warning:  #177-D: variable "i" was declared but never referenced
senderNode.cpp(229): warning:  #177-D: variable "a" was declared but never referenced
senderNode.cpp(263): warning:  #177-D: variable "a" was declared but never referenced
senderNode.cpp(263): warning:  #177-D: variable "b" was declared but never referenced
senderNode.cpp(343): warning:  #177-D: variable "v" was declared but never referenced
senderNode.cpp(486): warning:  #177-D: variable "j" was declared but never referenced
senderNode.cpp(487): warning:  #550-D: variable "val" was set but never used
senderNode.cpp(582): warning:  #550-D: variable "val" was set but never used
senderNode.cpp(633): warning:  #550-D: variable "val" was set but never used
senderNode.cpp(932): warning:  #1-D: last line of file ends without a newline
senderNode.cpp(634): warning: C4017W: tx_done_signal may be used before being set
linking...
Program Size: Code=37190 RO-data=1550 RW-data=544 ZI-data=56804  
After Build - User command #1: fromelf --bin -o E:\MRK.bin .\build\MRK.axf
".\build\MRK.axf" - 0 Errors, 18 Warning(s).
