ARM Linker, 5.03 [Build 76] [MDK-ARM Professional]

==============================================================================

Section Cross References

    nrk_cpu.o(i._Z16nrk_target_startv) refers to nrk_timer.o(i._Z16_nrk_setup_timerv) for _nrk_setup_timer()
    nrk_cpu.o(i._Z16nrk_task_set_stkP9task_typePjt) refers to nrk_error.o(i._Z13nrk_error_addh) for nrk_error_add(unsigned char)
    nrk_cpu.o(i._Z22nrk_stack_pointer_initv) refers to nrk.o(.bss) for nrk_kernel_stk
    nrk_cpu.o(i._Z22nrk_stack_pointer_initv) refers to nrk.o(.data) for nrk_kernel_stk_ptr
    nrk_cpu.o(i._Z22nrk_stack_pointer_initv) refers to nrk.o(i._nrk_timer_tick) for _nrk_timer_tick
    nrk_cpu.o(i._Z25nrk_stack_pointer_restorev) refers to nrk.o(.bss) for nrk_kernel_stk
    nrk_cpu.o(i._Z25nrk_stack_pointer_restorev) refers to nrk.o(i._nrk_timer_tick) for _nrk_timer_tick
    nrk_cpu.o(i._Z25nrk_stack_pointer_restorev) refers to nrk.o(.data) for nrk_kernel_stk_ptr
    nrk_cpu.o(.ARM.exidx) refers to nrk_cpu.o(i._Z16nrk_battery_savev) for i._Z16nrk_battery_savev
    nrk_cpu.o(.ARM.exidx) refers to nrk_cpu.o(i._Z9nrk_sleepv) for i._Z9nrk_sleepv
    nrk_cpu.o(.ARM.exidx) refers to nrk_cpu.o(i._Z8nrk_idlev) for i._Z8nrk_idlev
    nrk_cpu.o(.ARM.exidx) refers to nrk_cpu.o(i._Z27nrk_task_set_entry_functionP9task_typePFvvE) for i._Z27nrk_task_set_entry_functionP9task_typePFvvE
    nrk_cpu.o(.ARM.exidx) refers to nrk_cpu.o(i._Z16nrk_task_set_stkP9task_typePjt) for i._Z16nrk_task_set_stkP9task_typePjt
    nrk_cpu.o(.ARM.exidx) refers to nrk_cpu.o(i._Z17nrk_task_stk_initPFvvEPjS1_) for i._Z17nrk_task_stk_initPFvvEPjS1_
    nrk_cpu.o(.ARM.exidx) refers to nrk_cpu.o(i._Z22nrk_stack_pointer_initv) for i._Z22nrk_stack_pointer_initv
    nrk_cpu.o(.ARM.exidx) refers to nrk_cpu.o(i._Z25nrk_stack_pointer_restorev) for i._Z25nrk_stack_pointer_restorev
    nrk_cpu.o(.ARM.exidx) refers to nrk_cpu.o(i._Z16nrk_target_startv) for i._Z16nrk_target_startv
    nrk_status.o(.ARM.exidx) refers to nrk_status.o(i._Z18_nrk_startup_errorv) for i._Z18_nrk_startup_errorv
    nrk_timer.o(i.TIMER0_IRQHandler) refers to my_asm.o(.text) for _swap
    nrk_timer.o(i._Z16_nrk_setup_timerv) refers to nrk_timer.o(i._Z14NVIC_EnableIRQ4IRQn) for NVIC_EnableIRQ(IRQn)
    nrk_timer.o(i._Z16_nrk_setup_timerv) refers to nrk_timer.o(i._Z19_nrk_os_timer_resetv) for _nrk_os_timer_reset()
    nrk_timer.o(i._Z16_nrk_setup_timerv) refers to nrk_timer.o(i._Z19_nrk_os_timer_startv) for _nrk_os_timer_start()
    nrk_timer.o(i._Z16_nrk_setup_timerv) refers to nrk_timer.o(.data) for .data
    nrk_timer.o(i._Z16nrk_spin_wait_usj) refers to wait_api.c.lpc1768.arm.o(i.wait_us) for wait_us
    nrk_timer.o(i._Z19_nrk_os_timer_resetv) refers to nrk_timer.o(.data) for .data
    nrk_timer.o(i._Z25nrk_high_speed_timer_waittt) refers to nrk_timer.o(i._Z25_nrk_high_speed_timer_getv) for _nrk_high_speed_timer_get()
    nrk_timer.o(.ARM.exidx) refers to nrk_timer.o(i._Z16nrk_spin_wait_usj) for i._Z16nrk_spin_wait_usj
    nrk_timer.o(.ARM.exidx) refers to nrk_timer.o(i._Z19_nrk_os_timer_startv) for i._Z19_nrk_os_timer_startv
    nrk_timer.o(.ARM.exidx) refers to nrk_timer.o(i._Z19_nrk_os_timer_resetv) for i._Z19_nrk_os_timer_resetv
    nrk_timer.o(.ARM.exidx) refers to nrk_timer.o(i._Z16_nrk_setup_timerv) for i._Z16_nrk_setup_timerv
    nrk_timer.o(.ARM.exidx) refers to nrk_timer.o(i._Z26_nrk_high_speed_timer_stopv) for i._Z26_nrk_high_speed_timer_stopv
    nrk_timer.o(.ARM.exidx) refers to nrk_timer.o(i._Z27_nrk_high_speed_timer_startv) for i._Z27_nrk_high_speed_timer_startv
    nrk_timer.o(.ARM.exidx) refers to nrk_timer.o(i._Z27_nrk_high_speed_timer_resetv) for i._Z27_nrk_high_speed_timer_resetv
    nrk_timer.o(.ARM.exidx) refers to nrk_timer.o(i._Z25_nrk_high_speed_timer_getv) for i._Z25_nrk_high_speed_timer_getv
    nrk_timer.o(.ARM.exidx) refers to nrk_timer.o(i._Z25nrk_high_speed_timer_waittt) for i._Z25nrk_high_speed_timer_waittt
    nrk_timer.o(.ARM.exidx) refers to nrk_timer.o(i._Z18_nrk_os_timer_stopv) for i._Z18_nrk_os_timer_stopv
    nrk_timer.o(.ARM.exidx) refers to nrk_timer.o(i._Z17_nrk_os_timer_seth) for i._Z17_nrk_os_timer_seth
    nrk_timer.o(.ARM.exidx) refers to nrk_timer.o(i._Z20_nrk_get_next_wakeupv) for i._Z20_nrk_get_next_wakeupv
    nrk_timer.o(.ARM.exidx) refers to nrk_timer.o(i._Z20_nrk_set_next_wakeuph) for i._Z20_nrk_set_next_wakeuph
    nrk_timer.o(.ARM.exidx) refers to nrk_timer.o(i._Z18nrk_timer_int_stoph) for i._Z18nrk_timer_int_stoph
    nrk_timer.o(.ARM.exidx) refers to nrk_timer.o(i._Z19nrk_timer_int_reseth) for i._Z19nrk_timer_int_reseth
    nrk_timer.o(.ARM.exidx) refers to nrk_timer.o(i._Z18nrk_timer_int_readh) for i._Z18nrk_timer_int_readh
    nrk_timer.o(.ARM.exidx) refers to nrk_timer.o(i._Z19nrk_timer_int_starth) for i._Z19nrk_timer_int_starth
    nrk_timer.o(.ARM.exidx) refers to nrk_timer.o(i._Z23nrk_timer_int_configurehttPv) for i._Z23nrk_timer_int_configurehttPv
[...]
    timer_read                               0x00008919   Thumb Code     4  timer_api.c.lpc1768.arm.o(i.timer_read)
    timer_start                              0x0000891d   Thumb Code    12  timer_api.c.lpc1768.arm.o(i.timer_start)
    us_ticker_read                           0x00008929   Thumb Code    44  us_ticker_api.c.lpc1768.arm.o(i.us_ticker_read)
    wait_ms                                  0x00008961   Thumb Code    28  wait_api.c.lpc1768.arm.o(i.wait_ms)
    wait_us                                  0x0000897d   Thumb Code    22  wait_api.c.lpc1768.arm.o(i.wait_us)
    _get_lc_numeric                          0x00008995   Thumb Code    44  lc_numeric_c.o(locale$$code)
    _get_lc_ctype                            0x000089c1   Thumb Code    44  lc_ctype_c.o(locale$$code)
    __aeabi_d2f                              0x000089ed   Thumb Code     0  d2f.o(x$fpl$d2f)
    _d2f                                     0x000089ed   Thumb Code    98  d2f.o(x$fpl$d2f)
    __fpl_dcheck_NaN1                        0x00008a51   Thumb Code    10  dcheck1.o(x$fpl$dcheck1)
    __fpl_dcmp_Inf                           0x00008a61   Thumb Code    24  dcmpi.o(x$fpl$dcmpinf)
    __aeabi_cdcmpeq                          0x00008a79   Thumb Code     0  deqf.o(x$fpl$deqf)
    _dcmpeq                                  0x00008a79   Thumb Code   120  deqf.o(x$fpl$deqf)
    __aeabi_cdcmple                          0x00008af1   Thumb Code     0  dleqf.o(x$fpl$dleqf)
    _dcmple                                  0x00008af1   Thumb Code   120  dleqf.o(x$fpl$dleqf)
    __fpl_dcmple_InfNaN                      0x00008b53   Thumb Code     0  dleqf.o(x$fpl$dleqf)
    __fpl_dnaninf                            0x00008b69   Thumb Code   156  dnaninf.o(x$fpl$dnaninf)
    __aeabi_cdrcmple                         0x00008c05   Thumb Code     0  drleqf.o(x$fpl$drleqf)
    _drcmple                                 0x00008c05   Thumb Code   108  drleqf.o(x$fpl$drleqf)
    __aeabi_fadd                             0x00008c71   Thumb Code     0  faddsub_clz.o(x$fpl$fadd)
    _fadd                                    0x00008c71   Thumb Code   196  faddsub_clz.o(x$fpl$fadd)
    __fpl_fcheck_NaN1                        0x00008d35   Thumb Code     6  fcheck1.o(x$fpl$fcheck1)
    __aeabi_fdiv                             0x00008d41   Thumb Code     0  fdiv.o(x$fpl$fdiv)
    _fdiv                                    0x00008d41   Thumb Code   384  fdiv.o(x$fpl$fdiv)
    __aeabi_f2iz                             0x00008ec5   Thumb Code     0  ffix.o(x$fpl$ffix)
    _ffix                                    0x00008ec5   Thumb Code    54  ffix.o(x$fpl$ffix)
    __aeabi_i2f                              0x00008efd   Thumb Code     0  fflt_clz.o(x$fpl$fflt)
    _fflt                                    0x00008efd   Thumb Code    48  fflt_clz.o(x$fpl$fflt)
    __aeabi_ui2f                             0x00008f2d   Thumb Code     0  fflt_clz.o(x$fpl$ffltu)
    _ffltu                                   0x00008f2d   Thumb Code    38  fflt_clz.o(x$fpl$ffltu)
    __aeabi_fmul                             0x00008f55   Thumb Code     0  fmul.o(x$fpl$fmul)
    _fmul                                    0x00008f55   Thumb Code   258  fmul.o(x$fpl$fmul)
    __fpl_fnaninf                            0x00009057   Thumb Code   140  fnaninf.o(x$fpl$fnaninf)
    __fpl_fretinf                            0x000090e3   Thumb Code    10  fretinf.o(x$fpl$fretinf)
    __aeabi_fsub                             0x000090ed   Thumb Code     0  faddsub_clz.o(x$fpl$fsub)
    _fsub                                    0x000090ed   Thumb Code   234  faddsub_clz.o(x$fpl$fsub)
    _printf_fp_dec                           0x000091d7   Thumb Code     4  printf1.o(x$fpl$printf1)
    _printf_fp_hex                           0x000091db   Thumb Code     4  printf2.o(x$fpl$printf2)
    __fpl_return_NaN                         0x000091df   Thumb Code   100  retnan.o(x$fpl$retnan)
    __ARM_scalbn                             0x00009243   Thumb Code    92  scalbn.o(x$fpl$scalbn)
    __ARM_scalbnf                            0x0000929f   Thumb Code    76  scalbnf.o(x$fpl$scalbnf)
    _scanf_real                              0x000092eb   Thumb Code     4  scanf1.o(x$fpl$scanf1)
    _scanf_hex_real                          0x000092ef   Thumb Code     4  scanf2.o(x$fpl$scanf2)
    _scanf_infnan                            0x000092f3   Thumb Code     4  scanf2.o(x$fpl$scanf2)
    __fpl_cmpreturn                          0x000092f7   Thumb Code    48  trapv.o(x$fpl$trapveneer)
    __I$use$fp                               0x00009326   Number         0  usenofp.o(x$fpl$usenofp)
    __stdin_name                             0x00009368   Data           7  stdio.cpp.lpc1768.arm.o(.constdata)
    __stdout_name                            0x0000936f   Data           8  stdio.cpp.lpc1768.arm.o(.constdata)
    __stderr_name                            0x00009377   Data           8  stdio.cpp.lpc1768.arm.o(.constdata)
    mbed::Base::_base_funcs                  0x000094fc   Data          24  Base.cpp.lpc1768.arm.o(.constdata)
    typeinfo for __cxxabiv1::__class_type_info 0x000095a8   Data          12  lib_rtti_impl.o(.constdata__ZTIN10__cxxabiv117__class_type_infoE)
    typeinfo for __cxxabiv1::__si_class_type_info 0x000095b4   Data          12  lib_rtti_impl.o(.constdata__ZTIN10__cxxabiv120__si_class_type_infoE)
    typeinfo for __cxxabiv1::__vmi_class_type_info 0x000095c0   Data          12  lib_rtti_impl.o(.constdata__ZTIN10__cxxabiv121__vmi_class_type_infoE)
    typeinfo for mbed::FileHandle            0x000095cc   Data           8  stdio.cpp.lpc1768.arm.o(.constdata__ZTIN4mbed10FileHandleE)
    typeinfo for mbed::FileSystemLike        0x000095d4   Data          12  stdio.cpp.lpc1768.arm.o(.constdata__ZTIN4mbed14FileSystemLikeE)
    typeinfo for mbed::Base                  0x000095e0   Data           8  Base.cpp.lpc1768.arm.o(.constdata__ZTIN4mbed4BaseE)
    typeinfo for mbed::FileLike              0x000095e8   Data          32  stdio.cpp.lpc1768.arm.o(.constdata__ZTIN4mbed8FileLikeE)
    typeinfo for std::type_info              0x00009608   Data           8  type_info_dtor.o(.constdata__ZTISt9type_info)
    typeinfo name for __cxxabiv1::__class_type_info 0x00009610   Data          34  lib_rtti_impl.o(.constdata__ZTSN10__cxxabiv117__class_type_infoE)
    typeinfo name for __cxxabiv1::__si_class_type_info 0x00009632   Data          37  lib_rtti_impl.o(.constdata__ZTSN10__cxxabiv120__si_class_type_infoE)
    typeinfo name for __cxxabiv1::__vmi_class_type_info 0x00009657   Data          38  lib_rtti_impl.o(.constdata__ZTSN10__cxxabiv121__vmi_class_type_infoE)
    typeinfo name for mbed::FileHandle       0x0000967d   Data          20  stdio.cpp.lpc1768.arm.o(.constdata__ZTSN4mbed10FileHandleE)
    typeinfo name for mbed::FileSystemLike   0x00009691   Data          24  stdio.cpp.lpc1768.arm.o(.constdata__ZTSN4mbed14FileSystemLikeE)
    typeinfo name for mbed::Base             0x000096a9   Data          13  Base.cpp.lpc1768.arm.o(.constdata__ZTSN4mbed4BaseE)
    typeinfo name for mbed::FileLike         0x000096b6   Data          17  stdio.cpp.lpc1768.arm.o(.constdata__ZTSN4mbed8FileLikeE)
    typeinfo name for std::type_info         0x000096c7   Data          13  type_info_dtor.o(.constdata__ZTSSt9type_info)
    vtable for __cxxabiv1::__class_type_info 0x000096d4   Data          16  lib_rtti_impl.o(.constdata__ZTVN10__cxxabiv117__class_type_infoE)
    vtable for __cxxabiv1::__si_class_type_info 0x000096e4   Data          16  lib_rtti_impl.o(.constdata__ZTVN10__cxxabiv120__si_class_type_infoE)
    vtable for __cxxabiv1::__vmi_class_type_info 0x000096f4   Data          16  lib_rtti_impl.o(.constdata__ZTVN10__cxxabiv121__vmi_class_type_infoE)
    Region$$Table$$Base                      0x00009718   Number         0  anon$$obj.o(Region$$Table)
    Region$$Table$$Limit                     0x00009738   Number         0  anon$$obj.o(Region$$Table)
    __aeabi_HUGE_VAL                         0x00009738   Data           0  fpconst.o(c$$dinf)
    __aeabi_HUGE_VALL                        0x00009738   Data           0  fpconst.o(c$$dinf)
    __aeabi_INFINITY                         0x00009738   Data           0  fpconst.o(c$$dinf)
    __dInf                                   0x00009738   Data           0  fpconst.o(c$$dinf)
    __huge_val                               0x00009738   Data           0  fpconst.o(c$$dinf)
    __ctype                                  0x00009769   Data           0  lc_ctype_c.o(locale$$data)
    SHT$$INIT_ARRAY$$Base                    0x0000986c   Number         0  memory_manager.o(.init_array)
    SHT$$INIT_ARRAY$$Limit                   0x00009870   Number         0  memory_manager.o(.init_array)
    user_area                                0x00078000   Data       32768  iap.o(.ARM.__at_0x00078000)
    _nrk_prev_timer_val                      0x100000c4   Data           1  nrk_timer.o(.data)
    _nrk_time_trigger                        0x100000c5   Data           1  nrk_timer.o(.data)
    nrk_kernel_stk_ptr                       0x100000c8   Data           4  nrk.o(.data)
    nrk_wakeup_signal                        0x100000cc   Data           1  nrk.o(.data)
    nrk_cur_task_prio                        0x100000d0   Data           1  nrk.o(.data)
    nrk_high_ready_prio                      0x100000d1   Data           1  nrk.o(.data)
    nrk_task_init_cnt                        0x100000d2   Data           1  nrk.o(.data)
    _free_node                               0x100000d4   Data           4  nrk.o(.data)
    _head_node                               0x100000d8   Data           4  nrk.o(.data)
    nrk_cur_task_TCB                         0x100000dc   Data           4  nrk.o(.data)
    nrk_high_ready_TCB                       0x100000e0   Data           4  nrk.o(.data)
    nrk_system_time                          0x100000e4   Data           8  nrk.o(.data)
    error_task                               0x100000ec   Data           1  nrk_error.o(.data)
    error_num                                0x100000ed   Data           1  nrk_error.o(.data)
    _nrk_signal_list                         0x100000f0   Data           4  nrk_events.o(.data)
    _nrk_cpu_state                           0x100000f4   Data           1  nrk_scheduler.o(.data)
    task_addr                                0x100000f8   Data           4  nrk_scheduler.o(.data)
    bmac_rx_pkt_signal                       0x100000fc   Data           1  bmac.o(.data)
    bmac_tx_pkt_done_signal                  0x100000fd   Data           1  bmac.o(.data)
    bmac_enable_signal                       0x100000fe   Data           1  bmac.o(.data)
    rx_ready                                 0x10000114   Data           1  basic_rf.o(.data)
    auto_ack_enable                          0x10000115   Data           1  basic_rf.o(.data)
    security_enable                          0x10000116   Data           1  basic_rf.o(.data)
    rx_data_ready                            0x10000117   Data           1  basic_rf.o(.data)
    tx_status_ready                          0x10000118   Data           1  basic_rf.o(.data)
    rssi_cca_thold                           0x10000119   Data           1  basic_rf.o(.data)
    myAddr                                   0x1000011a   Data           2  mrf24j40.o(.data)
    myPanid                                  0x1000011c   Data           2  mrf24j40.o(.data)
    current_sector                           0x10000120   Data           4  memory_manager.o(.data)
    current_address                          0x10000124   Data           4  memory_manager.o(.data)
    start_address                            0x10000128   Data           4  memory_manager.o(.data)
    end_address                              0x1000012c   Data           4  memory_manager.o(.data)
    current_num_functions                    0x100001a8   Data           4  function_manager.o(.data)
    current_num_task_functions               0x100001ac   Data           4  function_manager.o(.data)
    my_signal                                0x100001b0   Data           1  sendernode.o(.data)
    my_state                                 0x100001b1   Data           1  sendernode.o(.data)
    func_reply                               0x100001b2   Data           2  sendernode.o(.data)
    sequenceNumber                           0x100001b4   Data           4  sendernode.o(.data)
    sendAckFlag                              0x100001b8   Data           5  sendernode.o(.data)
    sendNextPacket                           0x100001bd   Data           5  sendernode.o(.data)
    receiverNextPacket                       0x100001c2   Data           5  sendernode.o(.data)
    receiveComplete                          0x100001c7   Data           5  sendernode.o(.data)
    mid_sig                                  0x100001cc   Data           1  middle_level_state.o(.data)
    mid_state                                0x100001cd   Data           1  middle_level_state.o(.data)
    node_to_send                             0x100001d0   Data           4  middle_level_state.o(.data)
    slave_pos                                0x100001d4   Data           4  middle_level_state.o(.data)
    low_state                                0x100001d8   Data           1  low_level_state.o(.data)
    low_sig                                  0x100001d9   Data           1  low_level_state.o(.data)
    next_state                               0x100001da   Data           1  low_level_state.o(.data)
    num_functions_sent                       0x100001dc   Data           4  low_level_state.o(.data)
    num_bytes                                0x100001e0   Data           4  low_level_state.o(.data)
    globalIndex                              0x100001e4   Data           4  utsavapi.o(.data)
    slavesList                               0x100001e8   Data           4  utsavapi.o(.data)
    firstPacket                              0x100001ec   Data           5  packethandler.o(.data)
    SystemCoreClock                          0x100001f4   Data           4  system_LPC17xx.o(.data)
    __aeabi_stdin                            0x100001fc   Data           4  stdio_streams.o(.data)
    __aeabi_stdout                           0x10000200   Data           4  stdio_streams.o(.data)
    __aeabi_stderr                           0x10000204   Data           4  stdio_streams.o(.data)
    mbed::Base::_head                        0x10000208   Data           4  Base.cpp.lpc1768.arm.o(.data)
    mbed::Base::_classes                     0x1000020c   Data           4  Base.cpp.lpc1768.arm.o(.data)
    mbed::Base::_base_class                  0x10000210   Data          12  Base.cpp.lpc1768.arm.o(.data)
    nrk_kernel_stk                           0x10000220   Data         128  nrk.o(.bss)
    nrk_idle_task_stk                        0x100002a0   Data         128  nrk.o(.bss)
    nrk_task_TCB                             0x10000320   Data         440  nrk.o(.bss)
    _nrk_readyQ                              0x100004d8   Data         132  nrk.o(.bss)
    bmac_rfRxInfo                            0x10000688   Data          16  bmac.o(.bss)
    bmac_rfTxInfo                            0x10000698   Data          12  bmac.o(.bss)
    rfSettings                               0x100006a4   Data          12  basic_rf.o(.bss)
    iap                                      0x100006b0   Data          48  memory_manager.o(.bss)
    function_table                           0x100006e0   Data        1200  function_manager.o(.bss)
    task_function_table                      0x10000b90   Data        2760  function_manager.o(.bss)
    states                                   0x10001658   Data         400  state_manager.o(.bss)
    ack_buf                                  0x100017e8   Data          25  sendernode.o(.bss)
    lastSentSequenceNo                       0x10001804   Data          20  sendernode.o(.bss)
    lastReceivedSequenceNo                   0x10001818   Data          20  sendernode.o(.bss)
    transmittedPacketLength                  0x1000182c   Data          20  sendernode.o(.bss)
    packetSize                               0x10001840   Data          20  sendernode.o(.bss)
    receivedPacketSize                       0x10001854   Data          20  sendernode.o(.bss)
    lastPacketRead                           0x10001868   Data          20  sendernode.o(.bss)
    RX_TASK                                  0x1000187c   Data          44  sendernode.o(.bss)
    rx_task_stack                            0x100018a8   Data         512  sendernode.o(.bss)
    TX_TASK                                  0x10001aa8   Data          44  sendernode.o(.bss)
    tx_task_stack                            0x10001ad4   Data         512  sendernode.o(.bss)
    RE_TX_TASK                               0x10001cd4   Data          44  sendernode.o(.bss)
    re_tx_task_stack                         0x10001d00   Data         512  sendernode.o(.bss)
    ACK_TX_TASK                              0x10001f00   Data          44  sendernode.o(.bss)
    ack_tx_task_stack                        0x10001f2c   Data         512  sendernode.o(.bss)
    TOP_LEVEL_STATE_MACHINE_TASK             0x1000212c   Data          44  sendernode.o(.bss)
    top_level_sm_task_stack                  0x10002158   Data         512  sendernode.o(.bss)
    tx_buf                                   0x10002358   Data         460  sendernode.o(.bss)
    rx_buf                                   0x10002524   Data         115  sendernode.o(.bss)
    data                                     0x10002597   Data        2048  sendernode.o(.bss)
    receiveData                              0x10002d97   Data        2048  sendernode.o(.bss)
    numberOfPackets                          0x10003598   Data          20  packethandler.o(.bss)
    packetNumReceived                        0x100035ac   Data          20  packethandler.o(.bss)
    packetNumber                             0x100035c0   Data          20  packethandler.o(.bss)
    __stdin                                  0x100035d4   Data          84  stdio_streams.o(.bss)
    __stdout                                 0x10003628   Data          84  stdio_streams.o(.bss)
    __stderr                                 0x1000367c   Data          84  stdio_streams.o(.bss)
    _random_number_data                      0x100036d0   Data         228  rand.o(.bss)
    address_of_get_handle                    0x10006000   Data           4  function_manager.o(.ARM.__AT_0x10006000)
    Image$$RW_IRAM1$$ZI$$Limit               0x10006004   Number         0  function_manager.o(.ARM.__AT_0x10006000)



==============================================================================

Memory Map of the image

  Image Entry point : 0x000000c5

  Load Region LR_IROM1 (Base: 0x00000000, Size: 0x00009a90, Max: 0x00080000, ABSOLUTE, COMPRESSED[0x000098d0])

    Execution Region ER_IROM1 (Base: 0x00000000, Size: 0x00009870, Max: 0x00080000, ABSOLUTE)

    Base Addr    Size         Type   Attr      Idx    E Section Name        Object

    0x00000000   0x000000c4   Data   RO         3072    RESET               startup_LPC17xx.o
    0x000000c4   0x00000008   Code   RO         3207  * !!!main             c_w.l(__main.o)
    0x000000cc   0x00000034   Code   RO         4293    !!!scatter          c_w.l(__scatter.o)
    0x00000100   0x0000003a   Code   RO         4291    !!dczerorl          c_w.l(__dczerorl.o)
    0x0000013a   0x00000002   PAD
    0x0000013c   0x0000001c   Code   RO         4295    !!handler_zi        c_w.l(__scatter_zi.o)
    0x00000158   0x00000000   Code   RO         3177    .ARM.Collect$$_printf_percent$$00000000  c_w.l(_printf_percent.o)
    0x00000158   0x00000006   Code   RO         3268    .ARM.Collect$$_printf_percent$$00000001  c_w.l(_printf_n.o)
    0x0000015e   0x00000006   Code   RO         3269    .ARM.Collect$$_printf_percent$$00000002  c_w.l(_printf_p.o)
    0x00000164   0x00000006   Code   RO         3273    .ARM.Collect$$_printf_percent$$00000003  c_w.l(_printf_f.o)
    0x0000016a   0x00000006   Code   RO         3274    .ARM.Collect$$_printf_percent$$00000004  c_w.l(_printf_e.o)
    0x00000170   0x00000006   Code   RO         3275    .ARM.Collect$$_printf_percent$$00000005  c_w.l(_printf_g.o)
    0x00000176   0x00000006   Code   RO         3276    .ARM.Collect$$_printf_percent$$00000006  c_w.l(_printf_a.o)
    0x0000017c   0x0000000a   Code   RO         3281    .ARM.Collect$$_printf_percent$$00000007  c_w.l(_printf_ll.o)
    0x00000186   0x00000006   Code   RO         3271    .ARM.Collect$$_printf_percent$$00000008  c_w.l(_printf_i.o)
    0x0000018c   0x00000006   Code   RO         3176    .ARM.Collect$$_printf_percent$$00000009  c_w.l(_printf_d.o)
    0x00000192   0x00000006   Code   RO         3272    .ARM.Collect$$_printf_percent$$0000000A  c_w.l(_printf_u.o)
    0x00000198   0x00000006   Code   RO         3270    .ARM.Collect$$_printf_percent$$0000000B  c_w.l(_printf_o.o)
    0x0000019e   0x00000006   Code   RO         3175    .ARM.Collect$$_printf_percent$$0000000C  c_w.l(_printf_x.o)
    0x000001a4   0x00000006   Code   RO         3278    .ARM.Collect$$_printf_percent$$0000000D  c_w.l(_printf_lli.o)
    0x000001aa   0x00000006   Code   RO         3279    .ARM.Collect$$_printf_percent$$0000000E  c_w.l(_printf_lld.o)
    0x000001b0   0x00000006   Code   RO         3280    .ARM.Collect$$_printf_percent$$0000000F  c_w.l(_printf_llu.o)
    0x000001b6   0x00000006   Code   RO         3285    .ARM.Collect$$_printf_percent$$00000010  c_w.l(_printf_llo.o)
    0x000001bc   0x00000006   Code   RO         3286    .ARM.Collect$$_printf_percent$$00000011  c_w.l(_printf_llx.o)
    0x000001c2   0x0000000a   Code   RO         3282    .ARM.Collect$$_printf_percent$$00000012  c_w.l(_printf_l.o)
    0x000001cc   0x00000006   Code   RO         3267    .ARM.Collect$$_printf_percent$$00000013  c_w.l(_printf_c.o)
    0x000001d2   0x00000006   Code   RO         3174    .ARM.Collect$$_printf_percent$$00000014  c_w.l(_printf_s.o)
    0x000001d8   0x00000006   Code   RO         3283    .ARM.Collect$$_printf_percent$$00000015  c_w.l(_printf_lc.o)
    0x000001de   0x00000006   Code   RO         3284    .ARM.Collect$$_printf_percent$$00000016  c_w.l(_printf_ls.o)
    0x000001e4   0x00000004   Code   RO         3277    .ARM.Collect$$_printf_percent$$00000017  c_w.l(_printf_percent_end.o)
    0x000001e8   0x00000002   Code   RO         3788    .ARM.Collect$$libinit$$00000000  c_w.l(libinit.o)
    0x000001ea   0x00000000   Code   RO         3300    .ARM.Collect$$libinit$$00000002  c_w.l(libinit2.o)
    0x000001ea   0x00000008   Code   RO         3301    .ARM.Collect$$libinit$$00000003  c_w.l(libinit2.o)
    0x000001f2   0x00000000   Code   RO         3303    .ARM.Collect$$libinit$$00000008  c_w.l(libinit2.o)
    0x000001f2   0x00000000   Code   RO         3305    .ARM.Collect$$libinit$$0000000A  c_w.l(libinit2.o)
    0x000001f2   0x00000004   Code   RO         3306    .ARM.Collect$$libinit$$0000000B  c_w.l(libinit2.o)
    0x000001f6   0x00000000   Code   RO         3307    .ARM.Collect$$libinit$$0000000C  c_w.l(libinit2.o)
    0x000001f6   0x00000006   Code   RO         3308    .ARM.Collect$$libinit$$0000000D  c_w.l(libinit2.o)
    0x000001fc   0x00000000   Code   RO         3310    .ARM.Collect$$libinit$$0000000F  c_w.l(libinit2.o)
    0x000001fc   0x0000000c   Code   RO         3311    .ARM.Collect$$libinit$$00000010  c_w.l(libinit2.o)
    0x00000208   0x00000000   Code   RO         3312    .ARM.Collect$$libinit$$00000011  c_w.l(libinit2.o)
    0x00000208   0x00000000   Code   RO         3314    .ARM.Collect$$libinit$$00000013  c_w.l(libinit2.o)
    0x00000208   0x0000000a   Code   RO         3315    .ARM.Collect$$libinit$$00000014  c_w.l(libinit2.o)
    0x00000212   0x00000000   Code   RO         3316    .ARM.Collect$$libinit$$00000015  c_w.l(libinit2.o)
    0x00000212   0x00000000   Code   RO         3318    .ARM.Collect$$libinit$$00000017  c_w.l(libinit2.o)
    0x00000212   0x00000000   Code   RO         3320    .ARM.Collect$$libinit$$00000019  c_w.l(libinit2.o)
    0x00000212   0x00000000   Code   RO         3322    .ARM.Collect$$libinit$$0000001B  c_w.l(libinit2.o)
    0x00000212   0x00000000   Code   RO         3324    .ARM.Collect$$libinit$$0000001D  c_w.l(libinit2.o)
    0x00000212   0x00000000   Code   RO         3326    .ARM.Collect$$libinit$$0000001F  c_w.l(libinit2.o)
    0x00000212   0x00000000   Code   RO         3328    .ARM.Collect$$libinit$$00000021  c_w.l(libinit2.o)
    0x00000212   0x00000004   Code   RO         3329    .ARM.Collect$$libinit$$00000022  c_w.l(libinit2.o)
    0x00000216   0x00000000   Code   RO         3330    .ARM.Collect$$libinit$$00000023  c_w.l(libinit2.o)
    0x00000216   0x00000000   Code   RO         3334    .ARM.Collect$$libinit$$0000002A  c_w.l(libinit2.o)
    0x00000216   0x00000000   Code   RO         3336    .ARM.Collect$$libinit$$0000002C  c_w.l(libinit2.o)
    0x00000216   0x00000000   Code   RO         3338    .ARM.Collect$$libinit$$0000002E  c_w.l(libinit2.o)
    0x00000216   0x00000004   Code   RO         3339    .ARM.Collect$$libinit$$0000002F  c_w.l(libinit2.o)
    0x0000021a   0x00000000   Code   RO         3340    .ARM.Collect$$libinit$$00000030  c_w.l(libinit2.o)
    0x0000021a   0x00000002   Code   RO         3341    .ARM.Collect$$libinit$$00000031  c_w.l(libinit2.o)
    0x0000021c   0x00000000   Code   RO         3570    .ARM.Collect$$libshutdown$$00000003  c_w.l(libshutdown2.o)
    0x0000021c   0x00000000   Code   RO         3235    .ARM.Collect$$rtentry$$00000000  c_w.l(rtentry.o)
    0x0000021c   0x00000000   Code   RO         3458    .ARM.Collect$$rtentry$$00000002  c_w.l(rtentry2.o)
    0x0000021c   0x00000006   Code   RO         3470    .ARM.Collect$$rtentry$$00000004  c_w.l(rtentry4.o)
    0x00000222   0x00000000   Code   RO         3460    .ARM.Collect$$rtentry$$00000009  c_w.l(rtentry2.o)
    0x00000222   0x00000004   Code   RO         3461    .ARM.Collect$$rtentry$$0000000A  c_w.l(rtentry2.o)
    0x00000226   0x00000000   Code   RO         3463    .ARM.Collect$$rtentry$$0000000C  c_w.l(rtentry2.o)
    0x00000226   0x00000008   Code   RO         3464    .ARM.Collect$$rtentry$$0000000D  c_w.l(rtentry2.o)
    0x0000022e   0x00000002   PAD
    0x00000230   0x00000034   Code   RO         3186    .emb_text           c_w.l(rand.o)
    0x00000264   0x00000000   Code   RO         3978    .emb_text           c_w.l(maybetermalloc1.o)
    0x00000264   0x00000078   Code   RO         1431    .text               my_asm.o
    0x000002dc   0x00000018   Code   RO         3117    .text               c_w.l(printf.o)
    0x000002f4   0x00000008   Code   RO         3541    .text               c_w.l(ferror.o)
    0x000002fc   0x00000004   Code   RO         3073    .ARM.__at_0x02FC    startup_LPC17xx.o
    0x00000300   0x00000024   Code   RO         3074    .text               startup_LPC17xx.o
    0x00000324   0x000000ee   Code   RO         3115    .text               c_w.l(lludivv7m.o)
    0x00000412   0x00000002   PAD
    0x00000414   0x00000018   Code   RO         3119    .text               c_w.l(__2printf.o)
    0x0000042c   0x00000052   Code   RO         3129    .text               c_w.l(_printf_str.o)
    0x0000047e   0x00000002   PAD
    0x00000480   0x00000078   Code   RO         3131    .text               c_w.l(_printf_dec.o)
    0x000004f8   0x0000009c   Code   RO         3151    .text               c_w.l(_printf_hex_int_ll_ptr.o)
    0x00000594   0x0000018c   Code   RO         3171    .text               c_w.l(__printf_flags_ss_wp.o)
    0x00000720   0x0000003c   Code   RO         3187    .text               c_w.l(rand.o)
    0x0000075c   0x00000048   Code   RO         3191    .text               c_w.l(strcpy.o)
    0x000007a4   0x0000003e   Code   RO         3193    .text               c_w.l(strlen.o)
    0x000007e2   0x00000096   Code   RO         3195    .text               c_w.l(strncmp.o)
    0x00000878   0x0000008a   Code   RO         3197    .text               c_w.l(rt_memcpy_v6.o)
    0x00000902   0x00000064   Code   RO         3199    .text               c_w.l(rt_memcpy_w.o)
    0x00000966   0x00000010   Code   RO         3201    .text               c_w.l(aeabi_memset.o)
    0x00000976   0x00000056   Code   RO         3203    .text               c_w.l(strncpy.o)
    0x000009cc   0x00000080   Code   RO         3205    .text               c_w.l(strcmpv7m.o)
    0x00000a4c   0x00000024   Code   RO         3212    .text               c_w.l(init_aeabi.o)
    0x00000a70   0x00000052   Code   RO         3240    .text               c_w.l(_printf_pad.o)
    0x00000ac2   0x00000024   Code   RO         3242    .text               c_w.l(_printf_truncate.o)
    0x00000ae6   0x000000b8   Code   RO         3244    .text               c_w.l(_printf_intcommon.o)
    0x00000b9e   0x0000002a   Code   RO         3246    .text               c_w.l(_printf_charcount.o)
    0x00000bc8   0x00000030   Code   RO         3248    .text               c_w.l(_printf_char_common.o)
    0x00000bf8   0x0000000a   Code   RO         3250    .text               c_w.l(_sputc.o)
    0x00000c02   0x0000002c   Code   RO         3252    .text               c_w.l(_printf_char.o)
    0x00000c2e   0x00000002   PAD
    0x00000c30   0x00000024   Code   RO         3254    .text               c_w.l(_printf_char_file.o)
    0x00000c54   0x000000bc   Code   RO         3256    .text               c_w.l(_printf_wctomb.o)
    0x00000d10   0x00000078   Code   RO         3259    .text               c_w.l(_printf_longlong_dec.o)
    0x00000d88   0x00000078   Code   RO         3265    .text               c_w.l(_printf_oct_int_ll.o)
    0x00000e00   0x00000138   Code   RO         3291    .text               c_w.l(initio.o)
    0x00000f38   0x00000044   Code   RO         3297    .text               c_w.l(rt_memclr.o)
    0x00000f7c   0x0000004e   Code   RO         3476    .text               c_w.l(h1_free.o)
    0x00000fca   0x0000008a   Code   RO         3530    .text               c_w.l(lludiv10.o)
    0x00001054   0x00000420   Code   RO         3532    .text               c_w.l(_printf_fp_dec.o)
    0x00001474   0x00000300   Code   RO         3534    .text               c_w.l(_printf_fp_hex.o)
    0x00001774   0x0000002c   Code   RO         3539    .text               c_w.l(_printf_wchar.o)
    0x000017a0   0x000001de   Code   RO         3543    .text               c_w.l(flsbuf.o)
    0x0000197e   0x00000046   Code   RO         3545    .text               c_w.l(setvbuf.o)
    0x000019c4   0x000000ec   Code   RO         3548    .text               c_w.l(fopen.o)
    0x00001ab0   0x0000004c   Code   RO         3550    .text               c_w.l(fclose.o)
    0x00001afc   0x00000040   Code   RO         3558    .text               c_w.l(_wcrtomb.o)
    0x00001b3c   0x0000000e   Code   RO         3560    .text               c_w.l(defsig_rtred_outer.o)
    0x00001b4a   0x0000004e   Code   RO         3564    .text               c_w.l(rt_memclr_w.o)
    0x00001b98   0x00000010   Code   RO         3691    .text               c_w.l(rt_ctype_table.o)
    0x00001ba8   0x00000008   Code   RO         3695    .text               c_w.l(rt_heap_descriptor.o)
    0x00001bb0   0x00000008   Code   RO         3700    .text               c_w.l(rt_locale.o)
    0x00001bb8   0x00000004   Code   RO         3705    .text               c_w.l(hguard.o)
    0x00001bbc   0x0000008a   Code   RO         3707    .text               c_w.l(init_alloc.o)
    0x00001c46   0x0000005e   Code   RO         3713    .text               c_w.l(h1_alloc.o)
    0x00001ca4   0x00000080   Code   RO         3727    .text               c_w.l(_printf_fp_infnan.o)
    0x00001d24   0x0000003c   Code   RO         3731    .text               c_w.l(sscanf.o)
    0x00001d60   0x000000e4   Code   RO         3733    .text               c_w.l(bigflt0.o)
    0x00001e44   0x000000f8   Code   RO         3758    .text               c_w.l(fseek.o)
    0x00001f3c   0x000000f0   Code   RO         3760    .text               c_w.l(stdio.o)
    0x0000202c   0x0000000a   Code   RO         3769    .text               c_w.l(defsig_exit.o)
    0x00002036   0x00000002   PAD
    0x00002038   0x00000034   Code   RO         3775    .text               c_w.l(defsig_rtred_inner.o)
    0x0000206c   0x00000018   Code   RO         3777    .text               c_w.l(assert_stdio.o)
    0x00002084   0x0000000c   Code   RO         3971    .text               c_w.l(sys_exit.o)
    0x00002090   0x0000000e   Code   RO         3980    .text               c_w.l(h1_init.o)
    0x0000209e   0x00000034   Code   RO         3982    .text               c_w.l(h1_extend.o)
    0x000020d2   0x00000014   Code   RO         3988    .text               c_w.l(fprintf.o)
    0x000020e6   0x00000002   PAD
    0x000020e8   0x0000002c   Code   RO         3990    .text               c_w.l(sprintf.o)
    0x00002114   0x00000156   Code   RO         3992    .text               c_w.l(_scanf_longlong.o)
    0x0000226a   0x00000150   Code   RO         3994    .text               c_w.l(_scanf_int.o)
    0x000023ba   0x000000da   Code   RO         3996    .text               c_w.l(_scanf_str.o)
    0x00002494   0x0000002c   Code   RO         3998    .text               c_w.l(scanf_char.o)
    0x000024c0   0x00000040   Code   RO         4000    .text               c_w.l(_sgetc.o)
    0x00002500   0x00000110   Code   RO         4002    .text               c_w.l(_scanf_mbtowc.o)
    0x00002610   0x000000e2   Code   RO         4004    .text               c_w.l(_scanf_wctomb.o)
    0x000026f2   0x000000ca   Code   RO         4006    .text               c_w.l(_scanf_wstr.o)
    0x000027bc   0x00000064   Code   RO         4008    .text               c_w.l(fflush.o)
    0x00002820   0x00000022   Code   RO         4010    .text               c_w.l(fputs.o)
    0x00002842   0x00000046   Code   RO         4012    .text               c_w.l(ftell.o)
    0x00002888   0x00000032   Code   RO         4023    .text               c_w.l(defsig_general.o)
    0x000028ba   0x0000000e   Code   RO         4027    .text               c_w.l(defsig_rtmem_outer.o)
    0x000028c8   0x0000007c   Code   RO         4035    .text               c_w.l(assert.o)
    0x00002944   0x00000050   Code   RO         4037    .text               c_w.l(heapauxa.o)
    0x00002994   0x00000004   Code   RO         4057    .text               cpprt_w.l(arm_bad_typeid_noexceptions.o)
    0x00002998   0x0000000e   Code   RO         4107    .text               c_w.l(sys_wrch.o)
    0x000029a6   0x00000002   Code   RO         4109    .text               c_w.l(use_no_semi.o)
    0x000029a8   0x00000000   Code   RO         4111    .text               c_w.l(indicate_semi.o)
    0x000029a8   0x00000008   Code   RO         4117    .text               c_w.l(rt_errno_addr.o)
    0x000029b0   0x00000016   Code   RO         4124    .text               c_w.l(_rserrno.o)
    0x000029c6   0x00000012   Code   RO         4126    .text               c_w.l(isspace.o)
    0x000029d8   0x0000001c   Code   RO         4128    .text               c_w.l(_chval.o)
    0x000029f4   0x00000370   Code   RO         4130    .text               c_w.l(_scanf.o)
    0x00002d64   0x000004a4   Code   RO         4132    .text               c_w.l(scanf_fp.o)
    0x00003208   0x0000001e   Code   RO         4134    .text               c_w.l(_scanf_wcharmap.o)
    0x00003226   0x0000003c   Code   RO         4136    .text               c_w.l(_mbrtowc.o)
    0x00003262   0x00000010   Code   RO         4138    .text               c_w.l(abort.o)
    0x00003272   0x00000002   PAD
    0x00003274   0x00000050   Code   RO         4140    .text               c_w.l(defsig_rtmem_inner.o)
    0x000032c4   0x0000001a   Code   RO         4153    .text               cpprt_w.l(arm_exceptions_terminate.o)
    0x000032de   0x00000002   PAD
    0x000032e0   0x00000030   Code   RO         4180    .text               c_w.l(defsig_abrt_inner.o)
    0x00003310   0x0000000e   Code   RO         4182    .text               c_w.l(defsig_abrt_outer.o)
    0x0000331e   0x00000002   PAD
    0x00003320   0x00000050   Code   RO         4200    .text               cpprt_w.l(arm_exceptions_globs.o)
    0x00003370   0x00000008   Code   RO         4233    .text               c_w.l(rt_eh_globals_addr.o)
    0x00003378   0x00000314   Code   RO         4238    .text               c_w.l(scanf_hexfp.o)
    0x0000368c   0x0000013c   Code   RO         4240    .text               c_w.l(scanf_infnan.o)
    0x000037c8   0x0000003c   Code   RO         4244    .text               cpprt_w.l(arm_exceptions_mem.o)
    0x00003804   0x00000026   Code   RO         4262    .text               c_w.l(llshl.o)
    0x0000382a   0x0000003e   Code   RO         3736    CL$$btod_d2e        c_w.l(btod.o)
    0x00003868   0x00000046   Code   RO         3738    CL$$btod_d2e_denorm_low  c_w.l(btod.o)
    0x000038ae   0x00000060   Code   RO         3737    CL$$btod_d2e_norm_op1  c_w.l(btod.o)
    0x0000390e   0x00000338   Code   RO         3746    CL$$btod_div_common  c_w.l(btod.o)
    0x00003c46   0x00000002   PAD
    0x00003c48   0x00000054   Code   RO         3744    CL$$btod_e2d        c_w.l(btod.o)
    0x00003c9c   0x000000c6   Code   RO         3743    CL$$btod_e2e        c_w.l(btod.o)
    0x00003d62   0x00000028   Code   RO         3740    CL$$btod_ediv       c_w.l(btod.o)
    0x00003d8a   0x00000028   Code   RO         3742    CL$$btod_edivd      c_w.l(btod.o)
    0x00003db2   0x00000028   Code   RO         3739    CL$$btod_emul       c_w.l(btod.o)
    0x00003dda   0x00000028   Code   RO         3741    CL$$btod_emuld      c_w.l(btod.o)
    0x00003e02   0x00000244   Code   RO         3745    CL$$btod_mult_common  c_w.l(btod.o)
    0x00004046   0x00000002   PAD
    0x00004048   0x0000003c   Code   RO         1867    i.EINT3_IRQHandler  basic_rf.o
    0x00004084   0x00000078   Code   RO         3077    i.SystemInit        system_LPC17xx.o
    0x000040fc   0x0000001c   Code   RO          289    i.TIMER0_IRQHandler  nrk_timer.o
    0x00004118   0x00000018   Code   RO          290    i.TIMER1_IRQHandler  nrk_timer.o
    0x00004130   0x00000010   Code   RO         2945    i._Z10checkPingsi   utsavapi.o
    0x00004140   0x0000001c   Code   RO         2133    i._Z10mrf_cs_seth   mrf24j40.o
    0x0000415c   0x0000006c   Code   RO         2646    i._Z10re_tx_taskv   sendernode.o
    0x000041c8   0x00000018   Code   RO         2947    i._Z10set_StatesPhPj  utsavapi.o
    0x000041e0   0x00000020   Code   RO         1149    i._Z11GPIO_SetDirhjh  ulib.o
    0x00004200   0x00000018   Code   RO         1150    i._Z11GPIO_Togglehj  ulib.o
    0x00004218   0x00000074   Code   RO         2647    i._Z11ack_tx_taskv  sendernode.o
    0x0000428c   0x000000a8   Code   RO         1566    i._Z11bmac_tx_pktPch  bmac.o
    0x00004334   0x00000028   Code   RO         1154    i._Z11set_PinFunchhh  ulib.o
    0x0000435c   0x00000040   Code   RO         2859    i._Z11try_to_sendv  low_level_state.o
    0x0000439c   0x0000006c   Code   RO         1568    i._Z12bmac_nw_taskv  bmac.o
    0x00004408   0x0000000c   Code   RO         1569    i._Z12bmac_startedv  bmac.o
    0x00004414   0x00000028   Code   RO         2134    i._Z12mrf_set_addrt  mrf24j40.o
    0x0000443c   0x000000b4   Code   RO         2135    i._Z12mrf_spi_inithhi  mrf24j40.o
    0x000044f0   0x00000184   Code   RO          489    i._Z12nrk_TCB_initP9task_typePjS1_tPvt  nrk.o
    0x00004674   0x0000000a   Code   RO         1870    i._Z12rf_data_modev  basic_rf.o
    0x0000467e   0x00000002   PAD
    0x00004680   0x00000018   Code   RO         1871    i._Z12rf_rx_packetv  basic_rf.o
    0x00004698   0x0000000a   Code   RO         1872    i._Z12rf_test_modev  basic_rf.o
    0x000046a2   0x00000002   PAD
    0x000046a4   0x0000011c   Code   RO         1873    i._Z12rf_tx_packetP10RF_TX_INFO  basic_rf.o
    0x000047c0   0x00000054   Code   RO         2948    i._Z12set_FuncCodePhPKctPc  utsavapi.o
    0x00004814   0x00000018   Code   RO         2949    i._Z12set_activatePhPKc  utsavapi.o
    0x0000482c   0x00000048   Code   RO         1160    i._Z12setupSPIPinsv  ulib.o
    0x00004874   0x00000046   Code   RO         3795    i._Z12tbc_downcastPvPKSt9type_infoP28a_base_class_traversal_blockPN10__cxxabiv122__base_class_type_infoE  cpprt_w.l(rtti.o)
    0x000048ba   0x00000002   PAD
    0x000048bc   0x0000005c   Code   RO         3034    i._Z13extractPacketPhS_ii  packethandler.o
    0x00004918   0x0000005c   Code   RO         2137    i._Z13mrf_gpio_initv  mrf24j40.o
    0x00004974   0x0000004c   Code   RO         2138    i._Z13mrf_read_longt  mrf24j40.o
    0x000049c0   0x0000001c   Code   RO         2139    i._Z13mrf_reset_seth  mrf24j40.o
    0x000049dc   0x00000030   Code   RO         2140    i._Z13mrf_set_panidt  mrf24j40.o
    0x00004a0c   0x0000001c   Code   RO         2141    i._Z13mrf_spi_writet  mrf24j40.o
    0x00004a28   0x00000018   Code   RO          671    i._Z13nrk_error_addh  nrk_error.o
    0x00004a40   0x00000020   Code   RO          868    i._Z13nrk_idle_taskv  nrk_idle_task.o
    0x00004a60   0x00000022   Code   RO         1874    i._Z13rf_carrier_onv  basic_rf.o
    0x00004a82   0x00000002   PAD
    0x00004a84   0x0000007c   Code   RO         2860    i._Z13send_activatev  low_level_state.o
    0x00004b00   0x00000018   Code   RO          291    i._Z14NVIC_EnableIRQ4IRQn  nrk_timer.o
    0x00004b18   0x0000000c   Code   RO          673    i._Z14_nrk_errno_seth  nrk_error.o
    0x00004b24   0x00000294   Code   RO          887    i._Z14_nrk_schedulerv  nrk_scheduler.o
    0x00004db8   0x0000004c   Code   RO         2825    i._Z14find_next_nodev  middle_level_state.o
    0x00004e04   0x0000003e   Code   RO         2143    i._Z14mrf_read_shorth  mrf24j40.o
    0x00004e42   0x00000050   Code   RO         2144    i._Z14mrf_write_longth  mrf24j40.o
    0x00004e92   0x00000002   PAD
    0x00004e94   0x0000003c   Code   RO          764    i._Z14nrk_event_waitj  nrk_events.o
    0x00004ed0   0x00000004   Code   RO          490    i._Z14nrk_int_enablev  nrk.o
    0x00004ed4   0x0000002c   Code   RO         1165    i._Z14nrk_led_togglei  ulib.o
    0x00004f00   0x00000022   Code   RO         1876    i._Z14rf_carrier_offv  basic_rf.o
    0x00004f22   0x00000002   Code   RO         1570    i._Z14rf_rx_callbackP10RF_RX_INFO  bmac.o
    0x00004f24   0x00000028   Code   RO         1877    i._Z14rf_set_channelh  basic_rf.o
    0x00004f4c   0x00000044   Code   RO         2950    i._Z14set_TaskParamsPhtttt  utsavapi.o
    0x00004f90   0x00000046   Code   RO         1167    i._Z14setup_uartPinsv  ulib.o
    0x00004fd6   0x00000014   Code   RO         1168    i._Z15GPIO_ClearValuehj  ulib.o
    0x00004fea   0x00000002   PAD
    0x00004fec   0x00000034   Code   RO         1169    i._Z15GPIO_GetPointerh  ulib.o
    0x00005020   0x00000014   Code   RO         2650    i._Z15ReadyToSendDatah  sendernode.o
    0x00005034   0x00000028   Code   RO         1571    i._Z15bmac_rx_pkt_getPhS_  bmac.o
    0x0000505c   0x00000040   Code   RO         2145    i._Z15mrf_write_shorthh  mrf24j40.o
    0x0000509c   0x00000042   Code   RO         1170    i._Z15nrk_gpio_togglej  ulib.o
    0x000050de   0x00000004   Code   RO          491    i._Z15nrk_int_disablev  nrk.o
    0x000050e2   0x00000004   Code   RO         1171    i._Z15nrk_setup_portsv  ulib.o
    0x000050e6   0x00000002   Code   RO          913    i._Z15nrk_stack_checkv  nrk_stack_check.o
    0x000050e8   0x0000001c   Code   RO         1878    i._Z15rf_rx_check_ccav  basic_rf.o
    0x00005104   0x00000074   Code   RO         2861    i._Z15send_init_statev  low_level_state.o
    0x00005178   0x00000018   Code   RO         2435    i._Z15set_end_addressj  memory_manager.o
    0x00005190   0x00000058   Code   RO         2509    i._Z15set_task_statesPKcPj  function_manager.o
    0x000051e8   0x000000e8   Code   RO         2652    i._Z15simple_functioni  sendernode.o
    0x000052d0   0x00000026   Code   RO         1172    i._Z16PINSEL_ConfigPinP15PINSEL_CFG_Type  ulib.o
    0x000052f6   0x00000002   PAD
    0x000052f8   0x00000098   Code   RO          292    i._Z16_nrk_setup_timerv  nrk_timer.o
    0x00005390   0x00000024   Code   RO         2862    i._Z16assign_node_taskv  low_level_state.o
    0x000053b4   0x0000004c   Code   RO         1573    i._Z16bmac_task_configv  bmac.o
    0x00005400   0x0000007c   Code   RO         2623    i._Z16checkpoint_stateihj  state_manager.o
    0x0000547c   0x00000034   Code   RO         2146    i._Z16mrf_gpioint_initv  mrf24j40.o
    0x000054b0   0x00000088   Code   RO          767    i._Z16nrk_event_signala  nrk_events.o
    0x00005538   0x00000004   Code   RO          293    i._Z16nrk_spin_wait_usj  nrk_timer.o
    0x0000553c   0x0000000a   Code   RO            2    i._Z16nrk_target_startv  nrk_cpu.o
    0x00005546   0x0000001e   Code   RO            3    i._Z16nrk_task_set_stkP9task_typePjt  nrk_cpu.o
    0x00005564   0x00000028   Code   RO         1881    i._Z16rf_polling_rx_onv  basic_rf.o
    0x0000558c   0x000000bc   Code   RO         2863    i._Z16send_task_paramsv  low_level_state.o
    0x00005648   0x00000014   Code   RO         2952    i._Z16set_MessageTypesPhi  utsavapi.o
    0x0000565c   0x00000028   Code   RO         1174    i._Z16set_ResistorModehhh  ulib.o
    0x00005684   0x0000000a   Code   RO          294    i._Z17_nrk_os_timer_getv  nrk_timer.o
    0x0000568e   0x00000002   PAD
    0x00005690   0x00000014   Code   RO         1574    i._Z17bmac_rx_pkt_readyv  bmac.o
    0x000056a4   0x00000048   Code   RO         2510    i._Z17function_registerPKciPc  function_manager.o
    0x000056ec   0x0000003c   Code   RO         3035    i._Z17initPacketHandlerv  packethandler.o
    0x00005728   0x00000074   Code   RO          949    i._Z17nrk_activate_taskP9task_type  nrk_task.o
    0x0000579c   0x000000b8   Code   RO          950    i._Z17nrk_add_to_readyQa  nrk_task.o
    0x00005854   0x00000030   Code   RO          768    i._Z17nrk_signal_createv  nrk_events.o
    0x00005884   0x00000080   Code   RO            4    i._Z17nrk_task_stk_initPFvvEPjS1_  nrk_cpu.o
    0x00005904   0x00000044   Code   RO          951    i._Z17nrk_wait_until_nwv  nrk_task.o
    0x00005948   0x0000002c   Code   RO         1885    i._Z17rf_set_cca_thresha  basic_rf.o
    0x00005974   0x00000024   Code   RO         1176    i._Z17set_OpenDrainModehhh  ulib.o
    0x00005998   0x00000024   Code   RO         2953    i._Z17set_functionNamesPhPKc  utsavapi.o
    0x000059bc   0x00000064   Code   RO         2437    i._Z17set_start_addressj  memory_manager.o
    0x00005a20   0x00000016   Code   RO         3796    i._Z17tbc_post_downcastPvPKSt9type_infoP28a_base_class_traversal_blockPN10__cxxabiv122__base_class_type_infoE  cpprt_w.l(rtti.o)
    0x00005a36   0x00000002   PAD
    0x00005a38   0x000001b4   Code   RO         2653    i._Z17top_level_sm_taskv  sendernode.o
    0x00005bec   0x00000040   Code   RO         1070    i._Z18_nrk_time_to_ticksP10nrk_time_t  nrk_time.o
    0x00005c2c   0x0000008c   Code   RO         2864    i._Z18any_functions_leftv  low_level_state.o
    0x00005cb8   0x00000144   Code   RO         2654    i._Z18nrk_create_tasksetv  sendernode.o
    0x00005dfc   0x000000c4   Code   RO         2511    i._Z18register_referencePKcS0_i  function_manager.o
    0x00005ec0   0x00000020   Code   RO         1887    i._Z18rf_auto_ack_enablev  basic_rf.o
    0x00005ee0   0x000000b0   Code   RO         1888    i._Z18rf_parse_rx_packetv  basic_rf.o
    0x00005f90   0x000000a8   Code   RO         2865    i._Z18send_function_codev  low_level_state.o
    0x00006038   0x00000020   Code   RO         1576    i._Z19_bmac_channel_checkv  bmac.o
    0x00006058   0x00000010   Code   RO          299    i._Z19_nrk_os_timer_resetv  nrk_timer.o
    0x00006068   0x0000000e   Code   RO          300    i._Z19_nrk_os_timer_startv  nrk_timer.o
    0x00006076   0x00000002   PAD
    0x00006078   0x0000000c   Code   RO         1577    i._Z19bmac_rx_pkt_releasev  bmac.o
    0x00006084   0x0000000a   Code   RO         1579    i._Z19bmac_set_cca_thresha  bmac.o
    0x0000608e   0x00000002   PAD
    0x00006090   0x00000094   Code   RO         2512    i._Z19get_function_handlePKci  function_manager.o
    0x00006124   0x00000054   Code   RO          953    i._Z19nrk_rem_from_readyQa  nrk_task.o
    0x00006178   0x00000028   Code   RO          770    i._Z19nrk_signal_registera  nrk_events.o
    0x000061a0   0x00000020   Code   RO         1890    i._Z19rf_auto_ack_disablev  basic_rf.o
    0x000061c0   0x00000098   Code   RO         2866    i._Z19send_function_namesv  low_level_state.o
    0x00006258   0x0000000c   Code   RO          303    i._Z20_nrk_get_next_wakeupv  nrk_timer.o
    0x00006264   0x0000000a   Code   RO          304    i._Z20_nrk_set_next_wakeuph  nrk_timer.o
    0x0000626e   0x00000002   PAD
    0x00006270   0x00000124   Code   RO         3036    i._Z20createNextTaskPacketPcPhii  packethandler.o
    0x00006394   0x0000000c   Code   RO          675    i._Z20nrk_kernel_error_addhh  nrk_error.o
    0x000063a0   0x00000044   Code   RO          955    i._Z20nrk_wait_until_tickst  nrk_task.o
    0x000063e4   0x0000000a   Code   RO         1583    i._Z21bmac_auto_ack_disablev  bmac.o
    0x000063ee   0x00000002   PAD
    0x000063f0   0x00000034   Code   RO         2513    i._Z21find_unassigned_tasksv  function_manager.o
    0x00006424   0x00000010   Code   RO         2514    i._Z21function_manager_initv  function_manager.o
    0x00006434   0x00000218   Code   RO         2867    i._Z21low_level_take_actionv  low_level_state.o
    0x0000664c   0x0000000c   Code   RO         2868    i._Z21send_low_level_signal16LOW_LEVEL_SIGNAL  low_level_state.o
    0x00006658   0x0000000c   Code   RO         2655    i._Z21send_top_level_signal16TOP_LEVEL_SIGNAL  sendernode.o
    0x00006664   0x0000007c   Code   RO         2656    i._Z21simple_function_setupv  sendernode.o
    0x000066e0   0x00000024   Code   RO         2657    i._Z21startDataTransmissionii  sendernode.o
    0x00006704   0x000000a8   Code   RO         3797    i._Z21traverse_base_classesPvPKSt9type_infoP28a_base_class_traversal_blockPN10__cxxabiv122__base_class_type_infoE  cpprt_w.l(rtti.o)
    0x000067ac   0x00000020   Code   RO         1586    i._Z22bmac_rx_pkt_set_bufferPch  bmac.o
    0x000067cc   0x00000034   Code   RO         3037    i._Z22calculateNumberPacketsi  packethandler.o
    0x00006800   0x0000001c   Code   RO         2658    i._Z22checkReceivedDataReadyh  sendernode.o
    0x0000681c   0x00000078   Code   RO            5    i._Z22nrk_stack_pointer_initv  nrk_cpu.o
    0x00006894   0x00000016   Code   RO         1895    i._Z22rf_addr_decode_disablev  basic_rf.o
    0x000068aa   0x00000002   PAD
    0x000068ac   0x00000064   Code   RO         2515    i._Z22task_function_registerPKciPc  function_manager.o
    0x00006910   0x00000014   Code   RO         1053    i._Z23_nrk_wait_for_schedulerv  nrk_task.o
    0x00006924   0x00000018   Code   RO         1592    i._Z23bmac_get_tx_done_signalv  bmac.o
    0x0000693c   0x000000c0   Code   RO         3798    i._Z23find_base_class_at_addrPvS_PKSt9type_infoS2_Pi  cpprt_w.l(rtti.o)
    0x000069fc   0x000000b8   Code   RO         2869    i._Z23send_task_function_codev  low_level_state.o
    0x00006ab4   0x00000014   Code   RO         2954    i._Z23set_number_of_functionsPhh  utsavapi.o
    0x00006ac8   0x00000098   Code   RO         2826    i._Z24middle_level_take_actionv  middle_level_state.o
    0x00006b60   0x0000000c   Code   RO         2827    i._Z24send_middle_level_signal19MIDDLE_LEVEL_SIGNAL  middle_level_state.o
    0x00006b6c   0x00000014   Code   RO          306    i._Z25_nrk_high_speed_timer_getv  nrk_timer.o
    0x00006b80   0x00000032   Code   RO          307    i._Z25nrk_high_speed_timer_waittt  nrk_timer.o
    0x00006bb2   0x00000002   PAD
    0x00006bb4   0x00000070   Code   RO            6    i._Z25nrk_stack_pointer_restorev  nrk_cpu.o
    0x00006c24   0x00000064   Code   RO         2517    i._Z25set_scheduling_parametersPKctttt  function_manager.o
    0x00006c88   0x00000030   Code   RO         2518    i._Z26find_first_unassigned_taskv  function_manager.o
    0x00006cb8   0x0000000c   Code   RO          956    i._Z26nrk_get_high_ready_task_IDv  nrk_task.o
    0x00006cc4   0x00000044   Code   RO          957    i._Z26nrk_wait_until_next_periodv  nrk_task.o
    0x00006d08   0x00000018   Code   RO          309    i._Z27_nrk_high_speed_timer_resetv  nrk_timer.o
    0x00006d20   0x00000004   Code   RO            7    i._Z27nrk_task_set_entry_functionP9task_typePFvvE  nrk_cpu.o
    0x00006d24   0x000001ec   Code   RO         3799    i._Z28derived_to_base_conversion_rPvPS_PKSt9type_infoS3_jPiiPS3_P19a_result_virtualityS4_  cpprt_w.l(rtti.o)
    0x00006f10   0x0000004c   Code   RO          958    i._Z29nrk_wait_until_next_n_periodst  nrk_task.o
    0x00006f5c   0x00000054   Code   RO         2660    i._Z31check_and_send_node_died_signali  sendernode.o
    0x00006fb0   0x0000002c   Code   RO         2661    i._Z4initv          sendernode.o
    0x00006fdc   0x00000024   Code   RO         1601    i._Z6_b_powh        bmac.o
    0x00007000   0x00000002   Code   RO         1127    i._Z7halWaitt       hal_wait.o
    0x00007002   0x00000002   PAD
    0x00007004   0x000000a0   Code   RO         1186    i._Z7initLEDv       ulib.o
    0x000070a4   0x00000050   Code   RO         1900    i._Z7rf_initP10RF_RX_INFOhtt  basic_rf.o
    0x000070f4   0x00000230   Code   RO         2662    i._Z7rx_taskv       sendernode.o
    0x00007324   0x00000138   Code   RO         2663    i._Z7tx_taskv       sendernode.o
    0x0000745c   0x00000068   Code   RO         1602    i._Z8_bmac_rxv      bmac.o
    0x000074c4   0x000000c8   Code   RO         1603    i._Z8_bmac_txv      bmac.o
    0x0000758c   0x000000a8   Code   RO         2664    i._Z8evm_initv      sendernode.o
    0x00007634   0x00000020   Code   RO         2147    i._Z8mrf_initv      mrf24j40.o
    0x00007654   0x0000002a   Code   RO         2148    i._Z8mrf_rssiv      mrf24j40.o
    0x0000767e   0x00000002   PAD
    0x00007680   0x000000ac   Code   RO          493    i._Z8nrk_initv      nrk.o
    0x0000772c   0x00000054   Code   RO          959    i._Z8nrk_wait10nrk_time_t  nrk_task.o
    0x00007780   0x0000001c   Code   RO         1901    i._Z8rf_rx_onv      basic_rf.o
    0x0000779c   0x00000004   Code   RO         2665    i._Z8test_refv      sendernode.o
    0x000077a0   0x00000016   Code   RO         1187    i._Z9PORT_INITv     ulib.o
    0x000077b6   0x00000002   PAD
    0x000077b8   0x000000d0   Code   RO         1604    i._Z9bmac_inith     bmac.o
    0x00007888   0x0000007c   Code   RO         2624    i._Z9get_stateihPj  state_manager.o
    0x00007904   0x0000009c   Code   RO         1189    i._Z9initDEBUGv     ulib.o
    0x000079a0   0x000000de   Code   RO         2150    i._Z9mrf_resetv     mrf24j40.o
    0x00007a7e   0x00000002   PAD
    0x00007a80   0x00000088   Code   RO          494    i._Z9nrk_startv     nrk.o
    0x00007b08   0x00000028   Code   RO         2955    i._Z9reduceTTLv     utsavapi.o
    0x00007b30   0x0000001c   Code   RO         1902    i._Z9rf_rx_offv     basic_rf.o
    0x00007b4c   0x00000004   Code   RO         2666    i._Z9test_ref2v     sendernode.o
    0x00007b50   0x00000018   Code   RO         2290    i._ZN3IAP7prepareEii  iap.o
    0x00007b68   0x00000030   Code   RO         3616    i._ZN4mbed4Base5clearEPKcPc  mbed.ar(Base.cpp.lpc1768.arm.o)
    0x00007b98   0x00000038   Code   RO         3617    i._ZN4mbed4Base6lookupEPKcj  mbed.ar(Base.cpp.lpc1768.arm.o)
    0x00007bd0   0x00000040   Code   RO         3620    i._ZN4mbed4Base9list_objsEPKcPc  mbed.ar(Base.cpp.lpc1768.arm.o)
    0x00007c10   0x00000020   Code   RO         4070    i._ZNKSt9type_infoeqERKS_  cpprt_w.l(type_info_eq.o)
    0x00007c30   0x00000008   Code   RO         4046    i._ZdaPv            cpprt_w.l(array_del.o)
    0x00007c38   0x00000008   Code   RO         3789    i._ZdlPv            cpprt_w.l(delete.o)
    0x00007c40   0x00000020   Code   RO         3820    i.__ARM_common_get_typeid  cpprt_w.l(rtti.o)
    0x00007c60   0x00000028   Code   RO         3925    i.__ARM_fpclassify  m_ws.l(fpclassify.o)
    0x00007c88   0x00000070   Code   RO         3800    i.__derived_to_base_conversion  cpprt_w.l(rtti.o)
    0x00007cf8   0x000000b0   Code   RO         3801    i.__dynamic_cast    cpprt_w.l(rtti.o)
    0x00007da8   0x00000010   Code   RO         4286    i.__mathlib_dbl_underflow  m_ws.l(dunder.o)
    0x00007db8   0x0000000a   Code   RO         4174    i.__mathlib_flt_underflow  m_ws.l(funder.o)
    0x00007dc2   0x00000010   Code   RO         4227    i.__mathlib_narrow  m_ws.l(narrow.o)
    0x00007dd2   0x00000002   PAD
    0x00007dd4   0x00000088   Code   RO         4228    i.__mathlib_tofloat  m_ws.l(narrow.o)
    0x00007e5c   0x00000024   Code   RO         2438    i.__sti___18_memory_manager_cpp  memory_manager.o
    0x00007e80   0x00000016   Code   RO         4273    i.__support_ldexp   m_ws.l(ldexp.o)
    0x00007e96   0x00000002   PAD
    0x00007e98   0x0000000c   Code   RO         3081    i.__user_setup_stackheap  stackheap.o
    0x00007ea4   0x0000000e   Code   RO         3164    i._is_digit         c_w.l(__printf_wp.o)
    0x00007eb2   0x00000004   Code   RO          495    i._nrk_timer_tick   nrk.o
    0x00007eb6   0x00000002   PAD
    0x00007eb8   0x0000002c   Code   RO         3361    i._sys_close        mbed.ar(stdio.cpp.lpc1768.arm.o)
    0x00007ee4   0x00000028   Code   RO         3364    i._sys_flen         mbed.ar(stdio.cpp.lpc1768.arm.o)
    0x00007f0c   0x00000028   Code   RO         3365    i._sys_istty        mbed.ar(stdio.cpp.lpc1768.arm.o)
    0x00007f34   0x00000184   Code   RO         3366    i._sys_open         mbed.ar(stdio.cpp.lpc1768.arm.o)
    0x000080b8   0x0000002c   Code   RO         3368    i._sys_seek         mbed.ar(stdio.cpp.lpc1768.arm.o)
    0x000080e4   0x00000054   Code   RO         3369    i._sys_write        mbed.ar(stdio.cpp.lpc1768.arm.o)
    0x00008138   0x00000016   Code   RO         3608    i.exit              capi.ar(exit.c.lpc1768.arm.o)
    0x0000814e   0x0000001a   Code   RO         3288    i.fputc             c_w.l(fputc.o)
    0x00008168   0x00000058   Code   RO         4259    i.frexp             m_ws.l(frexp.o)
    0x000081c0   0x00000030   Code   RO         4099    i.gpio_output       capi.ar(gpio_api.c.lpc1768.arm.o)
    0x000081f0   0x00000018   Code   RO         4101    i.gpio_write        capi.ar(gpio_api.c.lpc1768.arm.o)
    0x00008208   0x0000007e   Code   RO         4274    i.ldexp             m_ws.l(ldexp.o)
    0x00008286   0x00000002   PAD
    0x00008288   0x00000100   Code   RO         2667    i.main              sendernode.o
    0x00008388   0x00000078   Code   RO         3927    i.mbed_die          capi.ar(utils_api.c.lpc1768.arm.o)
    0x00008400   0x00000038   Code   RO         3961    i.pin_function      capi.ar(pinmap.c.lpc1768.arm.o)
    0x00008438   0x00000038   Code   RO         3962    i.pin_mode          capi.ar(pinmap.c.lpc1768.arm.o)
    0x00008470   0x0000003c   Code   RO         3963    i.pinmap_merge      capi.ar(pinmap.c.lpc1768.arm.o)
    0x000084ac   0x00000058   Code   RO         3964    i.pinmap_peripheral  capi.ar(pinmap.c.lpc1768.arm.o)
    0x00008504   0x000000a4   Code   RO         3965    i.pinmap_pinout     capi.ar(pinmap.c.lpc1768.arm.o)
    0x000085a8   0x0000005a   Code   RO         4090    i.scalbnf           m_ws.l(scalbnf.o)
    0x00008602   0x0000000c   Code   RO         3937    i.semihost_exit     capi.ar(semihost_api.c.lpc1768.arm.o)
    0x0000860e   0x00000002   PAD
    0x00008610   0x00000100   Code   RO         3587    i.serial_baud       capi.ar(serial_api.c.lpc1768.arm.o)
    0x00008710   0x00000094   Code   RO         3589    i.serial_format     capi.ar(serial_api.c.lpc1768.arm.o)
    0x000087a4   0x000000e4   Code   RO         3592    i.serial_init       capi.ar(serial_api.c.lpc1768.arm.o)
    0x00008888   0x0000000c   Code   RO         3594    i.serial_putc       capi.ar(serial_api.c.lpc1768.arm.o)
    0x00008894   0x00000014   Code   RO         3100    i.timer_frequency   capi.ar(timer_api.c.lpc1768.arm.o)
    0x000088a8   0x00000070   Code   RO         3101    i.timer_init        capi.ar(timer_api.c.lpc1768.arm.o)
    0x00008918   0x00000004   Code   RO         3102    i.timer_read        capi.ar(timer_api.c.lpc1768.arm.o)
    0x0000891c   0x0000000c   Code   RO         3103    i.timer_start       capi.ar(timer_api.c.lpc1768.arm.o)
    0x00008928   0x00000038   Code   RO         3096    i.us_ticker_read    capi.ar(us_ticker_api.c.lpc1768.arm.o)
    0x00008960   0x0000001c   Code   RO         3091    i.wait_ms           capi.ar(wait_api.c.lpc1768.arm.o)
    0x0000897c   0x00000016   Code   RO         3092    i.wait_us           capi.ar(wait_api.c.lpc1768.arm.o)
    0x00008992   0x00000002   PAD
    0x00008994   0x0000002c   Code   RO         3767    locale$$code        c_w.l(lc_numeric_c.o)
    0x000089c0   0x0000002c   Code   RO         4019    locale$$code        c_w.l(lc_ctype_c.o)
    0x000089ec   0x00000062   Code   RO         4250    x$fpl$d2f           fz_ws.l(d2f.o)
    0x00008a4e   0x00000002   PAD
    0x00008a50   0x00000010   Code   RO         4284    x$fpl$dcheck1       fz_ws.l(dcheck1.o)
    0x00008a60   0x00000018   Code   RO         4264    x$fpl$dcmpinf       fz_ws.l(dcmpi.o)
    0x00008a78   0x00000078   Code   RO         4252    x$fpl$deqf          fz_ws.l(deqf.o)
    0x00008af0   0x00000078   Code   RO         4266    x$fpl$dleqf         fz_ws.l(dleqf.o)
    0x00008b68   0x0000009c   Code   RO         3342    x$fpl$dnaninf       fz_ws.l(dnaninf.o)
    0x00008c04   0x0000006c   Code   RO         4254    x$fpl$drleqf        fz_ws.l(drleqf.o)
    0x00008c70   0x000000c4   Code   RO         4073    x$fpl$fadd          fz_ws.l(faddsub_clz.o)
    0x00008d34   0x0000000c   Code   RO         4216    x$fpl$fcheck1       fz_ws.l(fcheck1.o)
    0x00008d40   0x00000184   Code   RO         4080    x$fpl$fdiv          fz_ws.l(fdiv.o)
    0x00008ec4   0x00000036   Code   RO         4083    x$fpl$ffix          fz_ws.l(ffix.o)
    0x00008efa   0x00000002   PAD
    0x00008efc   0x00000030   Code   RO         3228    x$fpl$fflt          fz_ws.l(fflt_clz.o)
    0x00008f2c   0x00000026   Code   RO         3227    x$fpl$ffltu         fz_ws.l(fflt_clz.o)
    0x00008f52   0x00000002   PAD
    0x00008f54   0x00000102   Code   RO         3233    x$fpl$fmul          fz_ws.l(fmul.o)
    0x00009056   0x0000008c   Code   RO         3346    x$fpl$fnaninf       fz_ws.l(fnaninf.o)
    0x000090e2   0x0000000a   Code   RO         3348    x$fpl$fretinf       fz_ws.l(fretinf.o)
    0x000090ec   0x000000ea   Code   RO         4075    x$fpl$fsub          fz_ws.l(faddsub_clz.o)
    0x000091d6   0x00000004   Code   RO         3350    x$fpl$printf1       fz_ws.l(printf1.o)
    0x000091da   0x00000004   Code   RO         3352    x$fpl$printf2       fz_ws.l(printf2.o)
    0x000091de   0x00000064   Code   RO         4256    x$fpl$retnan        fz_ws.l(retnan.o)
    0x00009242   0x0000005c   Code   RO         4268    x$fpl$scalbn        fz_ws.l(scalbn.o)
    0x0000929e   0x0000004c   Code   RO         4172    x$fpl$scalbnf       fz_ws.l(scalbnf.o)
    0x000092ea   0x00000004   Code   RO         4087    x$fpl$scanf1        fz_ws.l(scanf1.o)
    0x000092ee   0x00000008   Code   RO         4221    x$fpl$scanf2        fz_ws.l(scanf2.o)
    0x000092f6   0x00000030   Code   RO         4270    x$fpl$trapveneer    fz_ws.l(trapv.o)
    0x00009326   0x00000000   Code   RO         3358    x$fpl$usenofp       fz_ws.l(usenofp.o)
    0x00009326   0x00000028   Data   RO         3152    .constdata          c_w.l(_printf_hex_int_ll_ptr.o)
    0x0000934e   0x00000011   Data   RO         3172    .constdata          c_w.l(__printf_flags_ss_wp.o)
    0x0000935f   0x00000001   PAD
    0x00009360   0x00000008   Data   RO         3257    .constdata          c_w.l(_printf_wctomb.o)
    0x00009368   0x00000017   Data   RO         3420    .constdata          mbed.ar(stdio.cpp.lpc1768.arm.o)
    0x0000937f   0x00000026   Data   RO         3535    .constdata          c_w.l(_printf_fp_hex.o)
    0x000093a5   0x00000003   PAD
    0x000093a8   0x00000154   Data   RO         3597    .constdata          capi.ar(serial_api.c.lpc1768.arm.o)
    0x000094fc   0x00000018   Data   RO         3643    .constdata          mbed.ar(Base.cpp.lpc1768.arm.o)
    0x00009514   0x00000094   Data   RO         3734    .constdata          c_w.l(bigflt0.o)
    0x000095a8   0x0000000c   Data   RO         3907    .constdata__ZTIN10__cxxabiv117__class_type_infoE  cpprt_w.l(lib_rtti_impl.o)
    0x000095b4   0x0000000c   Data   RO         3908    .constdata__ZTIN10__cxxabiv120__si_class_type_infoE  cpprt_w.l(lib_rtti_impl.o)
    0x000095c0   0x0000000c   Data   RO         3909    .constdata__ZTIN10__cxxabiv121__vmi_class_type_infoE  cpprt_w.l(lib_rtti_impl.o)
    0x000095cc   0x00000008   Data   RO         3451    .constdata__ZTIN4mbed10FileHandleE  mbed.ar(stdio.cpp.lpc1768.arm.o)
    0x000095d4   0x0000000c   Data   RO         3450    .constdata__ZTIN4mbed14FileSystemLikeE  mbed.ar(stdio.cpp.lpc1768.arm.o)
    0x000095e0   0x00000008   Data   RO         3668    .constdata__ZTIN4mbed4BaseE  mbed.ar(Base.cpp.lpc1768.arm.o)
    0x000095e8   0x00000020   Data   RO         3449    .constdata__ZTIN4mbed8FileLikeE  mbed.ar(stdio.cpp.lpc1768.arm.o)
    0x00009608   0x00000008   Data   RO         4068    .constdata__ZTISt9type_info  cpprt_w.l(type_info_dtor.o)
    0x00009610   0x00000022   Data   RO         3917    .constdata__ZTSN10__cxxabiv117__class_type_infoE  cpprt_w.l(lib_rtti_impl.o)
    0x00009632   0x00000025   Data   RO         3918    .constdata__ZTSN10__cxxabiv120__si_class_type_infoE  cpprt_w.l(lib_rtti_impl.o)
    0x00009657   0x00000026   Data   RO         3919    .constdata__ZTSN10__cxxabiv121__vmi_class_type_infoE  cpprt_w.l(lib_rtti_impl.o)
    0x0000967d   0x00000014   Data   RO         3454    .constdata__ZTSN4mbed10FileHandleE  mbed.ar(stdio.cpp.lpc1768.arm.o)
    0x00009691   0x00000018   Data   RO         3453    .constdata__ZTSN4mbed14FileSystemLikeE  mbed.ar(stdio.cpp.lpc1768.arm.o)
    0x000096a9   0x0000000d   Data   RO         3672    .constdata__ZTSN4mbed4BaseE  mbed.ar(Base.cpp.lpc1768.arm.o)
    0x000096b6   0x00000011   Data   RO         3452    .constdata__ZTSN4mbed8FileLikeE  mbed.ar(stdio.cpp.lpc1768.arm.o)
    0x000096c7   0x0000000d   Data   RO         4069    .constdata__ZTSSt9type_info  cpprt_w.l(type_info_dtor.o)
    0x000096d4   0x00000010   Data   RO         3892    .constdata__ZTVN10__cxxabiv117__class_type_infoE  cpprt_w.l(lib_rtti_impl.o)
    0x000096e4   0x00000010   Data   RO         3894    .constdata__ZTVN10__cxxabiv120__si_class_type_infoE  cpprt_w.l(lib_rtti_impl.o)
    0x000096f4   0x00000010   Data   RO         3896    .constdata__ZTVN10__cxxabiv121__vmi_class_type_infoE  cpprt_w.l(lib_rtti_impl.o)
    0x00009704   0x0000000e   Data   RO         3645    .conststring        mbed.ar(Base.cpp.lpc1768.arm.o)
    0x00009712   0x00000005   Data   RO         3646    .conststring        mbed.ar(Base.cpp.lpc1768.arm.o)
    0x00009717   0x00000001   PAD
    0x00009718   0x00000020   Data   RO         4289    Region$$Table       anon$$obj.o
    0x00009738   0x00000008   Data   RO         4218    c$$dinf             fz_ws.l(fpconst.o)
    0x00009740   0x0000001c   Data   RO         3766    locale$$data        c_w.l(lc_numeric_c.o)
    0x0000975c   0x00000110   Data   RO         4018    locale$$data        c_w.l(lc_ctype_c.o)
    0x0000986c   0x00000004   Data   RO         2447    .init_array         memory_manager.o


    Execution Region RW_IRAM1 (Base: 0x10000000, Size: 0x00006004, Max: 0x00008000, ABSOLUTE, COMPRESSED[0x00000060])

    Base Addr    Size         Type   Attr      Idx    E Section Name        Object

    0x10000000   0x000000c4   Data   RW         3087    .ARM.__AT_0x10000000  cmsis_nvic.o
    0x100000c4   0x00000002   Data   RW          333    .data               nrk_timer.o
    0x100000c6   0x00000002   PAD
    0x100000c8   0x00000004   Data   RW          506    .data               nrk.o
    0x100000cc   0x00000001   Data   RW          507    .data               nrk.o
    0x100000cd   0x00000003   PAD
    0x100000d0   0x00000014   Data   RW          508    .data               nrk.o
    0x100000e4   0x00000008   Data   RW          511    .data               nrk.o
    0x100000ec   0x00000002   Data   RW          689    .data               nrk_error.o
    0x100000ee   0x00000002   PAD
    0x100000f0   0x00000004   Data   RW          787    .data               nrk_events.o
    0x100000f4   0x00000008   Data   RW          889    .data               nrk_scheduler.o
    0x100000fc   0x00000018   Data   RW         1646    .data               bmac.o
    0x10000114   0x00000006   Data   RW         1942    .data               basic_rf.o
    0x1000011a   0x00000004   Data   RW         2173    .data               mrf24j40.o
    0x1000011e   0x00000002   PAD
    0x10000120   0x00000088   Data   RW         2446    .data               memory_manager.o
    0x100001a8   0x00000008   Data   RW         2531    .data               function_manager.o
    0x100001b0   0x0000001c   Data   RW         2691    .data               sendernode.o
    0x100001cc   0x0000000c   Data   RW         2831    .data               middle_level_state.o
    0x100001d8   0x0000000c   Data   RW         2881    .data               low_level_state.o
    0x100001e4   0x00000008   Data   RW         2967    .data               utsavapi.o
    0x100001ec   0x00000005   Data   RW         3043    .data               packethandler.o
    0x100001f1   0x00000003   PAD
    0x100001f4   0x00000004   Data   RW         3078    .data               system_LPC17xx.o
    0x100001f8   0x00000004   Data   RW         3097    .data               capi.ar(us_ticker_api.c.lpc1768.arm.o)
    0x100001fc   0x00000004   Data   RW         3183    .data               c_w.l(stdio_streams.o)
    0x10000200   0x00000004   Data   RW         3184    .data               c_w.l(stdio_streams.o)
    0x10000204   0x00000004   Data   RW         3185    .data               c_w.l(stdio_streams.o)
    0x10000208   0x00000008   Data   RW         3647    .data               mbed.ar(Base.cpp.lpc1768.arm.o)
    0x10000210   0x0000000c   Data   RW         3648    .data               mbed.ar(Base.cpp.lpc1768.arm.o)
    0x1000021c   0x00000004   Data   RW         4038    .data               c_w.l(heapauxa.o)
    0x10000220   0x00000080   Zero   RW          504    .bss                nrk.o
    0x100002a0   0x000002bc   Zero   RW          505    .bss                nrk.o
    0x1000055c   0x00000148   Zero   RW         1645    .bss                bmac.o
    0x100006a4   0x0000000c   Zero   RW         1941    .bss                basic_rf.o
    0x100006b0   0x00000030   Zero   RW         2445    .bss                memory_manager.o
    0x100006e0   0x00000f78   Zero   RW         2530    .bss                function_manager.o
    0x10001658   0x00000190   Zero   RW         2627    .bss                state_manager.o
    0x100017e8   0x00001daf   Zero   RW         2690    .bss                sendernode.o
    0x10003597   0x00000001   PAD
    0x10003598   0x0000003c   Zero   RW         3042    .bss                packethandler.o
    0x100035d4   0x00000054   Zero   RW         3180    .bss                c_w.l(stdio_streams.o)
    0x10003628   0x00000054   Zero   RW         3181    .bss                c_w.l(stdio_streams.o)
    0x1000367c   0x00000054   Zero   RW         3182    .bss                c_w.l(stdio_streams.o)
    0x100036d0   0x000000e4   Zero   RW         3188    .bss                c_w.l(rand.o)
    0x100037b4   0x00000040   Zero   RW         3419    .bss                mbed.ar(stdio.cpp.lpc1768.arm.o)
    0x100037f4   0x00000004   Zero   RW         3696    .bss                c_w.l(rt_heap_descriptor.o)
    0x100037f8   0x00000014   Zero   RW         3701    .bss                c_w.l(rt_locale.o)
    0x1000380c   0x00000004   Zero   RW         4118    .bss                c_w.l(rt_errno_addr.o)
    0x10003810   0x00000004   Zero   RW         4234    .bss                c_w.l(rt_eh_globals_addr.o)
    0x10003814   0x000027ec   PAD
    0x10006000   0x00000004   Zero   RW         2519    .ARM.__AT_0x10006000  function_manager.o


    Execution Region RW_IRAM2 (Base: 0x2007c000, Size: 0x00000000, Max: 0x00004000, ABSOLUTE)

    **** No section assigned to this execution region ****


    Execution Region RW_IRAM3 (Base: 0x20080000, Size: 0x00000000, Max: 0x00004000, ABSOLUTE)

    **** No section assigned to this execution region ****


    Execution Region RW_IRAM4 (Base: 0x40038000, Size: 0x00000000, Max: 0x00000800, ABSOLUTE)

    **** No section assigned to this execution region ****



  Load Region LR$$.ARM.__at_0x00078000 (Base: 0x00078000, Size: 0x00000000, Max: 0x00008000, ABSOLUTE)

    Execution Region ER$$.ARM.__at_0x00078000 (Base: 0x00078000, Size: 0x00008000, Max: 0x00008000, ABSOLUTE, UNINIT)

    Base Addr    Size         Type   Attr      Idx    E Section Name        Object

    0x00078000   0x00008000   Zero   RW         2292    .ARM.__at_0x00078000  iap.o


==============================================================================

Image component sizes


      Code (inc. data)   RO Data    RW Data    ZI Data      Debug   Object Name

      1006        106          0          6         12      12702   basic_rf.o
      1094        250          0         24        328      12473   bmac.o
         0          0          0        196          0          0   cmsis_nvic.o
       820        202          0          8       3964       7203   function_manager.o
         2          0          0          0          0        454   hal_wait.o
        24          0          0          0      32768       4148   iap.o
      1720        626          0         12          0       7345   low_level_state.o
       160         26          4        136         48       3681   memory_manager.o
       240         92          0         12          0       1682   middle_level_state.o
      1074         70          0          4          0       9449   mrf24j40.o
       120         14          0          0          0        284   my_asm.o
       708         38          0         33        828       5733   nrk.o
       404         26          0          0          0      36842   nrk_cpu.o
        48         18          0          2          0       2507   nrk_error.o
       284         32          0          4          0       2749   nrk_events.o
        32          6          0          0          0        516   nrk_idle_task.o
       660         40          0          8          0       1462   nrk_scheduler.o
         2          0          0          0          0        454   nrk_stack_check.o
       780         82          0          0          0       7260   nrk_task.o
        64          8          0          0          0       1830   nrk_time.o
       388         38          0          2          0      12917   nrk_timer.o
       496        134          0          5         60       3517   packethandler.o
      2868        980          0         28       7599      13647   sendernode.o
        12          4          0          0          0         60   stackheap.o
        40         12        196          0          0        220   startup_LPC17xx.o
       248        154          0          0        400       2212   state_manager.o
       120         10          0          4          0         60   system_LPC17xx.o
       876         38          0          0          0      10638   ulib.o
       332         46          0          8          0       5440   utsavapi.o

    ----------------------------------------------------------------------
     14658       3052        232        504      46008     167485   Object Totals
         0          0         32          0          0          0   (incl. Generated)
        36          0          0         12          1          0   (incl. Padding)

    ----------------------------------------------------------------------

      Code (inc. data)   RO Data    RW Data    ZI Data      Debug   Library Member Name

        24          4          0          0          0         84   __2printf.o
        58          0          0          0          0          0   __dczerorl.o
         8          0          0          0          0         68   __main.o
       396          6         17          0          0         92   __printf_flags_ss_wp.o
        14          0          0          0          0         68   __printf_wp.o
        52          8          0          0          0          0   __scatter.o
        28          0          0          0          0          0   __scatter_zi.o
        28          0          0          0          0         68   _chval.o
        60          0          0          0          0         92   _mbrtowc.o
         6          0          0          0          0          0   _printf_a.o
         6          0          0          0          0          0   _printf_c.o
        44          0          0          0          0        108   _printf_char.o
        48          6          0          0          0         96   _printf_char_common.o
        36          4          0          0          0         80   _printf_char_file.o
        42          0          0          0          0         68   _printf_charcount.o
         6          0          0          0          0          0   _printf_d.o
       120         18          0          0          0         92   _printf_dec.o
         6          0          0          0          0          0   _printf_e.o
         6          0          0          0          0          0   _printf_f.o
      1056          0          0          0          0        216   _printf_fp_dec.o
       768          8         38          0          0        100   _printf_fp_hex.o
       128         16          0          0          0         84   _printf_fp_infnan.o
         6          0          0          0          0          0   _printf_g.o
       156          6         40          0          0        160   _printf_hex_int_ll_ptr.o
         6          0          0          0          0          0   _printf_i.o
       184          0          0          0          0         88   _printf_intcommon.o
        10          0          0          0          0          0   _printf_l.o
         6          0          0          0          0          0   _printf_lc.o
        10          0          0          0          0          0   _printf_ll.o
         6          0          0          0          0          0   _printf_lld.o
         6          0          0          0          0          0   _printf_lli.o
         6          0          0          0          0          0   _printf_llo.o
         6          0          0          0          0          0   _printf_llu.o
         6          0          0          0          0          0   _printf_llx.o
       120         16          0          0          0         92   _printf_longlong_dec.o
         6          0          0          0          0          0   _printf_ls.o
         6          0          0          0          0          0   _printf_n.o
         6          0          0          0          0          0   _printf_o.o
       120          8          0          0          0        124   _printf_oct_int_ll.o
         6          0          0          0          0          0   _printf_p.o
        82          0          0          0          0        108   _printf_pad.o
         0          0          0          0          0          0   _printf_percent.o
         4          0          0          0          0          0   _printf_percent_end.o
         6          0          0          0          0          0   _printf_s.o
        82          0          0          0          0         80   _printf_str.o
        36          0          0          0          0         84   _printf_truncate.o
         6          0          0          0          0          0   _printf_u.o
        44          0          0          0          0        108   _printf_wchar.o
       188          6          8          0          0         92   _printf_wctomb.o
         6          0          0          0          0          0   _printf_x.o
        22          0          0          0          0        100   _rserrno.o
       880          4          0          0          0        100   _scanf.o
       336          0          0          0          0         96   _scanf_int.o
       342          0          0          0          0        100   _scanf_longlong.o
       272          0          0          0          0        100   _scanf_mbtowc.o
       218          0          0          0          0         96   _scanf_str.o
        30          0          0          0          0         76   _scanf_wcharmap.o
       226          0          0          0          0        100   _scanf_wctomb.o
       202          0          0          0          0         96   _scanf_wstr.o
        64          0          0          0          0         84   _sgetc.o
        10          0          0          0          0         68   _sputc.o
        64          0          0          0          0         92   _wcrtomb.o
        16          0          0          0          0         72   abort.o
        16          0          0          0          0         68   aeabi_memset.o
       124         40          0          0          0         76   assert.o
        24          6          0          0          0         80   assert_stdio.o
       228          6        148          0          0         96   bigflt0.o
      2074        132          0          0          0        940   btod.o
        48         34          0          0          0         76   defsig_abrt_inner.o
        14          0          0          0          0         80   defsig_abrt_outer.o
        10          0          0          0          0         68   defsig_exit.o
        50          0          0          0          0         88   defsig_general.o
        80         58          0          0          0         76   defsig_rtmem_inner.o
        14          0          0          0          0         80   defsig_rtmem_outer.o
        52         38          0          0          0         76   defsig_rtred_inner.o
        14          0          0          0          0         80   defsig_rtred_outer.o
        76          0          0          0          0         88   fclose.o
         8          0          0          0          0         68   ferror.o
       100          4          0          0          0        120   fflush.o
       478          0          0          0          0         88   flsbuf.o
       236          4          0          0          0        128   fopen.o
        20          0          0          0          0         84   fprintf.o
        26          0          0          0          0         68   fputc.o
        34          0          0          0          0         80   fputs.o
       248          6          0          0          0         84   fseek.o
        70          0          0          0          0         76   ftell.o
        94          0          0          0          0         80   h1_alloc.o
        52          0          0          0          0         68   h1_extend.o
        78          0          0          0          0         80   h1_free.o
        14          0          0          0          0         84   h1_init.o
        80          6          0          4          0         96   heapauxa.o
         4          0          0          0          0        136   hguard.o
         0          0          0          0          0          0   indicate_semi.o
        36         10          0          0          0         80   init_aeabi.o
       138          0          0          0          0        168   init_alloc.o
       312         46          0          0          0        112   initio.o
        18          0          0          0          0         76   isspace.o
        44         10        272          0          0         76   lc_ctype_c.o
        44         10         28          0          0         76   lc_numeric_c.o
         2          0          0          0          0          0   libinit.o
        50          0          0          0          0          0   libinit2.o
         0          0          0          0          0          0   libshutdown2.o
        38          0          0          0          0         68   llshl.o
       138          0          0          0          0         80   lludiv10.o
       238          0          0          0          0        100   lludivv7m.o
         0          0          0          0          0          0   maybetermalloc1.o
        24          4          0          0          0         84   printf.o
       112         18          0          0        228        160   rand.o
        16          4          0          0          0         76   rt_ctype_table.o
         8          4          0          0          4         68   rt_eh_globals_addr.o
         8          4          0          0          4         68   rt_errno_addr.o
         8          4          0          0          4         68   rt_heap_descriptor.o
         8          4          0          0         20         68   rt_locale.o
        68          0          0          0          0         68   rt_memclr.o
        78          0          0          0          0         80   rt_memclr_w.o
       138          0          0          0          0         68   rt_memcpy_v6.o
       100          0          0          0          0         80   rt_memcpy_w.o
         0          0          0          0          0          0   rtentry.o
        12          0          0          0          0          0   rtentry2.o
         6          0          0          0          0          0   rtentry4.o
        44          8          0          0          0         84   scanf_char.o
      1188         12          0          0          0        148   scanf_fp.o
       788         12          0          0          0        100   scanf_hexfp.o
       316         18          0          0          0        100   scanf_infnan.o
        70          0          0          0          0         80   setvbuf.o
        44          6          0          0          0         84   sprintf.o
        60          8          0          0          0         84   sscanf.o
       240          6          0          0          0        156   stdio.o
         0          0          0         12        252          0   stdio_streams.o
       128          0          0          0          0         68   strcmpv7m.o
        72          0          0          0          0         80   strcpy.o
        62          0          0          0          0         76   strlen.o
       150          0          0          0          0         80   strncmp.o
        86          0          0          0          0         76   strncpy.o
        12          4          0          0          0         68   sys_exit.o
        14          0          0          0          0         76   sys_wrch.o
         2          0          0          0          0         68   use_no_semi.o
        22          0          0          0          0         76   exit.c.lpc1768.arm.o
        72          0          0          0          0        132   gpio_api.c.lpc1768.arm.o
       424        100          0          0          0        332   pinmap.c.lpc1768.arm.o
        12          0          0          0          0         68   semihost_api.c.lpc1768.arm.o
       644        110        340          0          0        280   serial_api.c.lpc1768.arm.o
       148         16          0          0          0        240   timer_api.c.lpc1768.arm.o
        56         12          0          4          0         80   us_ticker_api.c.lpc1768.arm.o
       120          6          0          0          0         76   utils_api.c.lpc1768.arm.o
        50          0          0          0          0        144   wait_api.c.lpc1768.arm.o
         4          0          0          0          0         72   arm_bad_typeid_noexceptions.o
        80         12          0          0          0        104   arm_exceptions_globs.o
        60          0          0          0          0        108   arm_exceptions_mem.o
        26          0          0          0          0         76   arm_exceptions_terminate.o
         8          0          0          0          0         76   array_del.o
         8          0          0          0          0         76   delete.o
         0          0        193          0          0          0   lib_rtti_impl.o
      1264         44          0          0          0        716   rtti.o
         0          0         21          0          0          0   type_info_dtor.o
        32          0          0          0          0         80   type_info_eq.o
        98          4          0          0          0         92   d2f.o
        16          4          0          0          0         68   dcheck1.o
        24          0          0          0          0         68   dcmpi.o
       120          4          0          0          0         92   deqf.o
       120          4          0          0          0         92   dleqf.o
       156          4          0          0          0         92   dnaninf.o
       108          0          0          0          0         80   drleqf.o
       430          8          0          0          0        168   faddsub_clz.o
        12          4          0          0          0         68   fcheck1.o
       388         76          0          0          0         96   fdiv.o
        54          4          0          0          0         84   ffix.o
        86          0          0          0          0        136   fflt_clz.o
       258          4          0          0          0         84   fmul.o
       140          4          0          0          0         84   fnaninf.o
         0          0          8          0          0          0   fpconst.o
        10          0          0          0          0         68   fretinf.o
         4          0          0          0          0         68   printf1.o
         4          0          0          0          0         68   printf2.o
       100          0          0          0          0         68   retnan.o
        92          0          0          0          0         68   scalbn.o
        76          0          0          0          0         68   scalbnf.o
         4          0          0          0          0         68   scanf1.o
         8          0          0          0          0         84   scanf2.o
        48          0          0          0          0         68   trapv.o
         0          0          0          0          0          0   usenofp.o
        16          6          0          0          0         68   dunder.o
        40          0          0          0          0         68   fpclassify.o
        88          8          0          0          0         76   frexp.o
        10          0          0          0          0         68   funder.o
       148          0          0          0          0        160   ldexp.o
       152          4          0          0          0        160   narrow.o
        90          0          0          0          0         76   scalbnf.o
       168         20         64         20          0        216   Base.cpp.lpc1768.arm.o
       640         68        136          0         64        404   stdio.cpp.lpc1768.arm.o

    ----------------------------------------------------------------------
     22816       1164       1318         40      10796      15860   Library Totals
        44          2          5          0      10220          0   (incl. Padding)

    ----------------------------------------------------------------------

      Code (inc. data)   RO Data    RW Data    ZI Data      Debug   Library Name

     16034        636        551         16        512       9896   c_w.l
      1548        244        340          4          0       1428   capi.ar
      1482         56        214          0          0       1308   cpprt_w.l
      2356        120          8          0          0       1932   fz_ws.l
       544         18          0          0          0        676   m_ws.l
       808         88        200         20         64        620   mbed.ar

    ----------------------------------------------------------------------
     22816       1164       1318         40      10796      15860   Library Totals

    ----------------------------------------------------------------------

==============================================================================


      Code (inc. data)   RO Data    RW Data    ZI Data      Debug   

     37474       4216       1550        544      56804     165101   Grand Totals
     37474       4216       1550         96      56804     165101   ELF Image Totals (compressed)
     37474       4216       1550         96          0          0   ROM Totals

==============================================================================

    Total RO  Size (Code + RO Data)                39024 (  38.11kB)
    Total RW  Size (RW Data + ZI Data)             57348 (  56.00kB)
    Total ROM Size (Code + RO Data + RW Data)      39120 (  38.20kB)

==============================================================================

