ARM Linker, 5.03 [Build 76] [MDK-ARM Lite]

==============================================================================

Section Cross References

    main.o(.text) refers to _printf_percent.o(.ARM.Collect$$_printf_percent$$00000000) for _printf_percent
    main.o(.text) refers to _printf_x.o(.ARM.Collect$$_printf_percent$$0000000C) for _printf_x
    main.o(.text) refers to _printf_hex_int.o(.text) for _printf_longlong_hex
    main.o(.text) refers to noretval__2printf.o(.text) for __2printf
    main.o(.text) refers to exit.o(i.exit) for exit
    main.o(.text) refers to foo.o(.text) for foo()
    main.o(.text) refers to gpio_api.o(i.gpio_init) for gpio_init
    main.o(.text) refers to main.o(.bss) for myled
    main.o(.ARM.exidx) refers to main.o(.text) for .text
    main.o(.init_array) refers to main.o(.text) for __sti___8_main_cpp
    main.o(.init_array) refers to init_aeabi.o(.text) for __cpp_initialize__aeabi_
    foo.o(.text) refers to noretval__2printf.o(.text) for __2printf
    foo.o(.text) refers to foo.o(i._ZN4mbed10DigitalOutaSEi) for mbed::DigitalOut::operator =(int)
    foo.o(.text) refers to wait_api.o(i.wait) for wait
    foo.o(.text) refers to gpio_api.o(i.gpio_init) for gpio_init
    foo.o(.text) refers to foo.o(.bss) for led
    foo.o(.ARM.exidx) refers to foo.o(.text) for .text
    foo.o(.init_array) refers to foo.o(.text) for __sti___7_foo_cpp
    foo.o(.init_array) refers to init_aeabi.o(.text) for __cpp_initialize__aeabi_
    sys.o(.ARM.exidx) refers to sys.o(i.__user_setup_stackheap) for i.__user_setup_stackheap
    system_LPC17xx.o(i.SystemCoreClockUpdate) refers to lludivv7m.o(.text) for __aeabi_uldivmod
    system_LPC17xx.o(i.SystemCoreClockUpdate) refers to system_LPC17xx.o(.data) for .data
    startup_LPC17xx.o(RESET) refers to startup_LPC17xx.o(.text) for Reset_Handler
    startup_LPC17xx.o(RESET) refers to main.o(.text) for HardFault_Handler
    startup_LPC17xx.o(.text) refers to system_LPC17xx.o(i.SystemInit) for SystemInit
    startup_LPC17xx.o(.text) refers to __main.o(!!!main) for __main
    retarget.o(i.$Sub$$main) refers to retarget.o(i.mbed_main) for mbed_main
    retarget.o(i.$Sub$$main) refers to main.o(.text) for $Super$$main
    retarget.o(i._Z11init_serialv) refers to serial_api.o(i.serial_init) for serial_init
    retarget.o(i._Z11init_serialv) refers to serial_api.o(.data) for stdio_uart_inited
    retarget.o(i._ZN4mbed10FileHandleD0Ev) refers to retarget.o(i._ZN4mbed10FileHandleD2Ev) for mbed::FileHandle::~FileHandle__sub_object()
    retarget.o(i._ZN4mbed10FileHandleD0Ev) refers to delete.o(i._ZdlPv) for operator delete (void*)
    retarget.o(i._ZN4mbed10FileHandleD2Ev) refers to retarget.o(.constdata__ZTVN4mbed10FileHandleE) for vtable for mbed::FileHandle
    retarget.o(i._ZN4mbed10FileHandleD2Ev) refers to retarget.o(.bss) for .bss
    retarget.o(i._sys_close) refers to retarget.o(.bss) for .bss
    retarget.o(i._sys_ensure) refers to retarget.o(.bss) for .bss
    retarget.o(i._sys_flen) refers to retarget.o(.bss) for .bss
    retarget.o(i._sys_istty) refers to retarget.o(.bss) for .bss
    retarget.o(i._sys_open) refers to _scanf_int.o(.text) for _scanf_int
    retarget.o(i._sys_open) refers to strcmpv7m.o(.text) for strcmp
    retarget.o(i._sys_open) refers to retarget.o(i._Z11init_serialv) for init_serial()
    retarget.o(i._sys_open) refers to FilePath.o(i._ZN4mbed8FilePathC1EPKc) for mbed::FilePath::FilePath(const char*)
    retarget.o(i._sys_open) refers to FilePath.o(i._ZN4mbed8FilePath6existsEv) for mbed::FilePath::exists()
    retarget.o(i._sys_open) refers to FilePath.o(i._ZN4mbed8FilePath6isFileEv) for mbed::FilePath::isFile()
    retarget.o(i._sys_open) refers to FilePath.o(i._ZN4mbed8FilePath4fileEv) for mbed::FilePath::file()
    retarget.o(i._sys_open) refers to __0sscanf.o(.text) for __0sscanf
    retarget.o(i._sys_open) refers to FilePath.o(i._ZN4mbed8FilePath10fileSystemEv) for mbed::FilePath::fileSystem()
    retarget.o(i._sys_open) refers to FilePath.o(i._ZN4mbed8FilePath8fileNameEv) for mbed::FilePath::fileName()
    retarget.o(i._sys_open) refers to retarget.o(.constdata) for .constdata
    retarget.o(i._sys_open) refers to retarget.o(.bss) for .bss
    retarget.o(i._sys_read) refers to serial_api.o(i.serial_getc) for serial_getc
    retarget.o(i._sys_read) refers to serial_api.o(.data) for stdio_uart
    retarget.o(i._sys_read) refers to retarget.o(.bss) for .bss
    retarget.o(i._sys_seek) refers to retarget.o(.bss) for .bss
    retarget.o(i._sys_write) refers to retarget.o(i._Z11init_serialv) for init_serial()
    retarget.o(i._sys_write) refers to serial_api.o(i.serial_putc) for serial_putc
    retarget.o(i._sys_write) refers to serial_api.o(.data) for stdio_uart_inited
    retarget.o(i._sys_write) refers to retarget.o(.bss) for .bss
    retarget.o(i.mkdir) refers to FilePath.o(i._ZN4mbed8FilePathC1EPKc) for mbed::FilePath::FilePath(const char*)
[...]
    ../clib/signal.c                         0x00000000   Number         0  defsig_other.o ABSOLUTE
    ../clib/signal.c                         0x00000000   Number         0  defsig_segv_inner.o ABSOLUTE
    ../clib/signal.c                         0x00000000   Number         0  __raise.o ABSOLUTE
    ../clib/signal.c                         0x00000000   Number         0  defsig_pvfn_inner.o ABSOLUTE
    ../clib/signal.s                         0x00000000   Number         0  defsig.o ABSOLUTE
    ../clib/stdio.c                          0x00000000   Number         0  ferror.o ABSOLUTE
    ../clib/stdio.c                          0x00000000   Number         0  stdio_streams.o ABSOLUTE
    ../clib/stdio.c                          0x00000000   Number         0  setvbuf_locked.o ABSOLUTE
    ../clib/stdio.c                          0x00000000   Number         0  fflush_locked.o ABSOLUTE
    ../clib/stdio.c                          0x00000000   Number         0  initio.o ABSOLUTE
    ../clib/stdio.c                          0x00000000   Number         0  fwritefast_locked.o ABSOLUTE
    ../clib/stdio.c                          0x00000000   Number         0  flsbuf.o ABSOLUTE
    ../clib/stdio.c                          0x00000000   Number         0  fseek.o ABSOLUTE
    ../clib/stdio.c                          0x00000000   Number         0  stdio.o ABSOLUTE
    ../clib/stdio.c                          0x00000000   Number         0  fwritefast.o ABSOLUTE
    ../clib/stdio.c                          0x00000000   Number         0  ferror_locked.o ABSOLUTE
    ../clib/stdio.c                          0x00000000   Number         0  fputc_locked.o ABSOLUTE
    ../clib/stdio.c                          0x00000000   Number         0  ftell.o ABSOLUTE
    ../clib/stdio.c                          0x00000000   Number         0  initio_locked.o ABSOLUTE
    ../clib/stdio.c                          0x00000000   Number         0  fflush.o ABSOLUTE
    ../clib/stdio.c                          0x00000000   Number         0  fputs.o ABSOLUTE
    ../clib/stdio.c                          0x00000000   Number         0  fclose.o ABSOLUTE
    ../clib/stdio.c                          0x00000000   Number         0  fopen_locked.o ABSOLUTE
    ../clib/stdio.c                          0x00000000   Number         0  fopen.o ABSOLUTE
    ../clib/stdio.c                          0x00000000   Number         0  fputs_locked.o ABSOLUTE
    ../clib/stdio.c                          0x00000000   Number         0  streamlock.o ABSOLUTE
    ../clib/stdio.c                          0x00000000   Number         0  setvbuf.o ABSOLUTE
    ../clib/stdio.c                          0x00000000   Number         0  fputc.o ABSOLUTE
    ../clib/stdlib.c                         0x00000000   Number         0  abort.o ABSOLUTE
    ../clib/stdlib.c                         0x00000000   Number         0  bsearchnoex.o ABSOLUTE
    ../clib/string.c                         0x00000000   Number         0  strncmp.o ABSOLUTE
    ../clib/string.c                         0x00000000   Number         0  strlen.o ABSOLUTE
    ../clib/unwind_pr.c                      0x00000000   Number         0  unwind_prcommon.o ABSOLUTE
    ../clib/unwind_pr.c                      0x00000000   Number         0  unwind_pr0.o ABSOLUTE
    ../clib/unwinder.c                       0x00000000   Number         0  unwinder.o ABSOLUTE
    ../clib/unwinder.c                       0x00000000   Number         0  unwind_activity.o ABSOLUTE
    ../clib/unwinder.c                       0x00000000   Number         0  unwind_activity.o ABSOLUTE
    ../clib/unwinder.c                       0x00000000   Number         0  unwinder.o ABSOLUTE
    ../clib/wchar.c                          0x00000000   Number         0  flsbuf_fwide.o ABSOLUTE
    ../fplib/faddsub.s                       0x00000000   Number         0  faddsub_clz.o ABSOLUTE
    ../fplib/fcheck1.s                       0x00000000   Number         0  fcheck1.o ABSOLUTE
    ../fplib/fcmpi.s                         0x00000000   Number         0  fcmpi.o ABSOLUTE
    ../fplib/fdiv.s                          0x00000000   Number         0  fdiv.o ABSOLUTE
    ../fplib/ffix.s                          0x00000000   Number         0  ffix.o ABSOLUTE
    ../fplib/fflt.s                          0x00000000   Number         0  fflt_clz.o ABSOLUTE
    ../fplib/fleqf.s                         0x00000000   Number         0  fleqf.o ABSOLUTE
    ../fplib/fmul.s                          0x00000000   Number         0  fmul.o ABSOLUTE
    ../fplib/fnaninf.s                       0x00000000   Number         0  fnaninf.o ABSOLUTE
    ../fplib/fpinit.s                        0x00000000   Number         0  fpinit.o ABSOLUTE
    ../fplib/fretinf.s                       0x00000000   Number         0  fretinf.o ABSOLUTE
    ../fplib/retnan.s                        0x00000000   Number         0  retnan.o ABSOLUTE
    ../fplib/scalbnf.s                       0x00000000   Number         0  scalbnf.o ABSOLUTE
    ../fplib/trapv.s                         0x00000000   Number         0  trapv.o ABSOLUTE
    ../fplib/usenofp.s                       0x00000000   Number         0  usenofp.o ABSOLUTE
    C:\\work\\mbed\\git_arm\\libraries\\mbed\\common\\FileBase.cpp 0x00000000   Number         0  FileBase.o ABSOLUTE
    C:\\work\\mbed\\git_arm\\libraries\\mbed\\common\\FilePath.cpp 0x00000000   Number         0  FilePath.o ABSOLUTE
    C:\\work\\mbed\\git_arm\\libraries\\mbed\\common\\FileSystemLike.cpp 0x00000000   Number         0  FileSystemLike.o ABSOLUTE
    C:\\work\\mbed\\git_arm\\libraries\\mbed\\common\\board.c 0x00000000   Number         0  board.o ABSOLUTE
    C:\\work\\mbed\\git_arm\\libraries\\mbed\\common\\exit.c 0x00000000   Number         0  exit.o ABSOLUTE
    C:\\work\\mbed\\git_arm\\libraries\\mbed\\common\\mbed_interface.c 0x00000000   Number         0  mbed_interface.o ABSOLUTE
    C:\\work\\mbed\\git_arm\\libraries\\mbed\\common\\pinmap_common.c 0x00000000   Number         0  pinmap_common.o ABSOLUTE
    C:\\work\\mbed\\git_arm\\libraries\\mbed\\common\\retarget.cpp 0x00000000   Number         0  retarget.o ABSOLUTE
    C:\\work\\mbed\\git_arm\\libraries\\mbed\\common\\semihost_api.c 0x00000000   Number         0  semihost_api.o ABSOLUTE
    C:\\work\\mbed\\git_arm\\libraries\\mbed\\common\\us_ticker_api.c 0x00000000   Number         0  us_ticker_api.o ABSOLUTE
    C:\\work\\mbed\\git_arm\\libraries\\mbed\\targets\\cmsis\\TARGET_NXP\\TARGET_LPC176X\\cmsis_nvic.c 0x00000000   Number         0  cmsis_nvic.o ABSOLUTE
    C:\\work\\mbed\\git_arm\\libraries\\mbed\\targets\\cmsis\\TARGET_NXP\\TARGET_LPC176X\\system_LPC17xx.c 0x00000000   Number         0  system_LPC17xx.o ABSOLUTE
    C:\\work\\mbed\\git_arm\\libraries\\mbed\\targets\\hal\\TARGET_NXP\\TARGET_LPC176X\\gpio_api.c 0x00000000   Number         0  gpio_api.o ABSOLUTE
    C:\\work\\mbed\\git_arm\\libraries\\mbed\\targets\\hal\\TARGET_NXP\\TARGET_LPC176X\\pinmap.c 0x00000000   Number         0  pinmap.o ABSOLUTE
    C:\\work\\mbed\\git_arm\\libraries\\mbed\\targets\\hal\\TARGET_NXP\\TARGET_LPC176X\\serial_api.c 0x00000000   Number         0  serial_api.o ABSOLUTE
    C:\\work\\mbed\\git_arm\\libraries\\mbed\\targets\\hal\\TARGET_NXP\\TARGET_LPC176X\\us_ticker.c 0x00000000   Number         0  us_ticker.o ABSOLUTE
    C:\work\mbed\git_arm\libraries\mbed\common\FileBase.cpp 0x00000000   Number         0  FileBase.o ABSOLUTE
    C:\work\mbed\git_arm\libraries\mbed\common\FilePath.cpp 0x00000000   Number         0  FilePath.o ABSOLUTE
    C:\work\mbed\git_arm\libraries\mbed\common\FileSystemLike.cpp 0x00000000   Number         0  FileSystemLike.o ABSOLUTE
    C:\work\mbed\git_arm\libraries\mbed\common\board.c 0x00000000   Number         0  board.o ABSOLUTE
    C:\work\mbed\git_arm\libraries\mbed\common\exit.c 0x00000000   Number         0  exit.o ABSOLUTE
    C:\work\mbed\git_arm\libraries\mbed\common\mbed_interface.c 0x00000000   Number         0  mbed_interface.o ABSOLUTE
    C:\work\mbed\git_arm\libraries\mbed\common\pinmap_common.c 0x00000000   Number         0  pinmap_common.o ABSOLUTE
    C:\work\mbed\git_arm\libraries\mbed\common\retarget.cpp 0x00000000   Number         0  retarget.o ABSOLUTE
    C:\work\mbed\git_arm\libraries\mbed\common\semihost_api.c 0x00000000   Number         0  semihost_api.o ABSOLUTE
    C:\work\mbed\git_arm\libraries\mbed\common\us_ticker_api.c 0x00000000   Number         0  us_ticker_api.o ABSOLUTE
    C:\work\mbed\git_arm\libraries\mbed\common\wait_api.c 0x00000000   Number         0  wait_api.o ABSOLUTE
    C:\work\mbed\git_arm\libraries\mbed\targets\cmsis\TARGET_NXP\TARGET_LPC176X\TOOLCHAIN_ARM_STD\startup_LPC17xx.s 0x00000000   Number         0  startup_LPC17xx.o ABSOLUTE
    C:\work\mbed\git_arm\libraries\mbed\targets\cmsis\TARGET_NXP\TARGET_LPC176X\TOOLCHAIN_ARM_STD\sys.cpp 0x00000000   Number         0  sys.o ABSOLUTE
    C:\work\mbed\git_arm\libraries\mbed\targets\cmsis\TARGET_NXP\TARGET_LPC176X\cmsis_nvic.c 0x00000000   Number         0  cmsis_nvic.o ABSOLUTE
    C:\work\mbed\git_arm\libraries\mbed\targets\cmsis\TARGET_NXP\TARGET_LPC176X\system_LPC17xx.c 0x00000000   Number         0  system_LPC17xx.o ABSOLUTE
    C:\work\mbed\git_arm\libraries\mbed\targets\hal\TARGET_NXP\TARGET_LPC176X\gpio_api.c 0x00000000   Number         0  gpio_api.o ABSOLUTE
    C:\work\mbed\git_arm\libraries\mbed\targets\hal\TARGET_NXP\TARGET_LPC176X\pinmap.c 0x00000000   Number         0  pinmap.o ABSOLUTE
    C:\work\mbed\git_arm\libraries\mbed\targets\hal\TARGET_NXP\TARGET_LPC176X\serial_api.c 0x00000000   Number         0  serial_api.o ABSOLUTE
    C:\work\mbed\git_arm\libraries\mbed\targets\hal\TARGET_NXP\TARGET_LPC176X\us_ticker.c 0x00000000   Number         0  us_ticker.o ABSOLUTE
    dc.s                                     0x00000000   Number         0  dc.o ABSOLUTE
    foo.cpp                                  0x00000000   Number         0  foo.o ABSOLUTE
    foo.cpp                                  0x00000000   Number         0  foo.o ABSOLUTE
    main.cpp                                 0x00000000   Number         0  main.o ABSOLUTE
    main.cpp                                 0x00000000   Number         0  main.o ABSOLUTE
    !!!main                                  0x000000c4   Section        8  __main.o(!!!main)
    !!!scatter                               0x000000cc   Section       52  __scatter.o(!!!scatter)
    !!handler_copy                           0x00000100   Section       26  __scatter_copy.o(!!handler_copy)
    !!handler_zi                             0x0000011c   Section       28  __scatter_zi.o(!!handler_zi)
    .ARM.Collect$$_printf_percent$$00000000  0x00000138   Section        0  _printf_percent.o(.ARM.Collect$$_printf_percent$$00000000)
    .ARM.Collect$$_printf_percent$$00000009  0x00000138   Section        6  _printf_d.o(.ARM.Collect$$_printf_percent$$00000009)
    .ARM.Collect$$_printf_percent$$0000000C  0x0000013e   Section        6  _printf_x.o(.ARM.Collect$$_printf_percent$$0000000C)
    .ARM.Collect$$_printf_percent$$00000017  0x00000144   Section        4  _printf_percent_end.o(.ARM.Collect$$_printf_percent$$00000017)
    .ARM.Collect$$libinit$$00000000          0x00000148   Section        2  libinit.o(.ARM.Collect$$libinit$$00000000)
    .ARM.Collect$$libinit$$00000002          0x0000014a   Section        0  libinit2.o(.ARM.Collect$$libinit$$00000002)
    .ARM.Collect$$libinit$$00000003          0x0000014a   Section        8  libinit2.o(.ARM.Collect$$libinit$$00000003)
    .ARM.Collect$$libinit$$00000008          0x00000152   Section        0  libinit2.o(.ARM.Collect$$libinit$$00000008)
    .ARM.Collect$$libinit$$0000000A          0x00000152   Section        0  libinit2.o(.ARM.Collect$$libinit$$0000000A)
    .ARM.Collect$$libinit$$0000000C          0x00000152   Section        0  libinit2.o(.ARM.Collect$$libinit$$0000000C)
    .ARM.Collect$$libinit$$0000000D          0x00000152   Section        6  libinit2.o(.ARM.Collect$$libinit$$0000000D)
    .ARM.Collect$$libinit$$0000000F          0x00000158   Section        0  libinit2.o(.ARM.Collect$$libinit$$0000000F)
    .ARM.Collect$$libinit$$00000010          0x00000158   Section       12  libinit2.o(.ARM.Collect$$libinit$$00000010)
    .ARM.Collect$$libinit$$00000011          0x00000164   Section        0  libinit2.o(.ARM.Collect$$libinit$$00000011)
    .ARM.Collect$$libinit$$00000013          0x00000164   Section        0  libinit2.o(.ARM.Collect$$libinit$$00000013)
    .ARM.Collect$$libinit$$00000015          0x00000164   Section        0  libinit2.o(.ARM.Collect$$libinit$$00000015)
    .ARM.Collect$$libinit$$00000017          0x00000164   Section        0  libinit2.o(.ARM.Collect$$libinit$$00000017)
    .ARM.Collect$$libinit$$00000019          0x00000164   Section        0  libinit2.o(.ARM.Collect$$libinit$$00000019)
    .ARM.Collect$$libinit$$0000001B          0x00000164   Section        0  libinit2.o(.ARM.Collect$$libinit$$0000001B)
    .ARM.Collect$$libinit$$0000001D          0x00000164   Section        0  libinit2.o(.ARM.Collect$$libinit$$0000001D)
    .ARM.Collect$$libinit$$0000001F          0x00000164   Section        0  libinit2.o(.ARM.Collect$$libinit$$0000001F)
    .ARM.Collect$$libinit$$00000021          0x00000164   Section        0  libinit2.o(.ARM.Collect$$libinit$$00000021)
    .ARM.Collect$$libinit$$00000022          0x00000164   Section        4  libinit2.o(.ARM.Collect$$libinit$$00000022)
    .ARM.Collect$$libinit$$00000023          0x00000168   Section        0  libinit2.o(.ARM.Collect$$libinit$$00000023)
    .ARM.Collect$$libinit$$0000002A          0x00000168   Section        0  libinit2.o(.ARM.Collect$$libinit$$0000002A)
    .ARM.Collect$$libinit$$0000002C          0x00000168   Section        0  libinit2.o(.ARM.Collect$$libinit$$0000002C)
    .ARM.Collect$$libinit$$0000002E          0x00000168   Section        0  libinit2.o(.ARM.Collect$$libinit$$0000002E)
    .ARM.Collect$$libinit$$0000002F          0x00000168   Section        4  libinit2.o(.ARM.Collect$$libinit$$0000002F)
    .ARM.Collect$$libinit$$00000030          0x0000016c   Section        0  libinit2.o(.ARM.Collect$$libinit$$00000030)
    .ARM.Collect$$libinit$$00000031          0x0000016c   Section        2  libinit2.o(.ARM.Collect$$libinit$$00000031)
    .ARM.Collect$$libshutdown$$00000003      0x0000016e   Section        0  libshutdown2.o(.ARM.Collect$$libshutdown$$00000003)
    .ARM.Collect$$rtentry$$00000000          0x0000016e   Section        0  rtentry.o(.ARM.Collect$$rtentry$$00000000)
    .ARM.Collect$$rtentry$$00000002          0x0000016e   Section        0  rtentry2.o(.ARM.Collect$$rtentry$$00000002)
    .ARM.Collect$$rtentry$$00000004          0x0000016e   Section        6  rtentry4.o(.ARM.Collect$$rtentry$$00000004)
    .ARM.Collect$$rtentry$$00000009          0x00000174   Section        0  rtentry2.o(.ARM.Collect$$rtentry$$00000009)
    .ARM.Collect$$rtentry$$0000000A          0x00000174   Section        4  rtentry2.o(.ARM.Collect$$rtentry$$0000000A)
    .ARM.Collect$$rtentry$$0000000C          0x00000178   Section        0  rtentry2.o(.ARM.Collect$$rtentry$$0000000C)
    .ARM.Collect$$rtentry$$0000000D          0x00000178   Section        8  rtentry2.o(.ARM.Collect$$rtentry$$0000000D)
    .emb_text                                0x00000180   Section        0  maybetermalloc1.o(.emb_text)
    .text                                    0x00000180   Section        0  main.o(.text)
    __sti___8_main_cpp                       0x000001fb   Thumb Code    20  main.o(.text)
    .text                                    0x00000280   Section       36  startup_LPC17xx.o(.text)
    .text                                    0x000002a4   Section        0  noretval__2printf.o(.text)
    .text                                    0x000002bc   Section        0  noretval__2fprintf.o(.text)
    .text                                    0x000002d0   Section        0  init_aeabi.o(.text)
    .text                                    0x000002f4   Section        8  rt_heap_descriptor.o(.text)
    .ARM.__at_0x02FC                         0x000002fc   Section        4  startup_LPC17xx.o(.ARM.__at_0x02FC)
    .text                                    0x00000300   Section        0  __printf.o(.text)
    .text                                    0x00000368   Section        0  _printf_dec.o(.text)
    .text                                    0x000003e0   Section        0  _printf_hex_int.o(.text)
    .text                                    0x0000043c   Section        0  __0sscanf.o(.text)
    .text                                    0x00000478   Section        0  _scanf_int.o(.text)
    .text                                    0x000005c8   Section        0  strlen.o(.text)
    .text                                    0x00000606   Section        0  strncmp.o(.text)
    .text                                    0x0000069c   Section      128  strcmpv7m.o(.text)
    .text                                    0x0000071c   Section        0  h1_alloc.o(.text)
    .text                                    0x0000077a   Section        0  h1_free.o(.text)
    .text                                    0x000007c8   Section        0  _printf_intcommon.o(.text)
    .text                                    0x00000880   Section        0  _printf_char_file.o(.text)
    .text                                    0x000008a4   Section        0  _chval.o(.text)
    .text                                    0x000008c0   Section        0  scanf_char.o(.text)
    _scanf_char_input                        0x000008c1   Thumb Code    12  scanf_char.o(.text)
    .text                                    0x000008ec   Section        0  _sgetc.o(.text)
    .text                                    0x0000092c   Section        0  initio.o(.text)
    .text                                    0x00000a64   Section        0  hguard.o(.text)
    .text                                    0x00000a68   Section        0  init_alloc.o(.text)
    .text                                    0x00000af2   Section        0  h1_init.o(.text)
    .text                                    0x00000b00   Section        0  isspace.o(.text)
    .text                                    0x00000b14   Section        0  _printf_char_common.o(.text)
    _printf_input_char                       0x00000b15   Thumb Code    10  _printf_char_common.o(.text)
    .text                                    0x00000b44   Section        0  _scanf.o(.text)
    .text                                    0x00000eb4   Section        0  ferror.o(.text)
    .text                                    0x00000ebc   Section        0  setvbuf.o(.text)
    .text                                    0x00000f04   Section        0  fopen.o(.text)
    _freopen_locked                          0x00000f05   Thumb Code     0  fopen.o(.text)
    .text                                    0x00000ff0   Section        0  fclose.o(.text)
    .text                                    0x0000103c   Section        0  defsig_exit.o(.text)
    .text                                    0x00001046   Section        0  defsig_rtred_outer.o(.text)
    .text                                    0x00001054   Section       78  rt_memclr_w.o(.text)
    .text                                    0x000010a4   Section        0  sys_exit.o(.text)
    .text                                    0x000010b0   Section       16  rt_ctype_table.o(.text)
    .text                                    0x000010c0   Section        0  h1_extend.o(.text)
    .text                                    0x000010f4   Section        0  flsbuf.o(.text)
    .text                                    0x000012d4   Section        0  fseek.o(.text)
    .text                                    0x000013cc   Section        0  stdio.o(.text)
    .text                                    0x000014bc   Section        0  defsig_general.o(.text)
    .text                                    0x000014f0   Section        0  defsig_rtred_inner.o(.text)
    .text                                    0x00001524   Section        0  defsig_rtmem_outer.o(.text)
    .text                                    0x00001534   Section        0  heapauxa.o(.text)
    .text                                    0x00001584   Section        0  sys_wrch.o(.text)
    .text                                    0x00001592   Section        2  use_no_semi.o(.text)
    .text                                    0x00001594   Section        8  rt_locale.o(.text)
    .text                                    0x00001594   Section        0  indicate_semi.o(.text)
    .text                                    0x0000159c   Section        0  ftell.o(.text)
    .text                                    0x000015e4   Section        0  defsig_rtmem_inner.o(.text)
    .text                                    0x00001634   Section        8  rt_errno_addr.o(.text)
    i.$Sub$$main                             0x0000163c   Section        0  retarget.o(i.$Sub$$main)
    i.NVIC_SetVector                         0x0000164c   Section        0  cmsis_nvic.o(i.NVIC_SetVector)
    i.SystemInit                             0x0000167c   Section        0  system_LPC17xx.o(i.SystemInit)
    i._Z11init_serialv                       0x00001718   Section        0  retarget.o(i._Z11init_serialv)
    init_serial()                            0x00001719   Thumb Code    20  retarget.o(i._Z11init_serialv)
    i._ZN4mbed8FileBase11getPathTypeEv       0x00001738   Section        0  FileBase.o(i._ZN4mbed8FileBase11getPathTypeEv)
    i._ZN4mbed8FileBase6lookupEPKcj          0x0000173c   Section        0  FileBase.o(i._ZN4mbed8FileBase6lookupEPKcj)
    i._ZN4mbed8FilePath10fileSystemEv        0x00001774   Section        0  FilePath.o(i._ZN4mbed8FilePath10fileSystemEv)
    i._ZN4mbed8FilePath12isFileSystemEv      0x00001784   Section        0  FilePath.o(i._ZN4mbed8FilePath12isFileSystemEv)
    i._ZN4mbed8FilePath4fileEv               0x00001798   Section        0  FilePath.o(i._ZN4mbed8FilePath4fileEv)
    i._ZN4mbed8FilePath6existsEv             0x000017ae   Section        0  FilePath.o(i._ZN4mbed8FilePath6existsEv)
    i._ZN4mbed8FilePath6isFileEv             0x000017b8   Section        0  FilePath.o(i._ZN4mbed8FilePath6isFileEv)
    i._ZN4mbed8FilePath8fileNameEv           0x000017ce   Section        0  FilePath.o(i._ZN4mbed8FilePath8fileNameEv)
    i._ZN4mbed8FilePathC1EPKc                0x000017d2   Section        0  FilePath.o(i._ZN4mbed8FilePathC1EPKc)
    i.__user_setup_stackheap                 0x00001810   Section        0  sys.o(i.__user_setup_stackheap)
    i._sys_close                             0x00001820   Section        0  retarget.o(i._sys_close)
    i._sys_flen                              0x00001848   Section        0  retarget.o(i._sys_flen)
    i._sys_istty                             0x0000186c   Section        0  retarget.o(i._sys_istty)
    i._sys_open                              0x00001890   Section        0  retarget.o(i._sys_open)
    i._sys_seek                              0x00001984   Section        0  retarget.o(i._sys_seek)
    i._sys_write                             0x000019ac   Section        0  retarget.o(i._sys_write)
    i.exit                                   0x00001a00   Section        0  exit.o(i.exit)
    i.fputc                                  0x00001a14   Section        0  fputc.o(i.fputc)
    i.gpio_dir                               0x00001a2e   Section        0  gpio_api.o(i.gpio_dir)
    i.gpio_init                              0x00001a4a   Section        0  gpio_api.o(i.gpio_init)
    i.gpio_set                               0x00001a94   Section        0  gpio_api.o(i.gpio_set)
    i.gpio_write                             0x00001aa8   Section        0  board.o(i.gpio_write)
    gpio_write                               0x00001aa9   Thumb Code    14  board.o(i.gpio_write)
    i.mbed_die                               0x00001ab8   Section        0  board.o(i.mbed_die)
    i.mbed_interface_connected               0x00001b3c   Section        0  mbed_interface.o(i.mbed_interface_connected)
    i.mbed_main                              0x00001b40   Section        0  retarget.o(i.mbed_main)
    i.pin_function                           0x00001b44   Section        0  pinmap.o(i.pin_function)
    i.pin_mode                               0x00001b78   Section        0  pinmap.o(i.pin_mode)
    i.pinmap_merge                           0x00001bcc   Section        0  pinmap_common.o(i.pinmap_merge)
    i.pinmap_peripheral                      0x00001c04   Section        0  pinmap_common.o(i.pinmap_peripheral)
    i.pinmap_pinout                          0x00001c50   Section        0  pinmap_common.o(i.pinmap_pinout)
    i.semihost_connected                     0x00001ca4   Section        0  semihost_api.o(i.semihost_connected)
    i.semihost_exit                          0x00001cb4   Section        0  semihost_api.o(i.semihost_exit)
    i.serial_baud                            0x00001cc0   Section        0  serial_api.o(i.serial_baud)
    i.serial_format                          0x00001e6c   Section        0  serial_api.o(i.serial_format)
    i.serial_init                            0x00001f5c   Section        0  serial_api.o(i.serial_init)
    i.serial_putc                            0x0000209c   Section        0  serial_api.o(i.serial_putc)
    i.us_ticker_clear_interrupt              0x000020ac   Section        0  us_ticker.o(i.us_ticker_clear_interrupt)
    i.us_ticker_disable_interrupt            0x000020b8   Section        0  us_ticker.o(i.us_ticker_disable_interrupt)
    i.us_ticker_init                         0x000020c8   Section        0  us_ticker.o(i.us_ticker_init)
    i.us_ticker_irq_handler                  0x00002128   Section        0  us_ticker_api.o(i.us_ticker_irq_handler)
    i.us_ticker_read                         0x00002168   Section        0  us_ticker.o(i.us_ticker_read)
    i.us_ticker_set_interrupt                0x00002184   Section        0  us_ticker.o(i.us_ticker_set_interrupt)
    i.wait                                   0x00002198   Section        0  wait_api.o(i.wait)
    i.wait_ms                                0x000021b0   Section        0  wait_api.o(i.wait_ms)
    i.wait_us                                0x000021ba   Section        0  wait_api.o(i.wait_us)
    locale$$code                             0x000021d0   Section       44  lc_ctype_c.o(locale$$code)
    x$fpl$fadd                               0x000021fc   Section      196  faddsub_clz.o(x$fpl$fadd)
    _fadd1                                   0x0000220b   Thumb Code     0  faddsub_clz.o(x$fpl$fadd)
    x$fpl$fcheck1                            0x000022c0   Section       12  fcheck1.o(x$fpl$fcheck1)
    x$fpl$fcmpinf                            0x000022cc   Section       24  fcmpi.o(x$fpl$fcmpinf)
    x$fpl$fdiv                               0x000022e4   Section      388  fdiv.o(x$fpl$fdiv)
    _fdiv1                                   0x000022e5   Thumb Code     0  fdiv.o(x$fpl$fdiv)
    x$fpl$ffix                               0x00002468   Section       54  ffix.o(x$fpl$ffix)
    x$fpl$fflt                               0x000024a0   Section       48  fflt_clz.o(x$fpl$fflt)
    x$fpl$ffltu                              0x000024d0   Section       38  fflt_clz.o(x$fpl$ffltu)
    x$fpl$fleqf                              0x000024f8   Section      104  fleqf.o(x$fpl$fleqf)
    x$fpl$fmul                               0x00002560   Section      258  fmul.o(x$fpl$fmul)
    x$fpl$fnaninf                            0x00002662   Section      140  fnaninf.o(x$fpl$fnaninf)
    x$fpl$fretinf                            0x000026ee   Section       10  fretinf.o(x$fpl$fretinf)
    x$fpl$fsub                               0x000026f8   Section      234  faddsub_clz.o(x$fpl$fsub)
    _fsub1                                   0x00002707   Thumb Code     0  faddsub_clz.o(x$fpl$fsub)
    x$fpl$retnan                             0x000027e2   Section      100  retnan.o(x$fpl$retnan)
    x$fpl$scalbnf                            0x00002846   Section       76  scalbnf.o(x$fpl$scalbnf)
    x$fpl$trapveneer                         0x00002892   Section       48  trapv.o(x$fpl$trapveneer)
    .constdata                               0x000028c2   Section       23  retarget.o(.constdata)
    x$fpl$usenofp                            0x000028c2   Section        0  usenofp.o(x$fpl$usenofp)
    .constdata                               0x000028dc   Section      216  serial_api.o(.constdata)
    PinMap_UART_TX                           0x000028dc   Data         108  serial_api.o(.constdata)
    PinMap_UART_RX                           0x00002948   Data         108  serial_api.o(.constdata)
    .constdata                               0x000029b4   Section       40  _printf_hex_int.o(.constdata)
    uc_hextab                                0x000029b4   Data          20  _printf_hex_int.o(.constdata)
    lc_hextab                                0x000029c8   Data          20  _printf_hex_int.o(.constdata)
    locale$$data                             0x000029fc   Section      272  lc_ctype_c.o(locale$$data)
    __lcctype_c_name                         0x00002a00   Data           2  lc_ctype_c.o(locale$$data)
    __lcctype_c_start                        0x00002a08   Data           0  lc_ctype_c.o(locale$$data)
    .init_array                              0x00002b0c   Section        4  main.o(.init_array)
    __lcctype_c_end                          0x00002b0c   Data           0  lc_ctype_c.o(locale$$data)
    .init_array                              0x00002b10   Section        4  foo.o(.init_array)
    .text                                    0x00009000   Section        0  foo.o(.text)
    __sti___7_foo_cpp                        0x00009027   Thumb Code    20  foo.o(.text)
    i._ZN4mbed10DigitalOutaSEi               0x00009058   Section        0  foo.o(i._ZN4mbed10DigitalOutaSEi)
    .data                                    0x100000c8   Section        4  system_LPC17xx.o(.data)
    .data                                    0x100000cc   Section       16  serial_api.o(.data)
    irq_handler                              0x100000d0   Data           4  serial_api.o(.data)
    .data                                    0x100000dc   Section        4  us_ticker.o(.data)
    .data                                    0x100000e0   Section        4  FileBase.o(.data)
    .data                                    0x100000e4   Section        8  us_ticker_api.o(.data)
    head                                     0x100000e4   Data           4  us_ticker_api.o(.data)
    event_handler                            0x100000e8   Data           4  us_ticker_api.o(.data)
    .data                                    0x100000ec   Section        4  stdio_streams.o(.data)
    .data                                    0x100000f0   Section        4  stdio_streams.o(.data)
    .data                                    0x100000f4   Section        4  stdio_streams.o(.data)
    .data                                    0x100000f8   Section        4  heapauxa.o(.data)
    __rt_heap_escrow_base                    0x100000f8   Data           4  heapauxa.o(.data)
    .bss                                     0x100000fc   Section       24  main.o(.bss)
    .bss                                     0x10000114   Section       24  foo.o(.bss)
    .bss                                     0x1000012c   Section       64  retarget.o(.bss)
    filehandles                              0x1000012c   Data          64  retarget.o(.bss)
    .bss                                     0x1000016c   Section       84  stdio_streams.o(.bss)
    .bss                                     0x100001c0   Section       84  stdio_streams.o(.bss)
    .bss                                     0x10000214   Section       84  stdio_streams.o(.bss)
    .bss                                     0x10000268   Section        4  rt_heap_descriptor.o(.bss)
    __rt_heap_descriptor_data                0x10000268   Data           4  rt_heap_descriptor.o(.bss)
    .bss                                     0x1000026c   Section       20  rt_locale.o(.bss)
    __rt_locale_data                         0x1000026c   Data          20  rt_locale.o(.bss)
    .bss                                     0x10000280   Section        4  rt_errno_addr.o(.bss)
    __aeabi_errno_addr_data                  0x10000280   Data           4  rt_errno_addr.o(.bss)

    Global Symbols

    Symbol Name                              Value     Ov Type        Size  Object(Section)

    BuildAttributes$$THM_ISAv4$P$D$K$B$S$PE$A:L22UL41UL21$X:L11$S22US41US21$IEEE1$IW$USESV6$~STKCKD$USESV7$~SHL$OTIME$ROPI$EBA8$UX$STANDARDLIB$REQ8$PRES8$EABIv2 0x00000000   Number         0  anon$$obj.o ABSOLUTE
    __ARM_use_no_argv                        0x00000000   Number         0  main.o ABSOLUTE
    __Vectors                                0x00000000   Data           4  startup_LPC17xx.o(RESET)
    SHT$$ARM_EXIDX$$Base                      - Undefined Reference
    SHT$$ARM_EXIDX$$Limit                     - Undefined Reference
    __ARM::default_unexpected_handler()       - Undefined Weak Reference
    __ARM_exceptions_buffer_required          - Undefined Weak Reference
    __ARM_exceptions_init                     - Undefined Weak Reference
    __aeabi_unwind_cpp_pr1                    - Undefined Weak Reference
    __aeabi_unwind_cpp_pr2                    - Undefined Weak Reference
    __alloca_initialize                       - Undefined Weak Reference
    __cxa_begin_cleanup                       - Undefined Weak Reference
    __cxa_finalize                            - Undefined Weak Reference
    __cxa_type_match                          - Undefined Weak Reference
    __rt_lib_shutdown                         - Undefined Weak Reference
    __sigvec_lookup                           - Undefined Weak Reference
    __user_heap_extent                        - Undefined Weak Reference
    _atexit_init                              - Undefined Weak Reference
    _clock_init                               - Undefined Weak Reference
    _fp_trap_init                             - Undefined Weak Reference
    _fp_trap_shutdown                         - Undefined Weak Reference
    _get_lc_collate                           - Undefined Weak Reference
    _get_lc_monetary                          - Undefined Weak Reference
    _get_lc_numeric                           - Undefined Weak Reference
    _get_lc_time                              - Undefined Weak Reference
    _getenv_init                              - Undefined Weak Reference
    _handle_redirection                       - Undefined Weak Reference
    _mutex_acquire                            - Undefined Weak Reference
    _mutex_free                               - Undefined Weak Reference
    _mutex_release                            - Undefined Weak Reference
    _printf_post_padding                      - Undefined Weak Reference
    _printf_pre_padding                       - Undefined Weak Reference
    _printf_truncate_signed                   - Undefined Weak Reference
    _printf_truncate_unsigned                 - Undefined Weak Reference
    _rand_init                                - Undefined Weak Reference
    _scanf_longlong                           - Undefined Weak Reference
    _scanf_mbtowc                             - Undefined Weak Reference
    _scanf_real                               - Undefined Weak Reference
    _scanf_string                             - Undefined Weak Reference
    _scanf_wctomb                             - Undefined Weak Reference
    _scanf_wstring                            - Undefined Weak Reference
    _signal_finish                            - Undefined Weak Reference
    _signal_init                              - Undefined Weak Reference
    __main                                   0x000000c5   Thumb Code     8  __main.o(!!!main)
    __scatterload                            0x000000cd   Thumb Code     0  __scatter.o(!!!scatter)
    __scatterload_rt2                        0x000000cd   Thumb Code    44  __scatter.o(!!!scatter)
    __scatterload_rt2_thumb_only             0x000000cd   Thumb Code     0  __scatter.o(!!!scatter)
    __scatterload_null                       0x000000db   Thumb Code     0  __scatter.o(!!!scatter)
    __scatterload_copy                       0x00000101   Thumb Code    26  __scatter_copy.o(!!handler_copy)
    __scatterload_zeroinit                   0x0000011d   Thumb Code    28  __scatter_zi.o(!!handler_zi)
    _printf_d                                0x00000139   Thumb Code     0  _printf_d.o(.ARM.Collect$$_printf_percent$$00000009)
    _printf_percent                          0x00000139   Thumb Code     0  _printf_percent.o(.ARM.Collect$$_printf_percent$$00000000)
    _printf_x                                0x0000013f   Thumb Code     0  _printf_x.o(.ARM.Collect$$_printf_percent$$0000000C)
    _printf_percent_end                      0x00000145   Thumb Code     0  _printf_percent_end.o(.ARM.Collect$$_printf_percent$$00000017)
    __rt_lib_init                            0x00000149   Thumb Code     0  libinit.o(.ARM.Collect$$libinit$$00000000)
    __rt_lib_init_fp_1                       0x0000014b   Thumb Code     0  libinit2.o(.ARM.Collect$$libinit$$00000002)
    __rt_lib_init_heap_2                     0x0000014b   Thumb Code     0  libinit2.o(.ARM.Collect$$libinit$$00000003)
    __rt_lib_init_heap_1                     0x00000153   Thumb Code     0  libinit2.o(.ARM.Collect$$libinit$$00000008)
    __rt_lib_init_lc_common                  0x00000153   Thumb Code     0  libinit2.o(.ARM.Collect$$libinit$$0000000D)
    __rt_lib_init_rand_1                     0x00000153   Thumb Code     0  libinit2.o(.ARM.Collect$$libinit$$0000000C)
    __rt_lib_init_user_alloc_1               0x00000153   Thumb Code     0  libinit2.o(.ARM.Collect$$libinit$$0000000A)
    __rt_lib_init_lc_collate_1               0x00000159   Thumb Code     0  libinit2.o(.ARM.Collect$$libinit$$0000000F)
    __rt_lib_init_lc_ctype_2                 0x00000159   Thumb Code     0  libinit2.o(.ARM.Collect$$libinit$$00000010)
    __rt_lib_init_atexit_1                   0x00000165   Thumb Code     0  libinit2.o(.ARM.Collect$$libinit$$00000019)
    __rt_lib_init_clock_1                    0x00000165   Thumb Code     0  libinit2.o(.ARM.Collect$$libinit$$0000001F)
    __rt_lib_init_fp_trap_1                  0x00000165   Thumb Code     0  libinit2.o(.ARM.Collect$$libinit$$0000001D)
    __rt_lib_init_getenv_1                   0x00000165   Thumb Code     0  libinit2.o(.ARM.Collect$$libinit$$00000021)
    __rt_lib_init_lc_ctype_1                 0x00000165   Thumb Code     0  libinit2.o(.ARM.Collect$$libinit$$00000011)
    __rt_lib_init_lc_monetary_1              0x00000165   Thumb Code     0  libinit2.o(.ARM.Collect$$libinit$$00000013)
    __rt_lib_init_lc_numeric_1               0x00000165   Thumb Code     0  libinit2.o(.ARM.Collect$$libinit$$00000015)
    __rt_lib_init_lc_time_1                  0x00000165   Thumb Code     0  libinit2.o(.ARM.Collect$$libinit$$00000017)
    __rt_lib_init_signal_1                   0x00000165   Thumb Code     0  libinit2.o(.ARM.Collect$$libinit$$0000001B)
    __rt_lib_init_stdio_2                    0x00000165   Thumb Code     0  libinit2.o(.ARM.Collect$$libinit$$00000022)
    __rt_lib_init_alloca_1                   0x00000169   Thumb Code     0  libinit2.o(.ARM.Collect$$libinit$$0000002C)
    __rt_lib_init_argv_1                     0x00000169   Thumb Code     0  libinit2.o(.ARM.Collect$$libinit$$0000002A)
    __rt_lib_init_cpp_2                      0x00000169   Thumb Code     0  libinit2.o(.ARM.Collect$$libinit$$0000002F)
    __rt_lib_init_exceptions_1               0x00000169   Thumb Code     0  libinit2.o(.ARM.Collect$$libinit$$0000002E)
    __rt_lib_init_stdio_1                    0x00000169   Thumb Code     0  libinit2.o(.ARM.Collect$$libinit$$00000023)
    __rt_lib_init_cpp_1                      0x0000016d   Thumb Code     0  libinit2.o(.ARM.Collect$$libinit$$00000030)
    __rt_lib_init_return                     0x0000016d   Thumb Code     0  libinit2.o(.ARM.Collect$$libinit$$00000031)
    __rt_entry                               0x0000016f   Thumb Code     0  rtentry.o(.ARM.Collect$$rtentry$$00000000)
    __rt_entry_presh_1                       0x0000016f   Thumb Code     0  rtentry2.o(.ARM.Collect$$rtentry$$00000002)
    __rt_entry_sh                            0x0000016f   Thumb Code     0  rtentry4.o(.ARM.Collect$$rtentry$$00000004)
    __rt_lib_shutdown_stdio_2                0x0000016f   Thumb Code     0  libshutdown2.o(.ARM.Collect$$libshutdown$$00000003)
    __rt_entry_li                            0x00000175   Thumb Code     0  rtentry2.o(.ARM.Collect$$rtentry$$0000000A)
    __rt_entry_postsh_1                      0x00000175   Thumb Code     0  rtentry2.o(.ARM.Collect$$rtentry$$00000009)
    __rt_entry_main                          0x00000179   Thumb Code     0  rtentry2.o(.ARM.Collect$$rtentry$$0000000D)
    __rt_entry_postli_1                      0x00000179   Thumb Code     0  rtentry2.o(.ARM.Collect$$rtentry$$0000000C)
    HardFault_Handler                        0x00000181   Thumb Code    84  main.o(.text)
    _maybe_terminate_alloc                   0x00000181   Thumb Code     0  maybetermalloc1.o(.emb_text)
    $Super$$main                             0x000001d5   Thumb Code    38  main.o(.text)
    Reset_Handler                            0x00000281   Thumb Code     8  startup_LPC17xx.o(.text)
    NMI_Handler                              0x00000289   Thumb Code     2  startup_LPC17xx.o(.text)
    MemManage_Handler                        0x0000028d   Thumb Code     2  startup_LPC17xx.o(.text)
    BusFault_Handler                         0x0000028f   Thumb Code     2  startup_LPC17xx.o(.text)
    UsageFault_Handler                       0x00000291   Thumb Code     2  startup_LPC17xx.o(.text)
    SVC_Handler                              0x00000293   Thumb Code     2  startup_LPC17xx.o(.text)
    DebugMon_Handler                         0x00000295   Thumb Code     2  startup_LPC17xx.o(.text)
    PendSV_Handler                           0x00000297   Thumb Code     2  startup_LPC17xx.o(.text)
    SysTick_Handler                          0x00000299   Thumb Code     2  startup_LPC17xx.o(.text)
    ADC_IRQHandler                           0x0000029b   Thumb Code     0  startup_LPC17xx.o(.text)
    BOD_IRQHandler                           0x0000029b   Thumb Code     0  startup_LPC17xx.o(.text)
    CAN_IRQHandler                           0x0000029b   Thumb Code     0  startup_LPC17xx.o(.text)
    DMA_IRQHandler                           0x0000029b   Thumb Code     0  startup_LPC17xx.o(.text)
    EINT0_IRQHandler                         0x0000029b   Thumb Code     0  startup_LPC17xx.o(.text)
    EINT1_IRQHandler                         0x0000029b   Thumb Code     0  startup_LPC17xx.o(.text)
    EINT2_IRQHandler                         0x0000029b   Thumb Code     0  startup_LPC17xx.o(.text)
    EINT3_IRQHandler                         0x0000029b   Thumb Code     0  startup_LPC17xx.o(.text)
    ENET_IRQHandler                          0x0000029b   Thumb Code     0  startup_LPC17xx.o(.text)
    I2C0_IRQHandler                          0x0000029b   Thumb Code     0  startup_LPC17xx.o(.text)
    I2C1_IRQHandler                          0x0000029b   Thumb Code     0  startup_LPC17xx.o(.text)
    I2C2_IRQHandler                          0x0000029b   Thumb Code     0  startup_LPC17xx.o(.text)
    I2S_IRQHandler                           0x0000029b   Thumb Code     0  startup_LPC17xx.o(.text)
    MCPWM_IRQHandler                         0x0000029b   Thumb Code     0  startup_LPC17xx.o(.text)
    PLL0_IRQHandler                          0x0000029b   Thumb Code     0  startup_LPC17xx.o(.text)
    PLL1_IRQHandler                          0x0000029b   Thumb Code     0  startup_LPC17xx.o(.text)
    PWM1_IRQHandler                          0x0000029b   Thumb Code     0  startup_LPC17xx.o(.text)
    QEI_IRQHandler                           0x0000029b   Thumb Code     0  startup_LPC17xx.o(.text)
    RIT_IRQHandler                           0x0000029b   Thumb Code     0  startup_LPC17xx.o(.text)
    RTC_IRQHandler                           0x0000029b   Thumb Code     0  startup_LPC17xx.o(.text)
    SPI_IRQHandler                           0x0000029b   Thumb Code     0  startup_LPC17xx.o(.text)
    SSP0_IRQHandler                          0x0000029b   Thumb Code     0  startup_LPC17xx.o(.text)
    SSP1_IRQHandler                          0x0000029b   Thumb Code     0  startup_LPC17xx.o(.text)
    TIMER0_IRQHandler                        0x0000029b   Thumb Code     0  startup_LPC17xx.o(.text)
    TIMER1_IRQHandler                        0x0000029b   Thumb Code     0  startup_LPC17xx.o(.text)
    TIMER2_IRQHandler                        0x0000029b   Thumb Code     0  startup_LPC17xx.o(.text)
    TIMER3_IRQHandler                        0x0000029b   Thumb Code     0  startup_LPC17xx.o(.text)
    UART0_IRQHandler                         0x0000029b   Thumb Code     0  startup_LPC17xx.o(.text)
    UART1_IRQHandler                         0x0000029b   Thumb Code     0  startup_LPC17xx.o(.text)
    UART2_IRQHandler                         0x0000029b   Thumb Code     0  startup_LPC17xx.o(.text)
    UART3_IRQHandler                         0x0000029b   Thumb Code     0  startup_LPC17xx.o(.text)
    USB_IRQHandler                           0x0000029b   Thumb Code     0  startup_LPC17xx.o(.text)
    WDT_IRQHandler                           0x0000029b   Thumb Code     0  startup_LPC17xx.o(.text)
    __2printf                                0x000002a5   Thumb Code    20  noretval__2printf.o(.text)
    __2fprintf                               0x000002bd   Thumb Code    20  noretval__2fprintf.o(.text)
    __cpp_initialize__aeabi_                 0x000002d1   Thumb Code    26  init_aeabi.o(.text)
    __rt_heap_descriptor                     0x000002f5   Thumb Code     8  rt_heap_descriptor.o(.text)
    __printf                                 0x00000301   Thumb Code   104  __printf.o(.text)
    _printf_int_dec                          0x00000369   Thumb Code   102  _printf_dec.o(.text)
    _printf_int_hex                          0x000003e1   Thumb Code    88  _printf_hex_int.o(.text)
    _printf_longlong_hex                     0x000003e1   Thumb Code     0  _printf_hex_int.o(.text)
    __0sscanf                                0x0000043d   Thumb Code    52  __0sscanf.o(.text)
    _scanf_int                               0x00000479   Thumb Code   336  _scanf_int.o(.text)
    strlen                                   0x000005c9   Thumb Code    62  strlen.o(.text)
    strncmp                                  0x00000607   Thumb Code   150  strncmp.o(.text)
    strcmp                                   0x0000069d   Thumb Code   128  strcmpv7m.o(.text)
    malloc                                   0x0000071d   Thumb Code    94  h1_alloc.o(.text)
    free                                     0x0000077b   Thumb Code    78  h1_free.o(.text)
    _printf_int_common                       0x000007c9   Thumb Code   184  _printf_intcommon.o(.text)
    _printf_char_file                        0x00000881   Thumb Code    32  _printf_char_file.o(.text)
    _chval                                   0x000008a5   Thumb Code    28  _chval.o(.text)
    __vfscanf_char                           0x000008cd   Thumb Code    24  scanf_char.o(.text)
    _sgetc                                   0x000008ed   Thumb Code    30  _sgetc.o(.text)
    _sbackspace                              0x0000090b   Thumb Code    34  _sgetc.o(.text)
    _initio                                  0x0000092d   Thumb Code   210  initio.o(.text)
    _terminateio                             0x000009ff   Thumb Code    56  initio.o(.text)
    __use_no_heap                            0x00000a65   Thumb Code     2  hguard.o(.text)
    __heap$guard                             0x00000a67   Thumb Code     2  hguard.o(.text)
    _terminate_user_alloc                    0x00000a69   Thumb Code     2  init_alloc.o(.text)
    _init_user_alloc                         0x00000a6b   Thumb Code     2  init_alloc.o(.text)
    __Heap_Full                              0x00000a6d   Thumb Code    34  init_alloc.o(.text)
    __Heap_Broken                            0x00000a8f   Thumb Code     6  init_alloc.o(.text)
    _init_alloc                              0x00000a95   Thumb Code    94  init_alloc.o(.text)
    __Heap_Initialize                        0x00000af3   Thumb Code    10  h1_init.o(.text)
    __Heap_DescSize                          0x00000afd   Thumb Code     4  h1_init.o(.text)
    isspace                                  0x00000b01   Thumb Code    18  isspace.o(.text)
    _printf_char_common                      0x00000b1f   Thumb Code    32  _printf_char_common.o(.text)
    __vfscanf                                0x00000b45   Thumb Code   876  _scanf.o(.text)
    ferror                                   0x00000eb5   Thumb Code     8  ferror.o(.text)
    setvbuf                                  0x00000ebd   Thumb Code    70  setvbuf.o(.text)
    freopen                                  0x00000f05   Thumb Code   158  fopen.o(.text)
    fopen                                    0x00000fa3   Thumb Code    74  fopen.o(.text)
    _fclose_internal                         0x00000ff1   Thumb Code    76  fclose.o(.text)
    fclose                                   0x00000ff1   Thumb Code     0  fclose.o(.text)
    __sig_exit                               0x0000103d   Thumb Code    10  defsig_exit.o(.text)
    __rt_SIGRTRED                            0x00001047   Thumb Code    14  defsig_rtred_outer.o(.text)
    __aeabi_memclr4                          0x00001055   Thumb Code     0  rt_memclr_w.o(.text)
    __aeabi_memclr8                          0x00001055   Thumb Code     0  rt_memclr_w.o(.text)
    __rt_memclr_w                            0x00001055   Thumb Code    78  rt_memclr_w.o(.text)
    _memset_w                                0x00001059   Thumb Code     0  rt_memclr_w.o(.text)
    _sys_exit                                0x000010a5   Thumb Code     8  sys_exit.o(.text)
    __rt_ctype_table                         0x000010b1   Thumb Code    16  rt_ctype_table.o(.text)
    __Heap_ProvideMemory                     0x000010c1   Thumb Code    52  h1_extend.o(.text)
    __flsbuf                                 0x000010f5   Thumb Code   478  flsbuf.o(.text)
    __flsbuf_byte                            0x000010f5   Thumb Code     0  flsbuf.o(.text)
    __flsbuf_wide                            0x000010f5   Thumb Code     0  flsbuf.o(.text)
    _fseek                                   0x000012d5   Thumb Code   242  fseek.o(.text)
    fseek                                    0x000012d5   Thumb Code     0  fseek.o(.text)
    _seterr                                  0x000013cd   Thumb Code    20  stdio.o(.text)
    _writebuf                                0x000013e1   Thumb Code    84  stdio.o(.text)
    _fflush                                  0x00001435   Thumb Code    70  stdio.o(.text)
    _deferredlazyseek                        0x0000147b   Thumb Code    60  stdio.o(.text)
    __default_signal_display                 0x000014bd   Thumb Code    50  defsig_general.o(.text)
    __rt_SIGRTRED_inner                      0x000014f1   Thumb Code    14  defsig_rtred_inner.o(.text)
    __rt_SIGRTMEM                            0x00001525   Thumb Code    14  defsig_rtmem_outer.o(.text)
    __rt_heap_escrow                         0x00001535   Thumb Code    22  heapauxa.o(.text)
    __rt_heap_expand                         0x0000154b   Thumb Code    52  heapauxa.o(.text)
    _ttywrch                                 0x00001585   Thumb Code    14  sys_wrch.o(.text)
    __I$use$semihosting                      0x00001593   Thumb Code     0  use_no_semi.o(.text)
    __use_no_semihosting_swi                 0x00001593   Thumb Code     2  use_no_semi.o(.text)
    __rt_locale                              0x00001595   Thumb Code     8  rt_locale.o(.text)
    __semihosting_library_function           0x00001595   Thumb Code     0  indicate_semi.o(.text)
    _ftell_internal                          0x0000159d   Thumb Code    70  ftell.o(.text)
    ftell                                    0x0000159d   Thumb Code     0  ftell.o(.text)
    __rt_SIGRTMEM_inner                      0x000015e5   Thumb Code    22  defsig_rtmem_inner.o(.text)
    __aeabi_errno_addr                       0x00001635   Thumb Code     8  rt_errno_addr.o(.text)
    __errno                                  0x00001635   Thumb Code     0  rt_errno_addr.o(.text)
    __rt_errno_addr                          0x00001635   Thumb Code     0  rt_errno_addr.o(.text)
    main                                     0x0000163d   Thumb Code    14  retarget.o(i.$Sub$$main)
    NVIC_SetVector                           0x0000164d   Thumb Code    42  cmsis_nvic.o(i.NVIC_SetVector)
    SystemInit                               0x0000167d   Thumb Code   146  system_LPC17xx.o(i.SystemInit)
    mbed::FileBase::getPathType()            0x00001739   Thumb Code     4  FileBase.o(i._ZN4mbed8FileBase11getPathTypeEv)
    mbed::FileBase::lookup(const char*, unsigned) 0x0000173d   Thumb Code    50  FileBase.o(i._ZN4mbed8FileBase6lookupEPKcj)
    mbed::FilePath::fileSystem()             0x00001775   Thumb Code    16  FilePath.o(i._ZN4mbed8FilePath10fileSystemEv)
    mbed::FilePath::isFileSystem()           0x00001785   Thumb Code    20  FilePath.o(i._ZN4mbed8FilePath12isFileSystemEv)
    mbed::FilePath::file()                   0x00001799   Thumb Code    22  FilePath.o(i._ZN4mbed8FilePath4fileEv)
    mbed::FilePath::exists()                 0x000017af   Thumb Code    10  FilePath.o(i._ZN4mbed8FilePath6existsEv)
    mbed::FilePath::isFile()                 0x000017b9   Thumb Code    22  FilePath.o(i._ZN4mbed8FilePath6isFileEv)
    mbed::FilePath::fileName()               0x000017cf   Thumb Code     4  FilePath.o(i._ZN4mbed8FilePath8fileNameEv)
    mbed::FilePath::FilePath(const char*)    0x000017d3   Thumb Code    62  FilePath.o(i._ZN4mbed8FilePathC1EPKc)
    mbed::FilePath::FilePath__sub_object(const char*) 0x000017d3   Thumb Code     0  FilePath.o(i._ZN4mbed8FilePathC1EPKc)
    __user_setup_stackheap                   0x00001811   Thumb Code    10  sys.o(i.__user_setup_stackheap)
    _sys_close                               0x00001821   Thumb Code    36  retarget.o(i._sys_close)
    _sys_flen                                0x00001849   Thumb Code    32  retarget.o(i._sys_flen)
    _sys_istty                               0x0000186d   Thumb Code    32  retarget.o(i._sys_istty)
    _sys_open                                0x00001891   Thumb Code   232  retarget.o(i._sys_open)
    _sys_seek                                0x00001985   Thumb Code    34  retarget.o(i._sys_seek)
    _sys_write                               0x000019ad   Thumb Code    72  retarget.o(i._sys_write)
    exit                                     0x00001a01   Thumb Code    20  exit.o(i.exit)
    fputc                                    0x00001a15   Thumb Code    26  fputc.o(i.fputc)
    gpio_dir                                 0x00001a2f   Thumb Code    28  gpio_api.o(i.gpio_dir)
    gpio_init                                0x00001a4b   Thumb Code    74  gpio_api.o(i.gpio_init)
    gpio_set                                 0x00001a95   Thumb Code    20  gpio_api.o(i.gpio_set)
    mbed_die                                 0x00001ab9   Thumb Code   126  board.o(i.mbed_die)
    mbed_interface_connected                 0x00001b3d   Thumb Code     4  mbed_interface.o(i.mbed_interface_connected)
    mbed_main                                0x00001b41   Thumb Code     2  retarget.o(i.mbed_main)
    pin_function                             0x00001b45   Thumb Code    42  pinmap.o(i.pin_function)
    pin_mode                                 0x00001b79   Thumb Code    76  pinmap.o(i.pin_mode)
    pinmap_merge                             0x00001bcd   Thumb Code    32  pinmap_common.o(i.pinmap_merge)
    pinmap_peripheral                        0x00001c05   Thumb Code    40  pinmap_common.o(i.pinmap_peripheral)
    pinmap_pinout                            0x00001c51   Thumb Code    58  pinmap_common.o(i.pinmap_pinout)
    semihost_connected                       0x00001ca5   Thumb Code    10  semihost_api.o(i.semihost_connected)
    semihost_exit                            0x00001cb5   Thumb Code    12  semihost_api.o(i.semihost_exit)
    serial_baud                              0x00001cc1   Thumb Code   396  serial_api.o(i.serial_baud)
    serial_format                            0x00001e6d   Thumb Code   110  serial_api.o(i.serial_format)
    serial_init                              0x00001f5d   Thumb Code   266  serial_api.o(i.serial_init)
    serial_putc                              0x0000209d   Thumb Code    14  serial_api.o(i.serial_putc)
    us_ticker_clear_interrupt                0x000020ad   Thumb Code     8  us_ticker.o(i.us_ticker_clear_interrupt)
    us_ticker_disable_interrupt              0x000020b9   Thumb Code    12  us_ticker.o(i.us_ticker_disable_interrupt)
    us_ticker_init                           0x000020c9   Thumb Code    72  us_ticker.o(i.us_ticker_init)
    us_ticker_irq_handler                    0x00002129   Thumb Code    60  us_ticker_api.o(i.us_ticker_irq_handler)
    us_ticker_read                           0x00002169   Thumb Code    18  us_ticker.o(i.us_ticker_read)
    us_ticker_set_interrupt                  0x00002185   Thumb Code    14  us_ticker.o(i.us_ticker_set_interrupt)
    wait                                     0x00002199   Thumb Code    20  wait_api.o(i.wait)
    wait_ms                                  0x000021b1   Thumb Code    10  wait_api.o(i.wait_ms)
    wait_us                                  0x000021bb   Thumb Code    22  wait_api.o(i.wait_us)
    _get_lc_ctype                            0x000021d1   Thumb Code    44  lc_ctype_c.o(locale$$code)
    __aeabi_fadd                             0x000021fd   Thumb Code     0  faddsub_clz.o(x$fpl$fadd)
    _fadd                                    0x000021fd   Thumb Code   196  faddsub_clz.o(x$fpl$fadd)
    __fpl_fcheck_NaN1                        0x000022c1   Thumb Code     6  fcheck1.o(x$fpl$fcheck1)
    __fpl_fcmp_Inf                           0x000022cd   Thumb Code    24  fcmpi.o(x$fpl$fcmpinf)
    __aeabi_fdiv                             0x000022e5   Thumb Code     0  fdiv.o(x$fpl$fdiv)
    _fdiv                                    0x000022e5   Thumb Code   384  fdiv.o(x$fpl$fdiv)
    __aeabi_f2iz                             0x00002469   Thumb Code     0  ffix.o(x$fpl$ffix)
    _ffix                                    0x00002469   Thumb Code    54  ffix.o(x$fpl$ffix)
    __aeabi_i2f                              0x000024a1   Thumb Code     0  fflt_clz.o(x$fpl$fflt)
    _fflt                                    0x000024a1   Thumb Code    48  fflt_clz.o(x$fpl$fflt)
    __aeabi_ui2f                             0x000024d1   Thumb Code     0  fflt_clz.o(x$fpl$ffltu)
    _ffltu                                   0x000024d1   Thumb Code    38  fflt_clz.o(x$fpl$ffltu)
    __aeabi_cfcmple                          0x000024f9   Thumb Code     0  fleqf.o(x$fpl$fleqf)
    _fcmple                                  0x000024f9   Thumb Code   104  fleqf.o(x$fpl$fleqf)
    __fpl_fcmple_InfNaN                      0x0000254b   Thumb Code     0  fleqf.o(x$fpl$fleqf)
    __aeabi_fmul                             0x00002561   Thumb Code     0  fmul.o(x$fpl$fmul)
    _fmul                                    0x00002561   Thumb Code   258  fmul.o(x$fpl$fmul)
    __fpl_fnaninf                            0x00002663   Thumb Code   140  fnaninf.o(x$fpl$fnaninf)
    __fpl_fretinf                            0x000026ef   Thumb Code    10  fretinf.o(x$fpl$fretinf)
    __aeabi_fsub                             0x000026f9   Thumb Code     0  faddsub_clz.o(x$fpl$fsub)
    _fsub                                    0x000026f9   Thumb Code   234  faddsub_clz.o(x$fpl$fsub)
    __fpl_return_NaN                         0x000027e3   Thumb Code   100  retnan.o(x$fpl$retnan)
    __ARM_scalbnf                            0x00002847   Thumb Code    76  scalbnf.o(x$fpl$scalbnf)
    __fpl_cmpreturn                          0x00002893   Thumb Code    48  trapv.o(x$fpl$trapveneer)
    __I$use$fp                               0x000028c2   Number         0  usenofp.o(x$fpl$usenofp)
    __stdin_name                             0x000028c2   Data           7  retarget.o(.constdata)
    __stdout_name                            0x000028c9   Data           8  retarget.o(.constdata)
    __stderr_name                            0x000028d1   Data           8  retarget.o(.constdata)
    Region$$Table$$Base                      0x000029dc   Number         0  anon$$obj.o(Region$$Table)
    Region$$Table$$Limit                     0x000029fc   Number         0  anon$$obj.o(Region$$Table)
    __ctype                                  0x00002a09   Data           0  lc_ctype_c.o(locale$$data)
    SHT$$INIT_ARRAY$$Base                    0x00002b0c   Number         0  main.o(.init_array)
    SHT$$INIT_ARRAY$$Limit                   0x00002b14   Number         0  foo.o(.init_array)
    foo()                                    0x00009001   Thumb Code    38  foo.o(.text)
    mbed::DigitalOut::operator =(int)        0x00009059   Thumb Code    28  foo.o(i._ZN4mbed10DigitalOutaSEi)
    SystemCoreClock                          0x100000c8   Data           4  system_LPC17xx.o(.data)
    stdio_uart_inited                        0x100000cc   Data           4  serial_api.o(.data)
    stdio_uart                               0x100000d4   Data           8  serial_api.o(.data)
    us_ticker_inited                         0x100000dc   Data           4  us_ticker.o(.data)
    mbed::FileBase::_head                    0x100000e0   Data           4  FileBase.o(.data)
    __aeabi_stdin                            0x100000ec   Data           4  stdio_streams.o(.data)
    __aeabi_stdout                           0x100000f0   Data           4  stdio_streams.o(.data)
    __aeabi_stderr                           0x100000f4   Data           4  stdio_streams.o(.data)
    myled                                    0x100000fc   Data          24  main.o(.bss)
    led                                      0x10000114   Data          24  foo.o(.bss)
    __stdin                                  0x1000016c   Data          84  stdio_streams.o(.bss)
    __stdout                                 0x100001c0   Data          84  stdio_streams.o(.bss)
    __stderr                                 0x10000214   Data          84  stdio_streams.o(.bss)
    Image$$RW_IRAM1$$ZI$$Limit               0x10000284   Number         0  rt_errno_addr.o(.bss)



==============================================================================

Memory Map of the image

  Image Entry point : 0x000000c5

  Load Region LR_IROM1 (Base: 0x00000000, Size: 0x000090a8, Max: 0x00080000, ABSOLUTE)

    Execution Region ER_IROM1 (Base: 0x00000000, Size: 0x00002b14, Max: 0x00008000, ABSOLUTE)

    Base Addr    Size         Type   Attr      Idx    E Section Name        Object

    0x00000000   0x000000c4   Data   RO          522    RESET               startup_LPC17xx.o
    0x000000c4   0x00000008   Code   RO         1005  * !!!main             c_w.l(__main.o)
    0x000000cc   0x00000034   Code   RO         1594    !!!scatter          c_w.l(__scatter.o)
    0x00000100   0x0000001a   Code   RO         1596    !!handler_copy      c_w.l(__scatter_copy.o)
    0x0000011a   0x00000002   PAD
    0x0000011c   0x0000001c   Code   RO         1598    !!handler_zi        c_w.l(__scatter_zi.o)
    0x00000138   0x00000000   Code   RO          986    .ARM.Collect$$_printf_percent$$00000000  c_w.l(_printf_percent.o)
    0x00000138   0x00000006   Code   RO          985    .ARM.Collect$$_printf_percent$$00000009  c_w.l(_printf_d.o)
    0x0000013e   0x00000006   Code   RO          984    .ARM.Collect$$_printf_percent$$0000000C  c_w.l(_printf_x.o)
    0x00000144   0x00000004   Code   RO         1225    .ARM.Collect$$_printf_percent$$00000017  c_w.l(_printf_percent_end.o)
    0x00000148   0x00000002   Code   RO         1501    .ARM.Collect$$libinit$$00000000  c_w.l(libinit.o)
    0x0000014a   0x00000000   Code   RO         1243    .ARM.Collect$$libinit$$00000002  c_w.l(libinit2.o)
    0x0000014a   0x00000008   Code   RO         1244    .ARM.Collect$$libinit$$00000003  c_w.l(libinit2.o)
    0x00000152   0x00000000   Code   RO         1246    .ARM.Collect$$libinit$$00000008  c_w.l(libinit2.o)
    0x00000152   0x00000000   Code   RO         1248    .ARM.Collect$$libinit$$0000000A  c_w.l(libinit2.o)
    0x00000152   0x00000000   Code   RO         1250    .ARM.Collect$$libinit$$0000000C  c_w.l(libinit2.o)
    0x00000152   0x00000006   Code   RO         1251    .ARM.Collect$$libinit$$0000000D  c_w.l(libinit2.o)
    0x00000158   0x00000000   Code   RO         1253    .ARM.Collect$$libinit$$0000000F  c_w.l(libinit2.o)
    0x00000158   0x0000000c   Code   RO         1254    .ARM.Collect$$libinit$$00000010  c_w.l(libinit2.o)
    0x00000164   0x00000000   Code   RO         1255    .ARM.Collect$$libinit$$00000011  c_w.l(libinit2.o)
    0x00000164   0x00000000   Code   RO         1257    .ARM.Collect$$libinit$$00000013  c_w.l(libinit2.o)
    0x00000164   0x00000000   Code   RO         1259    .ARM.Collect$$libinit$$00000015  c_w.l(libinit2.o)
    0x00000164   0x00000000   Code   RO         1261    .ARM.Collect$$libinit$$00000017  c_w.l(libinit2.o)
    0x00000164   0x00000000   Code   RO         1263    .ARM.Collect$$libinit$$00000019  c_w.l(libinit2.o)
    0x00000164   0x00000000   Code   RO         1265    .ARM.Collect$$libinit$$0000001B  c_w.l(libinit2.o)
    0x00000164   0x00000000   Code   RO         1267    .ARM.Collect$$libinit$$0000001D  c_w.l(libinit2.o)
    0x00000164   0x00000000   Code   RO         1269    .ARM.Collect$$libinit$$0000001F  c_w.l(libinit2.o)
    0x00000164   0x00000000   Code   RO         1271    .ARM.Collect$$libinit$$00000021  c_w.l(libinit2.o)
    0x00000164   0x00000004   Code   RO         1272    .ARM.Collect$$libinit$$00000022  c_w.l(libinit2.o)
    0x00000168   0x00000000   Code   RO         1273    .ARM.Collect$$libinit$$00000023  c_w.l(libinit2.o)
    0x00000168   0x00000000   Code   RO         1277    .ARM.Collect$$libinit$$0000002A  c_w.l(libinit2.o)
    0x00000168   0x00000000   Code   RO         1279    .ARM.Collect$$libinit$$0000002C  c_w.l(libinit2.o)
    0x00000168   0x00000000   Code   RO         1281    .ARM.Collect$$libinit$$0000002E  c_w.l(libinit2.o)
    0x00000168   0x00000004   Code   RO         1282    .ARM.Collect$$libinit$$0000002F  c_w.l(libinit2.o)
    0x0000016c   0x00000000   Code   RO         1283    .ARM.Collect$$libinit$$00000030  c_w.l(libinit2.o)
    0x0000016c   0x00000002   Code   RO         1284    .ARM.Collect$$libinit$$00000031  c_w.l(libinit2.o)
    0x0000016e   0x00000000   Code   RO         1416    .ARM.Collect$$libshutdown$$00000003  c_w.l(libshutdown2.o)
    0x0000016e   0x00000000   Code   RO         1149    .ARM.Collect$$rtentry$$00000000  c_w.l(rtentry.o)
    0x0000016e   0x00000000   Code   RO         1328    .ARM.Collect$$rtentry$$00000002  c_w.l(rtentry2.o)
    0x0000016e   0x00000006   Code   RO         1340    .ARM.Collect$$rtentry$$00000004  c_w.l(rtentry4.o)
    0x00000174   0x00000000   Code   RO         1330    .ARM.Collect$$rtentry$$00000009  c_w.l(rtentry2.o)
    0x00000174   0x00000004   Code   RO         1331    .ARM.Collect$$rtentry$$0000000A  c_w.l(rtentry2.o)
    0x00000178   0x00000000   Code   RO         1333    .ARM.Collect$$rtentry$$0000000C  c_w.l(rtentry2.o)
    0x00000178   0x00000008   Code   RO         1334    .ARM.Collect$$rtentry$$0000000D  c_w.l(rtentry2.o)
    0x00000180   0x00000000   Code   RO         1457    .emb_text           c_w.l(maybetermalloc1.o)
    0x00000180   0x00000100   Code   RO            3    .text               main.o
    0x00000280   0x00000024   Code   RO          524    .text               startup_LPC17xx.o
    0x000002a4   0x00000018   Code   RO          935    .text               c_w.l(noretval__2printf.o)
    0x000002bc   0x00000014   Code   RO          937    .text               c_w.l(noretval__2fprintf.o)
    0x000002d0   0x00000024   Code   RO         1010    .text               c_w.l(init_aeabi.o)
    0x000002f4   0x00000008   Code   RO         1346    .text               c_w.l(rt_heap_descriptor.o)
    0x000002fc   0x00000004   Code   RO          523    .ARM.__at_0x02FC    startup_LPC17xx.o
    0x00000300   0x00000068   Code   RO          939    .text               c_w.l(__printf.o)
    0x00000368   0x00000078   Code   RO          941    .text               c_w.l(_printf_dec.o)
    0x000003e0   0x0000005c   Code   RO          946    .text               c_w.l(_printf_hex_int.o)
    0x0000043c   0x0000003c   Code   RO          987    .text               c_w.l(__0sscanf.o)
    0x00000478   0x00000150   Code   RO          989    .text               c_w.l(_scanf_int.o)
    0x000005c8   0x0000003e   Code   RO          997    .text               c_w.l(strlen.o)
    0x00000606   0x00000096   Code   RO          999    .text               c_w.l(strncmp.o)
    0x0000069c   0x00000080   Code   RO         1003    .text               c_w.l(strcmpv7m.o)
    0x0000071c   0x0000005e   Code   RO         1163    .text               c_w.l(h1_alloc.o)
    0x0000077a   0x0000004e   Code   RO         1165    .text               c_w.l(h1_free.o)
    0x000007c8   0x000000b8   Code   RO         1221    .text               c_w.l(_printf_intcommon.o)
    0x00000880   0x00000024   Code   RO         1223    .text               c_w.l(_printf_char_file.o)
    0x000008a4   0x0000001c   Code   RO         1226    .text               c_w.l(_chval.o)
    0x000008c0   0x0000002c   Code   RO         1228    .text               c_w.l(scanf_char.o)
    0x000008ec   0x00000040   Code   RO         1230    .text               c_w.l(_sgetc.o)
    0x0000092c   0x00000138   Code   RO         1232    .text               c_w.l(initio.o)
    0x00000a64   0x00000004   Code   RO         1351    .text               c_w.l(hguard.o)
    0x00000a68   0x0000008a   Code   RO         1353    .text               c_w.l(init_alloc.o)
    0x00000af2   0x0000000e   Code   RO         1357    .text               c_w.l(h1_init.o)
    0x00000b00   0x00000012   Code   RO         1371    .text               c_w.l(isspace.o)
    0x00000b12   0x00000002   PAD
    0x00000b14   0x00000030   Code   RO         1373    .text               c_w.l(_printf_char_common.o)
    0x00000b44   0x00000370   Code   RO         1375    .text               c_w.l(_scanf.o)
    0x00000eb4   0x00000008   Code   RO         1377    .text               c_w.l(ferror.o)
    0x00000ebc   0x00000046   Code   RO         1383    .text               c_w.l(setvbuf.o)
    0x00000f02   0x00000002   PAD
    0x00000f04   0x000000ec   Code   RO         1386    .text               c_w.l(fopen.o)
    0x00000ff0   0x0000004c   Code   RO         1388    .text               c_w.l(fclose.o)
    0x0000103c   0x0000000a   Code   RO         1398    .text               c_w.l(defsig_exit.o)
    0x00001046   0x0000000e   Code   RO         1400    .text               c_w.l(defsig_rtred_outer.o)
    0x00001054   0x0000004e   Code   RO         1408    .text               c_w.l(rt_memclr_w.o)
    0x000010a2   0x00000002   PAD
    0x000010a4   0x0000000c   Code   RO         1451    .text               c_w.l(sys_exit.o)
    0x000010b0   0x00000010   Code   RO         1453    .text               c_w.l(rt_ctype_table.o)
    0x000010c0   0x00000034   Code   RO         1459    .text               c_w.l(h1_extend.o)
    0x000010f4   0x000001de   Code   RO         1465    .text               c_w.l(flsbuf.o)
    0x000012d2   0x00000002   PAD
    0x000012d4   0x000000f8   Code   RO         1467    .text               c_w.l(fseek.o)
    0x000013cc   0x000000f0   Code   RO         1469    .text               c_w.l(stdio.o)
    0x000014bc   0x00000032   Code   RO         1475    .text               c_w.l(defsig_general.o)
    0x000014ee   0x00000002   PAD
    0x000014f0   0x00000034   Code   RO         1481    .text               c_w.l(defsig_rtred_inner.o)
    0x00001524   0x0000000e   Code   RO         1483    .text               c_w.l(defsig_rtmem_outer.o)
    0x00001532   0x00000002   PAD
    0x00001534   0x00000050   Code   RO         1487    .text               c_w.l(heapauxa.o)
    0x00001584   0x0000000e   Code   RO         1518    .text               c_w.l(sys_wrch.o)
    0x00001592   0x00000002   Code   RO         1520    .text               c_w.l(use_no_semi.o)
    0x00001594   0x00000000   Code   RO         1522    .text               c_w.l(indicate_semi.o)
    0x00001594   0x00000008   Code   RO         1523    .text               c_w.l(rt_locale.o)
    0x0000159c   0x00000046   Code   RO         1537    .text               c_w.l(ftell.o)
    0x000015e2   0x00000002   PAD
    0x000015e4   0x00000050   Code   RO         1554    .text               c_w.l(defsig_rtmem_inner.o)
    0x00001634   0x00000008   Code   RO         1563    .text               c_w.l(rt_errno_addr.o)
    0x0000163c   0x0000000e   Code   RO          528    i.$Sub$$main        retarget.o
    0x0000164a   0x00000002   PAD
    0x0000164c   0x00000030   Code   RO          508    i.NVIC_SetVector    cmsis_nvic.o
    0x0000167c   0x0000009c   Code   RO          516    i.SystemInit        system_LPC17xx.o
    0x00001718   0x00000020   Code   RO          529    i._Z11init_serialv  retarget.o
    0x00001738   0x00000004   Code   RO          886    i._ZN4mbed8FileBase11getPathTypeEv  mbed.ar(FileBase.o)
    0x0000173c   0x00000038   Code   RO          888    i._ZN4mbed8FileBase6lookupEPKcj  mbed.ar(FileBase.o)
    0x00001774   0x00000010   Code   RO          702    i._ZN4mbed8FilePath10fileSystemEv  mbed.ar(FilePath.o)
    0x00001784   0x00000014   Code   RO          703    i._ZN4mbed8FilePath12isFileSystemEv  mbed.ar(FilePath.o)
    0x00001798   0x00000016   Code   RO          704    i._ZN4mbed8FilePath4fileEv  mbed.ar(FilePath.o)
    0x000017ae   0x0000000a   Code   RO          705    i._ZN4mbed8FilePath6existsEv  mbed.ar(FilePath.o)
    0x000017b8   0x00000016   Code   RO          706    i._ZN4mbed8FilePath6isFileEv  mbed.ar(FilePath.o)
    0x000017ce   0x00000004   Code   RO          707    i._ZN4mbed8FilePath8fileNameEv  mbed.ar(FilePath.o)
    0x000017d2   0x0000003e   Code   RO          708    i._ZN4mbed8FilePathC1EPKc  mbed.ar(FilePath.o)
    0x00001810   0x00000010   Code   RO          502    i.__user_setup_stackheap  sys.o
    0x00001820   0x00000028   Code   RO          532    i._sys_close        retarget.o
    0x00001848   0x00000024   Code   RO          535    i._sys_flen         retarget.o
    0x0000186c   0x00000024   Code   RO          536    i._sys_istty        retarget.o
    0x00001890   0x000000f4   Code   RO          537    i._sys_open         retarget.o
    0x00001984   0x00000028   Code   RO          539    i._sys_seek         retarget.o
    0x000019ac   0x00000054   Code   RO          540    i._sys_write        retarget.o
    0x00001a00   0x00000014   Code   RO          690    i.exit              mbed.ar(exit.o)
    0x00001a14   0x0000001a   Code   RO         1380    i.fputc             c_w.l(fputc.o)
    0x00001a2e   0x0000001c   Code   RO          633    i.gpio_dir          mbed.ar(gpio_api.o)
    0x00001a4a   0x0000004a   Code   RO          634    i.gpio_init         mbed.ar(gpio_api.o)
    0x00001a94   0x00000014   Code   RO          636    i.gpio_set          mbed.ar(gpio_api.o)
    0x00001aa8   0x0000000e   Code   RO          810    i.gpio_write        mbed.ar(board.o)
    0x00001ab6   0x00000002   PAD
    0x00001ab8   0x00000084   Code   RO          811    i.mbed_die          mbed.ar(board.o)
    0x00001b3c   0x00000004   Code   RO          818    i.mbed_interface_connected  mbed.ar(mbed_interface.o)
    0x00001b40   0x00000002   Code   RO          542    i.mbed_main         retarget.o
    0x00001b42   0x00000002   PAD
    0x00001b44   0x00000034   Code   RO          787    i.pin_function      mbed.ar(pinmap.o)
    0x00001b78   0x00000054   Code   RO          788    i.pin_mode          mbed.ar(pinmap.o)
    0x00001bcc   0x00000038   Code   RO          838    i.pinmap_merge      mbed.ar(pinmap_common.o)
    0x00001c04   0x0000004c   Code   RO          839    i.pinmap_peripheral  mbed.ar(pinmap_common.o)
    0x00001c50   0x00000054   Code   RO          840    i.pinmap_pinout     mbed.ar(pinmap_common.o)
    0x00001ca4   0x00000010   Code   RO          849    i.semihost_connected  mbed.ar(semihost_api.o)
    0x00001cb4   0x0000000c   Code   RO          852    i.semihost_exit     mbed.ar(semihost_api.o)
    0x00001cc0   0x000001ac   Code   RO          645    i.serial_baud       mbed.ar(serial_api.o)
    0x00001e6c   0x000000f0   Code   RO          649    i.serial_format     mbed.ar(serial_api.o)
    0x00001f5c   0x00000140   Code   RO          652    i.serial_init       mbed.ar(serial_api.o)
    0x0000209c   0x0000000e   Code   RO          656    i.serial_putc       mbed.ar(serial_api.o)
    0x000020aa   0x00000002   PAD
    0x000020ac   0x0000000c   Code   RO          795    i.us_ticker_clear_interrupt  mbed.ar(us_ticker.o)
    0x000020b8   0x00000010   Code   RO          796    i.us_ticker_disable_interrupt  mbed.ar(us_ticker.o)
    0x000020c8   0x00000060   Code   RO          797    i.us_ticker_init    mbed.ar(us_ticker.o)
    0x00002128   0x00000040   Code   RO          917    i.us_ticker_irq_handler  mbed.ar(us_ticker_api.o)
    0x00002168   0x0000001c   Code   RO          798    i.us_ticker_read    mbed.ar(us_ticker.o)
    0x00002184   0x00000014   Code   RO          799    i.us_ticker_set_interrupt  mbed.ar(us_ticker.o)
    0x00002198   0x00000018   Code   RO          694    i.wait              mbed.ar(wait_api.o)
    0x000021b0   0x0000000a   Code   RO          695    i.wait_ms           mbed.ar(wait_api.o)
    0x000021ba   0x00000016   Code   RO          696    i.wait_us           mbed.ar(wait_api.o)
    0x000021d0   0x0000002c   Code   RO         1544    locale$$code        c_w.l(lc_ctype_c.o)
    0x000021fc   0x000000c4   Code   RO         1123    x$fpl$fadd          fz_ws.l(faddsub_clz.o)
    0x000022c0   0x0000000c   Code   RO         1313    x$fpl$fcheck1       fz_ws.l(fcheck1.o)
    0x000022cc   0x00000018   Code   RO         1315    x$fpl$fcmpinf       fz_ws.l(fcmpi.o)
    0x000022e4   0x00000184   Code   RO         1130    x$fpl$fdiv          fz_ws.l(fdiv.o)
    0x00002468   0x00000036   Code   RO         1133    x$fpl$ffix          fz_ws.l(ffix.o)
    0x0000249e   0x00000002   PAD
    0x000024a0   0x00000030   Code   RO         1138    x$fpl$fflt          fz_ws.l(fflt_clz.o)
    0x000024d0   0x00000026   Code   RO         1137    x$fpl$ffltu         fz_ws.l(fflt_clz.o)
    0x000024f6   0x00000002   PAD
    0x000024f8   0x00000068   Code   RO         1143    x$fpl$fleqf         fz_ws.l(fleqf.o)
    0x00002560   0x00000102   Code   RO         1145    x$fpl$fmul          fz_ws.l(fmul.o)
    0x00002662   0x0000008c   Code   RO         1317    x$fpl$fnaninf       fz_ws.l(fnaninf.o)
    0x000026ee   0x0000000a   Code   RO         1319    x$fpl$fretinf       fz_ws.l(fretinf.o)
    0x000026f8   0x000000ea   Code   RO         1125    x$fpl$fsub          fz_ws.l(faddsub_clz.o)
    0x000027e2   0x00000064   Code   RO         1449    x$fpl$retnan        fz_ws.l(retnan.o)
    0x00002846   0x0000004c   Code   RO         1147    x$fpl$scalbnf       fz_ws.l(scalbnf.o)
    0x00002892   0x00000030   Code   RO         1516    x$fpl$trapveneer    fz_ws.l(trapv.o)
    0x000028c2   0x00000000   Code   RO         1321    x$fpl$usenofp       fz_ws.l(usenofp.o)
    0x000028c2   0x00000017   Data   RO          579    .constdata          retarget.o
    0x000028d9   0x00000003   PAD
    0x000028dc   0x000000d8   Data   RO          665    .constdata          mbed.ar(serial_api.o)
    0x000029b4   0x00000028   Data   RO          947    .constdata          c_w.l(_printf_hex_int.o)
    0x000029dc   0x00000020   Data   RO         1592    Region$$Table       anon$$obj.o
    0x000029fc   0x00000110   Data   RO         1543    locale$$data        c_w.l(lc_ctype_c.o)
    0x00002b0c   0x00000004   Data   RO            6    .init_array         main.o
    0x00002b10   0x00000004   Data   RO          272    .init_array         foo.o


    Execution Region ER_IROM2 (Base: 0x00009000, Size: 0x00000074, Max: 0xffffffff, ABSOLUTE, FIXED)

    Base Addr    Size         Type   Attr      Idx    E Section Name        Object

    0x00009000   0x00000058   Code   RO          269    .text               foo.o
    0x00009058   0x0000001c   Code   RO          289    i._ZN4mbed10DigitalOutaSEi  foo.o


    Execution Region RW_IRAM1 (Base: 0x100000c8, Size: 0x000001bc, Max: 0x00007f38, ABSOLUTE)

    Base Addr    Size         Type   Attr      Idx    E Section Name        Object

    0x100000c8   0x00000004   Data   RW          517    .data               system_LPC17xx.o
    0x100000cc   0x00000010   Data   RW          666    .data               mbed.ar(serial_api.o)
    0x100000dc   0x00000004   Data   RW          800    .data               mbed.ar(us_ticker.o)
    0x100000e0   0x00000004   Data   RW          900    .data               mbed.ar(FileBase.o)
    0x100000e4   0x00000008   Data   RW          920    .data               mbed.ar(us_ticker_api.o)
    0x100000ec   0x00000004   Data   RW          994    .data               c_w.l(stdio_streams.o)
    0x100000f0   0x00000004   Data   RW          995    .data               c_w.l(stdio_streams.o)
    0x100000f4   0x00000004   Data   RW          996    .data               c_w.l(stdio_streams.o)
    0x100000f8   0x00000004   Data   RW         1488    .data               c_w.l(heapauxa.o)
    0x100000fc   0x00000018   Zero   RW            5    .bss                main.o
    0x10000114   0x00000018   Zero   RW          271    .bss                foo.o
    0x1000012c   0x00000040   Zero   RW          578    .bss                retarget.o
    0x1000016c   0x00000054   Zero   RW          991    .bss                c_w.l(stdio_streams.o)
    0x100001c0   0x00000054   Zero   RW          992    .bss                c_w.l(stdio_streams.o)
    0x10000214   0x00000054   Zero   RW          993    .bss                c_w.l(stdio_streams.o)
    0x10000268   0x00000004   Zero   RW         1347    .bss                c_w.l(rt_heap_descriptor.o)
    0x1000026c   0x00000014   Zero   RW         1524    .bss                c_w.l(rt_locale.o)
    0x10000280   0x00000004   Zero   RW         1564    .bss                c_w.l(rt_errno_addr.o)


    Execution Region RW_IRAM2 (Base: 0x2007c000, Size: 0x00000000, Max: 0x00004000, ABSOLUTE)

    **** No section assigned to this execution region ****


    Execution Region RW_IRAM3 (Base: 0x20080000, Size: 0x00000000, Max: 0x00004000, ABSOLUTE)

    **** No section assigned to this execution region ****


    Execution Region RW_IRAM4 (Base: 0x40038000, Size: 0x00000000, Max: 0x00000800, ABSOLUTE)

    **** No section assigned to this execution region ****


==============================================================================

Image component sizes


      Code (inc. data)   RO Data    RW Data    ZI Data      Debug   Object Name

        48          6          0          0          0         84   cmsis_nvic.o
       116         30          4          0         24       5424   foo.o
       256        114          4          0         24       9273   main.o
       528         54         23          0         64        652   retarget.o
        40         12        196          0          0        228   startup_LPC17xx.o
        16          6          0          0          0         68   sys.o
       156         10          0          4          0         76   system_LPC17xx.o

    ----------------------------------------------------------------------
      1164        232        262          4        112      15805   Object Totals
         0          0         32          0          0          0   (incl. Generated)
         4          0          3          0          0          0   (incl. Padding)

    ----------------------------------------------------------------------

      Code (inc. data)   RO Data    RW Data    ZI Data      Debug   Library Member Name

        60          8          0          0          0         84   __0sscanf.o
         8          0          0          0          0         68   __main.o
       104          0          0          0          0         84   __printf.o
        52          8          0          0          0          0   __scatter.o
        26          0          0          0          0          0   __scatter_copy.o
        28          0          0          0          0          0   __scatter_zi.o
        28          0          0          0          0         68   _chval.o
        48          6          0          0          0         96   _printf_char_common.o
        36          4          0          0          0         80   _printf_char_file.o
         6          0          0          0          0          0   _printf_d.o
       120         18          0          0          0         92   _printf_dec.o
        92          4         40          0          0         88   _printf_hex_int.o
       184          0          0          0          0         88   _printf_intcommon.o
         0          0          0          0          0          0   _printf_percent.o
         4          0          0          0          0          0   _printf_percent_end.o
         6          0          0          0          0          0   _printf_x.o
       880          4          0          0          0        100   _scanf.o
       336          0          0          0          0         96   _scanf_int.o
        64          0          0          0          0         84   _sgetc.o
        10          0          0          0          0         68   defsig_exit.o
        50          0          0          0          0         88   defsig_general.o
        80         58          0          0          0         76   defsig_rtmem_inner.o
        14          0          0          0          0         80   defsig_rtmem_outer.o
        52         38          0          0          0         76   defsig_rtred_inner.o
        14          0          0          0          0         80   defsig_rtred_outer.o
        76          0          0          0          0         88   fclose.o
         8          0          0          0          0         68   ferror.o
       478          0          0          0          0         88   flsbuf.o
       236          4          0          0          0        128   fopen.o
        26          0          0          0          0         68   fputc.o
       248          6          0          0          0         84   fseek.o
        70          0          0          0          0         76   ftell.o
        94          0          0          0          0         80   h1_alloc.o
        52          0          0          0          0         68   h1_extend.o
        78          0          0          0          0         80   h1_free.o
        14          0          0          0          0         84   h1_init.o
        80          6          0          4          0         96   heapauxa.o
         4          0          0          0          0        136   hguard.o
         0          0          0          0          0          0   indicate_semi.o
        36         10          0          0          0         80   init_aeabi.o
       138          0          0          0          0        168   init_alloc.o
       312         46          0          0          0        112   initio.o
        18          0          0          0          0         76   isspace.o
        44         10        272          0          0         76   lc_ctype_c.o
         2          0          0          0          0          0   libinit.o
        36          0          0          0          0          0   libinit2.o
         0          0          0          0          0          0   libshutdown2.o
         0          0          0          0          0          0   maybetermalloc1.o
        20          0          0          0          0         84   noretval__2fprintf.o
        24          4          0          0          0         84   noretval__2printf.o
        16          4          0          0          0         76   rt_ctype_table.o
         8          4          0          0          4         68   rt_errno_addr.o
         8          4          0          0          4         68   rt_heap_descriptor.o
         8          4          0          0         20         68   rt_locale.o
        78          0          0          0          0         80   rt_memclr_w.o
         0          0          0          0          0          0   rtentry.o
        12          0          0          0          0          0   rtentry2.o
         6          0          0          0          0          0   rtentry4.o
        44          8          0          0          0         84   scanf_char.o
        70          0          0          0          0         80   setvbuf.o
       240          6          0          0          0        156   stdio.o
         0          0          0         12        252          0   stdio_streams.o
       128          0          0          0          0         68   strcmpv7m.o
        62          0          0          0          0         76   strlen.o
       150          0          0          0          0         80   strncmp.o
        12          4          0          0          0         68   sys_exit.o
        14          0          0          0          0         76   sys_wrch.o
         2          0          0          0          0         68   use_no_semi.o
       430          8          0          0          0        168   faddsub_clz.o
        12          4          0          0          0         68   fcheck1.o
        24          0          0          0          0         68   fcmpi.o
       388         76          0          0          0         96   fdiv.o
        54          4          0          0          0         84   ffix.o
        86          0          0          0          0        136   fflt_clz.o
       104          4          0          0          0         84   fleqf.o
       258          4          0          0          0         84   fmul.o
       140          4          0          0          0         84   fnaninf.o
        10          0          0          0          0         68   fretinf.o
       100          0          0          0          0         68   retnan.o
        76          0          0          0          0         68   scalbnf.o
        48          0          0          0          0         68   trapv.o
         0          0          0          0          0          0   usenofp.o
        60          6          0          4          0        148   FileBase.o
       156          0          0          0          0        516   FilePath.o
       146          6          0          0          0        144   board.o
        20          0          0          0          0         72   exit.o
       122          0          0          0          0        236   gpio_api.o
         4          0          0          0          0         68   mbed_interface.o
       136         18          0          0          0        160   pinmap.o
       216         86          0          0          0        236   pinmap_common.o
        28          6          0          0          0        148   semihost_api.o
      1002        222        216         16          0        336   serial_api.o
       172         48          0          4          0        356   us_ticker.o
        64          4          0          8          0         88   us_ticker_api.o
        56          4          0          0          0        228   wait_api.o

    ----------------------------------------------------------------------
      9190        772        528         48        280       8316   Library Totals
        24          0          0          0          0          0   (incl. Padding)

    ----------------------------------------------------------------------

      Code (inc. data)   RO Data    RW Data    ZI Data      Debug   Library Name

      5254        268        312         16        280       4436   c_w.l
      1730        104          0          0          0       1144   fz_ws.l
      2182        400        216         32          0       2736   mbed.ar

    ----------------------------------------------------------------------
      9190        772        528         48        280       8316   Library Totals

    ----------------------------------------------------------------------

==============================================================================


      Code (inc. data)   RO Data    RW Data    ZI Data      Debug   

     10354       1004        790         52        392      18245   Grand Totals
     10354       1004        790         52        392      18245   ELF Image Totals
     10354       1004        790         52          0          0   ROM Totals

==============================================================================

    Total RO  Size (Code + RO Data)                11144 (  10.88kB)
    Total RW  Size (RW Data + ZI Data)               444 (   0.43kB)
    Total ROM Size (Code + RO Data + RW Data)      11196 (  10.93kB)

==============================================================================

